../Drivers/STM32F0xx_HAL_Driver/Src/stm32f0xx_hal_flash.c:663:13:FLASH_SetErrorCode	12	static
../Drivers/STM32F0xx_HAL_Driver/Src/stm32f0xx_hal_flash.c:239:19:HAL_FLASH_Program_IT	20	static
../Drivers/STM32F0xx_HAL_Driver/Src/stm32f0xx_hal_flash.c:428:13:HAL_FLASH_EndOfOperationCallback	0	static
../Drivers/STM32F0xx_HAL_Driver/Src/stm32f0xx_hal_flash.c:446:13:HAL_FLASH_OperationErrorCallback	0	static
../Drivers/STM32F0xx_HAL_Driver/Src/stm32f0xx_hal_flash.c:285:6:HAL_FLASH_IRQHandler	24	static
../Drivers/STM32F0xx_HAL_Driver/Src/stm32f0xx_hal_flash.c:479:19:HAL_FLASH_Unlock	0	static
../Drivers/STM32F0xx_HAL_Driver/Src/stm32f0xx_hal_flash.c:503:19:HAL_FLASH_Lock	0	static
../Drivers/STM32F0xx_HAL_Driver/Src/stm32f0xx_hal_flash.c:515:19:HAL_FLASH_OB_Unlock	8	static
../Drivers/STM32F0xx_HAL_Driver/Src/stm32f0xx_hal_flash.c:535:19:HAL_FLASH_OB_Lock	0	static
../Drivers/STM32F0xx_HAL_Driver/Src/stm32f0xx_hal_flash.c:580:10:HAL_FLASH_GetError	0	static
../Drivers/STM32F0xx_HAL_Driver/Src/stm32f0xx_hal_flash.c:620:19:FLASH_WaitForLastOperation	16	static
../Drivers/STM32F0xx_HAL_Driver/Src/stm32f0xx_hal_flash.c:167:19:HAL_FLASH_Program	40	static
../Drivers/STM32F0xx_HAL_Driver/Src/stm32f0xx_hal_flash.c:548:19:HAL_FLASH_OB_Launch	8	static
