../Drivers/STM32F0xx_HAL_Driver/Src/stm32f0xx_hal_uart.c:3484:13:UART_EndRxTransfer	12	static,ignoring_inline_asm
../Drivers/STM32F0xx_HAL_Driver/Src/stm32f0xx_hal_uart.c:3879:13:UART_TxISR_8BIT.part.0	12	static,ignoring_inline_asm
../Drivers/STM32F0xx_HAL_Driver/Src/stm32f0xx_hal_uart.c:3879:13:UART_TxISR_8BIT	8	static
../Drivers/STM32F0xx_HAL_Driver/Src/stm32f0xx_hal_uart.c:3908:13:UART_TxISR_16BIT	8	static
../Drivers/STM32F0xx_HAL_Driver/Src/stm32f0xx_hal_uart.c:712:13:HAL_UART_MspInit	0	static
../Drivers/STM32F0xx_HAL_Driver/Src/stm32f0xx_hal_uart.c:727:13:HAL_UART_MspDeInit	0	static
../Drivers/STM32F0xx_HAL_Driver/Src/stm32f0xx_hal_uart.c:666:19:HAL_UART_DeInit	16	static
../Drivers/STM32F0xx_HAL_Driver/Src/stm32f0xx_hal_uart.c:1356:19:HAL_UART_Transmit_IT	16	static,ignoring_inline_asm
../Drivers/STM32F0xx_HAL_Driver/Src/stm32f0xx_hal_uart.c:1481:19:HAL_UART_Transmit_DMA	32	static,ignoring_inline_asm
../Drivers/STM32F0xx_HAL_Driver/Src/stm32f0xx_hal_uart.c:1619:19:HAL_UART_DMAPause	20	static,ignoring_inline_asm
../Drivers/STM32F0xx_HAL_Driver/Src/stm32f0xx_hal_uart.c:1653:19:HAL_UART_DMAResume	16	static,ignoring_inline_asm
../Drivers/STM32F0xx_HAL_Driver/Src/stm32f0xx_hal_uart.c:1685:19:HAL_UART_DMAStop	16	static,ignoring_inline_asm
../Drivers/STM32F0xx_HAL_Driver/Src/stm32f0xx_hal_uart.c:1760:19:HAL_UART_Abort	16	static,ignoring_inline_asm
../Drivers/STM32F0xx_HAL_Driver/Src/stm32f0xx_hal_uart.c:1855:19:HAL_UART_AbortTransmit	16	static,ignoring_inline_asm
../Drivers/STM32F0xx_HAL_Driver/Src/stm32f0xx_hal_uart.c:1907:19:HAL_UART_AbortReceive	16	static,ignoring_inline_asm
../Drivers/STM32F0xx_HAL_Driver/Src/stm32f0xx_hal_uart.c:2591:13:HAL_UART_TxCpltCallback	0	static
../Drivers/STM32F0xx_HAL_Driver/Src/stm32f0xx_hal_uart.c:3510:13:UART_DMATransmitCplt	16	static,ignoring_inline_asm
../Drivers/STM32F0xx_HAL_Driver/Src/stm32f0xx_hal_uart.c:2606:13:HAL_UART_TxHalfCpltCallback	0	static
../Drivers/STM32F0xx_HAL_Driver/Src/stm32f0xx_hal_uart.c:3544:13:UART_DMATxHalfCplt	8	static
../Drivers/STM32F0xx_HAL_Driver/Src/stm32f0xx_hal_uart.c:2621:13:HAL_UART_RxCpltCallback	0	static
../Drivers/STM32F0xx_HAL_Driver/Src/stm32f0xx_hal_uart.c:2636:13:HAL_UART_RxHalfCpltCallback	0	static
../Drivers/STM32F0xx_HAL_Driver/Src/stm32f0xx_hal_uart.c:2651:13:HAL_UART_ErrorCallback	0	static
../Drivers/STM32F0xx_HAL_Driver/Src/stm32f0xx_hal_uart.c:3653:13:UART_DMAError	16	static,ignoring_inline_asm
../Drivers/STM32F0xx_HAL_Driver/Src/stm32f0xx_hal_uart.c:3693:13:UART_DMAAbortOnError	8	static
../Drivers/STM32F0xx_HAL_Driver/Src/stm32f0xx_hal_uart.c:2666:13:HAL_UART_AbortCpltCallback	0	static
../Drivers/STM32F0xx_HAL_Driver/Src/stm32f0xx_hal_uart.c:1974:19:HAL_UART_Abort_IT	16	static,ignoring_inline_asm
../Drivers/STM32F0xx_HAL_Driver/Src/stm32f0xx_hal_uart.c:3766:13:UART_DMARxAbortCallback	8	static
../Drivers/STM32F0xx_HAL_Driver/Src/stm32f0xx_hal_uart.c:3716:13:UART_DMATxAbortCallback	8	static
../Drivers/STM32F0xx_HAL_Driver/Src/stm32f0xx_hal_uart.c:2681:13:HAL_UART_AbortTransmitCpltCallback	0	static
../Drivers/STM32F0xx_HAL_Driver/Src/stm32f0xx_hal_uart.c:2120:19:HAL_UART_AbortTransmit_IT	16	static,ignoring_inline_asm
../Drivers/STM32F0xx_HAL_Driver/Src/stm32f0xx_hal_uart.c:3818:13:UART_DMATxOnlyAbortCallback	8	static
../Drivers/STM32F0xx_HAL_Driver/Src/stm32f0xx_hal_uart.c:2696:13:HAL_UART_AbortReceiveCpltCallback	0	static
../Drivers/STM32F0xx_HAL_Driver/Src/stm32f0xx_hal_uart.c:2204:19:HAL_UART_AbortReceive_IT	16	static,ignoring_inline_asm
../Drivers/STM32F0xx_HAL_Driver/Src/stm32f0xx_hal_uart.c:3846:13:UART_DMARxOnlyAbortCallback	8	static
../Drivers/STM32F0xx_HAL_Driver/Src/stm32f0xx_hal_uart.c:2713:13:HAL_UARTEx_RxEventCallback	0	static
../Drivers/STM32F0xx_HAL_Driver/Src/stm32f0xx_hal_uart.c:2296:6:HAL_UART_IRQHandler	24	static,ignoring_inline_asm
../Drivers/STM32F0xx_HAL_Driver/Src/stm32f0xx_hal_uart.c:3965:13:UART_RxISR_8BIT	16	static,ignoring_inline_asm
../Drivers/STM32F0xx_HAL_Driver/Src/stm32f0xx_hal_uart.c:4042:13:UART_RxISR_16BIT	16	static,ignoring_inline_asm
../Drivers/STM32F0xx_HAL_Driver/Src/stm32f0xx_hal_uart.c:3619:13:UART_DMARxHalfCplt	8	static
../Drivers/STM32F0xx_HAL_Driver/Src/stm32f0xx_hal_uart.c:3562:13:UART_DMAReceiveCplt	16	static,ignoring_inline_asm
../Drivers/STM32F0xx_HAL_Driver/Src/stm32f0xx_hal_uart.c:2761:6:HAL_UART_ReceiverTimeout_Config	0	static
../Drivers/STM32F0xx_HAL_Driver/Src/stm32f0xx_hal_uart.c:2773:19:HAL_UART_EnableReceiverTimeout	12	static
../Drivers/STM32F0xx_HAL_Driver/Src/stm32f0xx_hal_uart.c:2804:19:HAL_UART_DisableReceiverTimeout	12	static
../Drivers/STM32F0xx_HAL_Driver/Src/stm32f0xx_hal_uart.c:2875:6:HAL_MultiProcessor_EnterMuteMode	0	static
../Drivers/STM32F0xx_HAL_Driver/Src/stm32f0xx_hal_uart.c:2885:19:HAL_HalfDuplex_EnableTransmitter	16	static,ignoring_inline_asm
../Drivers/STM32F0xx_HAL_Driver/Src/stm32f0xx_hal_uart.c:2908:19:HAL_HalfDuplex_EnableReceiver	16	static,ignoring_inline_asm
../Drivers/STM32F0xx_HAL_Driver/Src/stm32f0xx_hal_uart.c:2933:19:HAL_LIN_SendBreak	8	static
../Drivers/STM32F0xx_HAL_Driver/Src/stm32f0xx_hal_uart.c:2979:23:HAL_UART_GetState	0	static
../Drivers/STM32F0xx_HAL_Driver/Src/stm32f0xx_hal_uart.c:2995:10:HAL_UART_GetError	0	static
../Drivers/STM32F0xx_HAL_Driver/Src/stm32f0xx_hal_uart.c:3043:19:UART_SetConfig	16	static
../Drivers/STM32F0xx_HAL_Driver/Src/stm32f0xx_hal_uart.c:3181:6:UART_AdvFeatureConfig	12	static
../Drivers/STM32F0xx_HAL_Driver/Src/stm32f0xx_hal_uart.c:3306:19:UART_WaitOnFlagUntilTimeout	32	static,ignoring_inline_asm
../Drivers/STM32F0xx_HAL_Driver/Src/stm32f0xx_hal_uart.c:1153:19:HAL_UART_Transmit	48	static
../Drivers/STM32F0xx_HAL_Driver/Src/stm32f0xx_hal_uart.c:1254:19:HAL_UART_Receive	48	static
../Drivers/STM32F0xx_HAL_Driver/Src/stm32f0xx_hal_uart.c:3255:19:UART_CheckIdleState	24	static
../Drivers/STM32F0xx_HAL_Driver/Src/stm32f0xx_hal_uart.c:289:19:HAL_UART_Init	8	static
../Drivers/STM32F0xx_HAL_Driver/Src/stm32f0xx_hal_uart.c:378:19:HAL_HalfDuplex_Init	8	static
../Drivers/STM32F0xx_HAL_Driver/Src/stm32f0xx_hal_uart.c:466:19:HAL_LIN_Init	16	static
../Drivers/STM32F0xx_HAL_Driver/Src/stm32f0xx_hal_uart.c:576:19:HAL_MultiProcessor_Init	16	static
../Drivers/STM32F0xx_HAL_Driver/Src/stm32f0xx_hal_uart.c:2835:19:HAL_MultiProcessor_EnableMuteMode	8	static,ignoring_inline_asm
../Drivers/STM32F0xx_HAL_Driver/Src/stm32f0xx_hal_uart.c:2855:19:HAL_MultiProcessor_DisableMuteMode	8	static,ignoring_inline_asm
../Drivers/STM32F0xx_HAL_Driver/Src/stm32f0xx_hal_uart.c:3368:19:UART_Start_Receive_IT	8	static,ignoring_inline_asm
../Drivers/STM32F0xx_HAL_Driver/Src/stm32f0xx_hal_uart.c:1425:19:HAL_UART_Receive_IT	16	static,ignoring_inline_asm
../Drivers/STM32F0xx_HAL_Driver/Src/stm32f0xx_hal_uart.c:3412:19:UART_Start_Receive_DMA	24	static,ignoring_inline_asm
../Drivers/STM32F0xx_HAL_Driver/Src/stm32f0xx_hal_uart.c:1573:19:HAL_UART_Receive_DMA	16	static,ignoring_inline_asm
