Component: Arm Compiler for Embedded 6.18 Tool: armlink [5e4cc100]

==============================================================================

Section Cross References

    startup_stm32f051x8.o(RESET) refers to startup_stm32f051x8.o(STACK) for __initial_sp
    startup_stm32f051x8.o(RESET) refers to startup_stm32f051x8.o(.text) for Reset_Handler
    startup_stm32f051x8.o(RESET) refers to stm32f0xx_it.o(.text.NMI_Handler) for NMI_Handler
    startup_stm32f051x8.o(RESET) refers to stm32f0xx_it.o(.text.HardFault_Handler) for HardFault_Handler
    startup_stm32f051x8.o(RESET) refers to stm32f0xx_it.o(.text.SVC_Handler) for SVC_Handler
    startup_stm32f051x8.o(RESET) refers to stm32f0xx_it.o(.text.PendSV_Handler) for PendSV_Handler
    startup_stm32f051x8.o(RESET) refers to stm32f0xx_it.o(.text.SysTick_Handler) for SysTick_Handler
    startup_stm32f051x8.o(RESET) refers to stm32f0xx_it.o(.text.USART1_IRQHandler) for USART1_IRQHandler
    startup_stm32f051x8.o(RESET) refers to stm32f0xx_it.o(.text.USART2_IRQHandler) for USART2_IRQHandler
    startup_stm32f051x8.o(.text) refers to system_stm32f0xx.o(.text.SystemInit) for SystemInit
    startup_stm32f051x8.o(.text) refers to entry.o(.ARM.Collect$$$$00000000) for __main
    stm32f0xx_it.o(.ARM.exidx.text.NMI_Handler) refers to stm32f0xx_it.o(.text.NMI_Handler) for [Anonymous Symbol]
    stm32f0xx_it.o(.text.HardFault_Handler) refers to stm32f0xx_hal_gpio.o(.text.HAL_GPIO_TogglePin) for HAL_GPIO_TogglePin
    stm32f0xx_it.o(.text.HardFault_Handler) refers to stm32f0xx_hal.o(.text.HAL_Delay) for HAL_Delay
    stm32f0xx_it.o(.ARM.exidx.text.HardFault_Handler) refers to stm32f0xx_it.o(.text.HardFault_Handler) for [Anonymous Symbol]
    stm32f0xx_it.o(.ARM.exidx.text.SVC_Handler) refers to stm32f0xx_it.o(.text.SVC_Handler) for [Anonymous Symbol]
    stm32f0xx_it.o(.ARM.exidx.text.PendSV_Handler) refers to stm32f0xx_it.o(.text.PendSV_Handler) for [Anonymous Symbol]
    stm32f0xx_it.o(.text.SysTick_Handler) refers to stm32f0xx_hal.o(.text.HAL_IncTick) for HAL_IncTick
    stm32f0xx_it.o(.ARM.exidx.text.SysTick_Handler) refers to stm32f0xx_it.o(.text.SysTick_Handler) for [Anonymous Symbol]
    stm32f0xx_it.o(.text.USART1_IRQHandler) refers to stm32f0xx_hal_uart.o(.text.HAL_UART_IRQHandler) for HAL_UART_IRQHandler
    stm32f0xx_it.o(.text.USART1_IRQHandler) refers to sim808.o(.bss.huart1) for huart1
    stm32f0xx_it.o(.ARM.exidx.text.USART1_IRQHandler) refers to stm32f0xx_it.o(.text.USART1_IRQHandler) for [Anonymous Symbol]
    stm32f0xx_it.o(.text.USART2_IRQHandler) refers to stm32f0xx_hal_uart.o(.text.HAL_UART_IRQHandler) for HAL_UART_IRQHandler
    stm32f0xx_it.o(.text.USART2_IRQHandler) refers to sim808.o(.bss.huart2) for huart2
    stm32f0xx_it.o(.ARM.exidx.text.USART2_IRQHandler) refers to stm32f0xx_it.o(.text.USART2_IRQHandler) for [Anonymous Symbol]
    stm32f0xx_hal_msp.o(.ARM.exidx.text.HAL_MspInit) refers to stm32f0xx_hal_msp.o(.text.HAL_MspInit) for [Anonymous Symbol]
    stm32f0xx_hal_msp.o(.text.HAL_UART_MspInit) refers to memseta.o(.text) for __aeabi_memclr4
    stm32f0xx_hal_msp.o(.text.HAL_UART_MspInit) refers to stm32f0xx_hal_gpio.o(.text.HAL_GPIO_Init) for HAL_GPIO_Init
    stm32f0xx_hal_msp.o(.text.HAL_UART_MspInit) refers to stm32f0xx_hal_cortex.o(.text.HAL_NVIC_SetPriority) for HAL_NVIC_SetPriority
    stm32f0xx_hal_msp.o(.text.HAL_UART_MspInit) refers to stm32f0xx_hal_cortex.o(.text.HAL_NVIC_EnableIRQ) for HAL_NVIC_EnableIRQ
    stm32f0xx_hal_msp.o(.ARM.exidx.text.HAL_UART_MspInit) refers to stm32f0xx_hal_msp.o(.text.HAL_UART_MspInit) for [Anonymous Symbol]
    stm32f0xx_hal_msp.o(.text.HAL_UART_MspDeInit) refers to stm32f0xx_hal_gpio.o(.text.HAL_GPIO_DeInit) for HAL_GPIO_DeInit
    stm32f0xx_hal_msp.o(.text.HAL_UART_MspDeInit) refers to stm32f0xx_hal_cortex.o(.text.HAL_NVIC_DisableIRQ) for HAL_NVIC_DisableIRQ
    stm32f0xx_hal_msp.o(.ARM.exidx.text.HAL_UART_MspDeInit) refers to stm32f0xx_hal_msp.o(.text.HAL_UART_MspDeInit) for [Anonymous Symbol]
    sim808.o(.text.send_debug) refers to strlen.o(.text) for strlen
    sim808.o(.text.send_debug) refers to sim808.o(.rodata.str1.4) for [Anonymous Symbol]
    sim808.o(.text.send_debug) refers to sim808.o(.bss.huart2) for huart2
    sim808.o(.text.send_debug) refers to stm32f0xx_hal_uart.o(.text.HAL_UART_Transmit) for HAL_UART_Transmit
    sim808.o(.text.send_debug) refers to sim808.o(.rodata.str1.1) for [Anonymous Symbol]
    sim808.o(.ARM.exidx.text.send_debug) refers to sim808.o(.text.send_debug) for [Anonymous Symbol]
    sim808.o(.text.send_raw_debug) refers to strlen.o(.text) for strlen
    sim808.o(.text.send_raw_debug) refers to sim808.o(.rodata.str1.4) for [Anonymous Symbol]
    sim808.o(.text.send_raw_debug) refers to sim808.o(.bss.huart2) for huart2
    sim808.o(.text.send_raw_debug) refers to stm32f0xx_hal_uart.o(.text.HAL_UART_Transmit) for HAL_UART_Transmit
    sim808.o(.text.send_raw_debug) refers to sim808.o(.rodata.str1.1) for [Anonymous Symbol]
[...]
    Removing stm32f0xx_hal_dma.o(.text.HAL_DMA_DeInit), (84 bytes).
    Removing stm32f0xx_hal_dma.o(.ARM.exidx.text.HAL_DMA_DeInit), (8 bytes).
    Removing stm32f0xx_hal_dma.o(.text.HAL_DMA_Start), (68 bytes).
    Removing stm32f0xx_hal_dma.o(.ARM.exidx.text.HAL_DMA_Start), (8 bytes).
    Removing stm32f0xx_hal_dma.o(.text.DMA_SetConfig), (38 bytes).
    Removing stm32f0xx_hal_dma.o(.ARM.exidx.text.DMA_SetConfig), (8 bytes).
    Removing stm32f0xx_hal_dma.o(.text.HAL_DMA_Start_IT), (96 bytes).
    Removing stm32f0xx_hal_dma.o(.ARM.exidx.text.HAL_DMA_Start_IT), (8 bytes).
    Removing stm32f0xx_hal_dma.o(.ARM.exidx.text.HAL_DMA_Abort), (8 bytes).
    Removing stm32f0xx_hal_dma.o(.ARM.exidx.text.HAL_DMA_Abort_IT), (8 bytes).
    Removing stm32f0xx_hal_dma.o(.text.HAL_DMA_PollForTransfer), (168 bytes).
    Removing stm32f0xx_hal_dma.o(.ARM.exidx.text.HAL_DMA_PollForTransfer), (8 bytes).
    Removing stm32f0xx_hal_dma.o(.text.HAL_DMA_IRQHandler), (140 bytes).
    Removing stm32f0xx_hal_dma.o(.ARM.exidx.text.HAL_DMA_IRQHandler), (8 bytes).
    Removing stm32f0xx_hal_dma.o(.text.HAL_DMA_RegisterCallback), (70 bytes).
    Removing stm32f0xx_hal_dma.o(.ARM.exidx.text.HAL_DMA_RegisterCallback), (8 bytes).
    Removing stm32f0xx_hal_dma.o(.text.HAL_DMA_UnRegisterCallback), (84 bytes).
    Removing stm32f0xx_hal_dma.o(.ARM.exidx.text.HAL_DMA_UnRegisterCallback), (8 bytes).
    Removing stm32f0xx_hal_dma.o(.text.HAL_DMA_GetState), (6 bytes).
    Removing stm32f0xx_hal_dma.o(.ARM.exidx.text.HAL_DMA_GetState), (8 bytes).
    Removing stm32f0xx_hal_dma.o(.text.HAL_DMA_GetError), (4 bytes).
    Removing stm32f0xx_hal_dma.o(.ARM.exidx.text.HAL_DMA_GetError), (8 bytes).
    Removing stm32f0xx_hal_cortex.o(.text), (0 bytes).
    Removing stm32f0xx_hal_cortex.o(.ARM.exidx.text.HAL_NVIC_SetPriority), (8 bytes).
    Removing stm32f0xx_hal_cortex.o(.ARM.exidx.text.__NVIC_SetPriority), (8 bytes).
    Removing stm32f0xx_hal_cortex.o(.ARM.exidx.text.HAL_NVIC_EnableIRQ), (8 bytes).
    Removing stm32f0xx_hal_cortex.o(.text.HAL_NVIC_DisableIRQ), (32 bytes).
    Removing stm32f0xx_hal_cortex.o(.ARM.exidx.text.HAL_NVIC_DisableIRQ), (8 bytes).
    Removing stm32f0xx_hal_cortex.o(.text.HAL_NVIC_SystemReset), (4 bytes).
    Removing stm32f0xx_hal_cortex.o(.ARM.exidx.text.HAL_NVIC_SystemReset), (8 bytes).
    Removing stm32f0xx_hal_cortex.o(.text.__NVIC_SystemReset), (28 bytes).
    Removing stm32f0xx_hal_cortex.o(.ARM.exidx.text.__NVIC_SystemReset), (8 bytes).
    Removing stm32f0xx_hal_cortex.o(.ARM.exidx.text.HAL_SYSTICK_Config), (8 bytes).
    Removing stm32f0xx_hal_cortex.o(.text.HAL_NVIC_GetPriority), (52 bytes).
    Removing stm32f0xx_hal_cortex.o(.ARM.exidx.text.HAL_NVIC_GetPriority), (8 bytes).
    Removing stm32f0xx_hal_cortex.o(.text.HAL_NVIC_SetPendingIRQ), (24 bytes).
    Removing stm32f0xx_hal_cortex.o(.ARM.exidx.text.HAL_NVIC_SetPendingIRQ), (8 bytes).
    Removing stm32f0xx_hal_cortex.o(.text.HAL_NVIC_GetPendingIRQ), (28 bytes).
    Removing stm32f0xx_hal_cortex.o(.ARM.exidx.text.HAL_NVIC_GetPendingIRQ), (8 bytes).
    Removing stm32f0xx_hal_cortex.o(.text.HAL_NVIC_ClearPendingIRQ), (24 bytes).
    Removing stm32f0xx_hal_cortex.o(.ARM.exidx.text.HAL_NVIC_ClearPendingIRQ), (8 bytes).
    Removing stm32f0xx_hal_cortex.o(.text.HAL_SYSTICK_CLKSourceConfig), (28 bytes).
    Removing stm32f0xx_hal_cortex.o(.ARM.exidx.text.HAL_SYSTICK_CLKSourceConfig), (8 bytes).
    Removing stm32f0xx_hal_cortex.o(.text.HAL_SYSTICK_IRQHandler), (8 bytes).
    Removing stm32f0xx_hal_cortex.o(.ARM.exidx.text.HAL_SYSTICK_IRQHandler), (8 bytes).
    Removing stm32f0xx_hal_cortex.o(.text.HAL_SYSTICK_Callback), (2 bytes).
    Removing stm32f0xx_hal_cortex.o(.ARM.exidx.text.HAL_SYSTICK_Callback), (8 bytes).
    Removing stm32f0xx_hal_pwr.o(.text), (0 bytes).
    Removing stm32f0xx_hal_pwr.o(.text.HAL_PWR_DeInit), (24 bytes).
    Removing stm32f0xx_hal_pwr.o(.ARM.exidx.text.HAL_PWR_DeInit), (8 bytes).
    Removing stm32f0xx_hal_pwr.o(.text.HAL_PWR_EnableBkUpAccess), (20 bytes).
    Removing stm32f0xx_hal_pwr.o(.ARM.exidx.text.HAL_PWR_EnableBkUpAccess), (8 bytes).
    Removing stm32f0xx_hal_pwr.o(.text.HAL_PWR_DisableBkUpAccess), (20 bytes).
    Removing stm32f0xx_hal_pwr.o(.ARM.exidx.text.HAL_PWR_DisableBkUpAccess), (8 bytes).
    Removing stm32f0xx_hal_pwr.o(.text.HAL_PWR_EnableWakeUpPin), (16 bytes).
    Removing stm32f0xx_hal_pwr.o(.ARM.exidx.text.HAL_PWR_EnableWakeUpPin), (8 bytes).
    Removing stm32f0xx_hal_pwr.o(.text.HAL_PWR_DisableWakeUpPin), (16 bytes).
    Removing stm32f0xx_hal_pwr.o(.ARM.exidx.text.HAL_PWR_DisableWakeUpPin), (8 bytes).
    Removing stm32f0xx_hal_pwr.o(.text.HAL_PWR_EnterSLEEPMode), (32 bytes).
    Removing stm32f0xx_hal_pwr.o(.ARM.exidx.text.HAL_PWR_EnterSLEEPMode), (8 bytes).
    Removing stm32f0xx_hal_pwr.o(.text.HAL_PWR_EnterSTOPMode), (56 bytes).
    Removing stm32f0xx_hal_pwr.o(.ARM.exidx.text.HAL_PWR_EnterSTOPMode), (8 bytes).
    Removing stm32f0xx_hal_pwr.o(.text.HAL_PWR_EnterSTANDBYMode), (32 bytes).
    Removing stm32f0xx_hal_pwr.o(.ARM.exidx.text.HAL_PWR_EnterSTANDBYMode), (8 bytes).
    Removing stm32f0xx_hal_pwr.o(.text.HAL_PWR_EnableSleepOnExit), (16 bytes).
    Removing stm32f0xx_hal_pwr.o(.ARM.exidx.text.HAL_PWR_EnableSleepOnExit), (8 bytes).
    Removing stm32f0xx_hal_pwr.o(.text.HAL_PWR_DisableSleepOnExit), (16 bytes).
    Removing stm32f0xx_hal_pwr.o(.ARM.exidx.text.HAL_PWR_DisableSleepOnExit), (8 bytes).
    Removing stm32f0xx_hal_pwr.o(.text.HAL_PWR_EnableSEVOnPend), (16 bytes).
    Removing stm32f0xx_hal_pwr.o(.ARM.exidx.text.HAL_PWR_EnableSEVOnPend), (8 bytes).
    Removing stm32f0xx_hal_pwr.o(.text.HAL_PWR_DisableSEVOnPend), (16 bytes).
    Removing stm32f0xx_hal_pwr.o(.ARM.exidx.text.HAL_PWR_DisableSEVOnPend), (8 bytes).
    Removing stm32f0xx_hal_pwr_ex.o(.text), (0 bytes).
    Removing stm32f0xx_hal_pwr_ex.o(.text.HAL_PWR_ConfigPVD), (104 bytes).
    Removing stm32f0xx_hal_pwr_ex.o(.ARM.exidx.text.HAL_PWR_ConfigPVD), (8 bytes).
    Removing stm32f0xx_hal_pwr_ex.o(.text.HAL_PWR_EnablePVD), (16 bytes).
    Removing stm32f0xx_hal_pwr_ex.o(.ARM.exidx.text.HAL_PWR_EnablePVD), (8 bytes).
    Removing stm32f0xx_hal_pwr_ex.o(.text.HAL_PWR_DisablePVD), (16 bytes).
    Removing stm32f0xx_hal_pwr_ex.o(.ARM.exidx.text.HAL_PWR_DisablePVD), (8 bytes).
    Removing stm32f0xx_hal_pwr_ex.o(.text.HAL_PWR_PVD_IRQHandler), (28 bytes).
    Removing stm32f0xx_hal_pwr_ex.o(.ARM.exidx.text.HAL_PWR_PVD_IRQHandler), (8 bytes).
    Removing stm32f0xx_hal_pwr_ex.o(.text.HAL_PWR_PVDCallback), (2 bytes).
    Removing stm32f0xx_hal_pwr_ex.o(.ARM.exidx.text.HAL_PWR_PVDCallback), (8 bytes).
    Removing stm32f0xx_hal_flash.o(.text), (0 bytes).
    Removing stm32f0xx_hal_flash.o(.text.HAL_FLASH_Program), (156 bytes).
    Removing stm32f0xx_hal_flash.o(.ARM.exidx.text.HAL_FLASH_Program), (8 bytes).
    Removing stm32f0xx_hal_flash.o(.text.FLASH_WaitForLastOperation), (80 bytes).
    Removing stm32f0xx_hal_flash.o(.ARM.exidx.text.FLASH_WaitForLastOperation), (8 bytes).
    Removing stm32f0xx_hal_flash.o(.text.HAL_FLASH_Program_IT), (88 bytes).
    Removing stm32f0xx_hal_flash.o(.ARM.exidx.text.HAL_FLASH_Program_IT), (8 bytes).
    Removing stm32f0xx_hal_flash.o(.text.HAL_FLASH_IRQHandler), (288 bytes).
    Removing stm32f0xx_hal_flash.o(.ARM.exidx.text.HAL_FLASH_IRQHandler), (8 bytes).
    Removing stm32f0xx_hal_flash.o(.text.FLASH_SetErrorCode), (60 bytes).
    Removing stm32f0xx_hal_flash.o(.ARM.exidx.text.FLASH_SetErrorCode), (8 bytes).
    Removing stm32f0xx_hal_flash.o(.text.HAL_FLASH_OperationErrorCallback), (2 bytes).
    Removing stm32f0xx_hal_flash.o(.ARM.exidx.text.HAL_FLASH_OperationErrorCallback), (8 bytes).
    Removing stm32f0xx_hal_flash.o(.text.HAL_FLASH_EndOfOperationCallback), (2 bytes).
    Removing stm32f0xx_hal_flash.o(.ARM.exidx.text.HAL_FLASH_EndOfOperationCallback), (8 bytes).
    Removing stm32f0xx_hal_flash.o(.text.HAL_FLASH_Unlock), (40 bytes).
    Removing stm32f0xx_hal_flash.o(.ARM.exidx.text.HAL_FLASH_Unlock), (8 bytes).
    Removing stm32f0xx_hal_flash.o(.text.HAL_FLASH_Lock), (20 bytes).
    Removing stm32f0xx_hal_flash.o(.ARM.exidx.text.HAL_FLASH_Lock), (8 bytes).
    Removing stm32f0xx_hal_flash.o(.text.HAL_FLASH_OB_Unlock), (36 bytes).
    Removing stm32f0xx_hal_flash.o(.ARM.exidx.text.HAL_FLASH_OB_Unlock), (8 bytes).
    Removing stm32f0xx_hal_flash.o(.text.HAL_FLASH_OB_Lock), (20 bytes).
    Removing stm32f0xx_hal_flash.o(.ARM.exidx.text.HAL_FLASH_OB_Lock), (8 bytes).
    Removing stm32f0xx_hal_flash.o(.text.HAL_FLASH_OB_Launch), (32 bytes).
    Removing stm32f0xx_hal_flash.o(.ARM.exidx.text.HAL_FLASH_OB_Launch), (8 bytes).
    Removing stm32f0xx_hal_flash.o(.text.HAL_FLASH_GetError), (12 bytes).
    Removing stm32f0xx_hal_flash.o(.ARM.exidx.text.HAL_FLASH_GetError), (8 bytes).
    Removing stm32f0xx_hal_flash.o(.bss.pFlash), (32 bytes).
    Removing stm32f0xx_hal_flash_ex.o(.text), (0 bytes).
    Removing stm32f0xx_hal_flash_ex.o(.text.HAL_FLASHEx_Erase), (160 bytes).
    Removing stm32f0xx_hal_flash_ex.o(.ARM.exidx.text.HAL_FLASHEx_Erase), (8 bytes).
    Removing stm32f0xx_hal_flash_ex.o(.text.FLASH_MassErase), (36 bytes).
    Removing stm32f0xx_hal_flash_ex.o(.ARM.exidx.text.FLASH_MassErase), (8 bytes).
    Removing stm32f0xx_hal_flash_ex.o(.text.FLASH_PageErase), (36 bytes).
    Removing stm32f0xx_hal_flash_ex.o(.ARM.exidx.text.FLASH_PageErase), (8 bytes).
    Removing stm32f0xx_hal_flash_ex.o(.text.HAL_FLASHEx_Erase_IT), (84 bytes).
    Removing stm32f0xx_hal_flash_ex.o(.ARM.exidx.text.HAL_FLASHEx_Erase_IT), (8 bytes).
    Removing stm32f0xx_hal_flash_ex.o(.text.HAL_FLASHEx_OBErase), (84 bytes).
    Removing stm32f0xx_hal_flash_ex.o(.ARM.exidx.text.HAL_FLASHEx_OBErase), (8 bytes).
    Removing stm32f0xx_hal_flash_ex.o(.text.FLASH_OB_GetRDP), (28 bytes).
    Removing stm32f0xx_hal_flash_ex.o(.ARM.exidx.text.FLASH_OB_GetRDP), (8 bytes).
    Removing stm32f0xx_hal_flash_ex.o(.text.FLASH_OB_RDP_LevelConfig), (100 bytes).
    Removing stm32f0xx_hal_flash_ex.o(.ARM.exidx.text.FLASH_OB_RDP_LevelConfig), (8 bytes).
    Removing stm32f0xx_hal_flash_ex.o(.text.HAL_FLASHEx_OBProgram), (340 bytes).
    Removing stm32f0xx_hal_flash_ex.o(.ARM.exidx.text.HAL_FLASHEx_OBProgram), (8 bytes).
    Removing stm32f0xx_hal_flash_ex.o(.text.HAL_FLASHEx_OBGetConfig), (36 bytes).
    Removing stm32f0xx_hal_flash_ex.o(.ARM.exidx.text.HAL_FLASHEx_OBGetConfig), (8 bytes).
    Removing stm32f0xx_hal_flash_ex.o(.text.HAL_FLASHEx_OBGetUserData), (28 bytes).
    Removing stm32f0xx_hal_flash_ex.o(.ARM.exidx.text.HAL_FLASHEx_OBGetUserData), (8 bytes).
    Removing stm32f0xx_hal_exti.o(.text), (0 bytes).
    Removing stm32f0xx_hal_exti.o(.text.HAL_EXTI_SetConfigLine), (152 bytes).
    Removing stm32f0xx_hal_exti.o(.ARM.exidx.text.HAL_EXTI_SetConfigLine), (8 bytes).
    Removing stm32f0xx_hal_exti.o(.text.HAL_EXTI_GetConfigLine), (124 bytes).
    Removing stm32f0xx_hal_exti.o(.ARM.exidx.text.HAL_EXTI_GetConfigLine), (8 bytes).
    Removing stm32f0xx_hal_exti.o(.text.HAL_EXTI_ClearConfigLine), (96 bytes).
    Removing stm32f0xx_hal_exti.o(.ARM.exidx.text.HAL_EXTI_ClearConfigLine), (8 bytes).
    Removing stm32f0xx_hal_exti.o(.text.HAL_EXTI_RegisterCallback), (14 bytes).
    Removing stm32f0xx_hal_exti.o(.ARM.exidx.text.HAL_EXTI_RegisterCallback), (8 bytes).
    Removing stm32f0xx_hal_exti.o(.text.HAL_EXTI_GetHandle), (14 bytes).
    Removing stm32f0xx_hal_exti.o(.ARM.exidx.text.HAL_EXTI_GetHandle), (8 bytes).
    Removing stm32f0xx_hal_exti.o(.text.HAL_EXTI_IRQHandler), (36 bytes).
    Removing stm32f0xx_hal_exti.o(.ARM.exidx.text.HAL_EXTI_IRQHandler), (8 bytes).
    Removing stm32f0xx_hal_exti.o(.text.HAL_EXTI_GetPending), (24 bytes).
    Removing stm32f0xx_hal_exti.o(.ARM.exidx.text.HAL_EXTI_GetPending), (8 bytes).
    Removing stm32f0xx_hal_exti.o(.text.HAL_EXTI_ClearPending), (20 bytes).
    Removing stm32f0xx_hal_exti.o(.ARM.exidx.text.HAL_EXTI_ClearPending), (8 bytes).
    Removing stm32f0xx_hal_exti.o(.text.HAL_EXTI_GenerateSWI), (20 bytes).
    Removing stm32f0xx_hal_exti.o(.ARM.exidx.text.HAL_EXTI_GenerateSWI), (8 bytes).
    Removing system_stm32f0xx.o(.text), (0 bytes).
    Removing system_stm32f0xx.o(.ARM.exidx.text.SystemInit), (8 bytes).
    Removing system_stm32f0xx.o(.text.SystemCoreClockUpdate), (92 bytes).
    Removing system_stm32f0xx.o(.ARM.exidx.text.SystemCoreClockUpdate), (8 bytes).
    Removing dadd.o(.text), (356 bytes).
    Removing dmul.o(.text), (208 bytes).
    Removing ddiv.o(.text), (240 bytes).
    Removing dfixul.o(.text), (64 bytes).
    Removing cdrcmple.o(.text), (40 bytes).
    Removing depilogue.o(.text), (190 bytes).
    Removing depilogue.o(i.__ARM_clz), (46 bytes).

600 unused section(s) (total 26228 bytes) removed from the image.

==============================================================================

Image Symbol Table

    Local Symbols

    Symbol Name                              Value     Ov Type        Size  Object(Section)

    ../clib/division.s                       0x00000000   Number         0  aeabi_sdiv.o ABSOLUTE
    ../clib/division.s                       0x00000000   Number         0  aeabi_sdiv_div0.o ABSOLUTE
    ../clib/microlib/division.c              0x00000000   Number         0  uidiv.o ABSOLUTE
    ../clib/microlib/division.c              0x00000000   Number         0  uidiv_div0.o ABSOLUTE
    ../clib/microlib/division.c              0x00000000   Number         0  idiv_div0.o ABSOLUTE
    ../clib/microlib/division.c              0x00000000   Number         0  idiv0.o ABSOLUTE
    ../clib/microlib/division.c              0x00000000   Number         0  uldiv.o ABSOLUTE
    ../clib/microlib/init/entry.s            0x00000000   Number         0  entry.o ABSOLUTE
    ../clib/microlib/init/entry.s            0x00000000   Number         0  entry2.o ABSOLUTE
    ../clib/microlib/init/entry.s            0x00000000   Number         0  entry5.o ABSOLUTE
    ../clib/microlib/init/entry.s            0x00000000   Number         0  entry7a.o ABSOLUTE
    ../clib/microlib/init/entry.s            0x00000000   Number         0  entry7b.o ABSOLUTE
    ../clib/microlib/init/entry.s            0x00000000   Number         0  entry8a.o ABSOLUTE
    ../clib/microlib/init/entry.s            0x00000000   Number         0  entry8b.o ABSOLUTE
    ../clib/microlib/init/entry.s            0x00000000   Number         0  entry9a.o ABSOLUTE
    ../clib/microlib/init/entry.s            0x00000000   Number         0  entry9b.o ABSOLUTE
    ../clib/microlib/init/entry.s            0x00000000   Number         0  entry10a.o ABSOLUTE
    ../clib/microlib/init/entry.s            0x00000000   Number         0  entry10b.o ABSOLUTE
    ../clib/microlib/init/entry.s            0x00000000   Number         0  entry11a.o ABSOLUTE
    ../clib/microlib/init/entry.s            0x00000000   Number         0  entry11b.o ABSOLUTE
    ../clib/microlib/longlong.c              0x00000000   Number         0  llushr.o ABSOLUTE
    ../clib/microlib/longlong.c              0x00000000   Number         0  llshl.o ABSOLUTE
    ../clib/microlib/longlong.c              0x00000000   Number         0  llsshr.o ABSOLUTE
    ../clib/microlib/printf/printf.c         0x00000000   Number         0  printfb.o ABSOLUTE
    ../clib/microlib/printf/printf.c         0x00000000   Number         0  printf0.o ABSOLUTE
    ../clib/microlib/printf/printf.c         0x00000000   Number         0  printf1.o ABSOLUTE
    ../clib/microlib/printf/printf.c         0x00000000   Number         0  printf2.o ABSOLUTE
    ../clib/microlib/printf/printf.c         0x00000000   Number         0  printf3.o ABSOLUTE
    ../clib/microlib/printf/printf.c         0x00000000   Number         0  printf4.o ABSOLUTE
    ../clib/microlib/printf/printf.c         0x00000000   Number         0  printf5.o ABSOLUTE
    ../clib/microlib/printf/printf.c         0x00000000   Number         0  printf6.o ABSOLUTE
    ../clib/microlib/printf/printf.c         0x00000000   Number         0  printf7.o ABSOLUTE
    ../clib/microlib/printf/printf.c         0x00000000   Number         0  printf8.o ABSOLUTE
    ../clib/microlib/printf/printf.c         0x00000000   Number         0  printfa.o ABSOLUTE
    ../clib/microlib/printf/stubs.s          0x00000000   Number         0  printfstubs.o ABSOLUTE
    ../clib/microlib/stdio/fputc.c           0x00000000   Number         0  fputc.o ABSOLUTE
    ../clib/microlib/stdio/fputc.c           0x00000000   Number         0  fputc_h.o ABSOLUTE
    ../clib/microlib/stdio/semi.s            0x00000000   Number         0  semi.o ABSOLUTE
    ../clib/microlib/stdio/streams.c         0x00000000   Number         0  stdout.o ABSOLUTE
    ../clib/microlib/string/memcpy.c         0x00000000   Number         0  memcpya.o ABSOLUTE
    ../clib/microlib/string/memcpy.c         0x00000000   Number         0  memcpyb.o ABSOLUTE
    ../clib/microlib/string/memset.c         0x00000000   Number         0  memseta.o ABSOLUTE
    ../clib/microlib/string/strcat.c         0x00000000   Number         0  strcat.o ABSOLUTE
    ../clib/microlib/string/strlen.c         0x00000000   Number         0  strlen.o ABSOLUTE
    ../clib/microlib/string/strstr.c         0x00000000   Number         0  strstr.o ABSOLUTE
    ../clib/microlib/stubs.s                 0x00000000   Number         0  iusefp.o ABSOLUTE
    ../clib/microlib/stubs.s                 0x00000000   Number         0  iusesemip.o ABSOLUTE
    ../fplib/microlib/fpadd.c                0x00000000   Number         0  dadd.o ABSOLUTE
    ../fplib/microlib/fpdiv.c                0x00000000   Number         0  ddiv.o ABSOLUTE
    ../fplib/microlib/fpepilogue.c           0x00000000   Number         0  depilogue.o ABSOLUTE
    ../fplib/microlib/fpfix.c                0x00000000   Number         0  dfixul.o ABSOLUTE
    ../fplib/microlib/fpmul.c                0x00000000   Number         0  dmul.o ABSOLUTE
    cdrcmple.s                               0x00000000   Number         0  cdrcmple.o ABSOLUTE
    dc.s                                     0x00000000   Number         0  dc.o ABSOLUTE
    gps.c                                    0x00000000   Number         0  gps.o ABSOLUTE
    handlers.s                               0x00000000   Number         0  handlers.o ABSOLUTE
    init.s                                   0x00000000   Number         0  init.o ABSOLUTE
    main.c                                   0x00000000   Number         0  main.o ABSOLUTE
    network_functions.c                      0x00000000   Number         0  network_functions.o ABSOLUTE
    sim808.c                                 0x00000000   Number         0  sim808.o ABSOLUTE
    startup_stm32f051x8.s                    0x00000000   Number         0  startup_stm32f051x8.o ABSOLUTE
    stm32f0xx_hal.c                          0x00000000   Number         0  stm32f0xx_hal.o ABSOLUTE
    stm32f0xx_hal_cortex.c                   0x00000000   Number         0  stm32f0xx_hal_cortex.o ABSOLUTE
    stm32f0xx_hal_dma.c                      0x00000000   Number         0  stm32f0xx_hal_dma.o ABSOLUTE
    stm32f0xx_hal_exti.c                     0x00000000   Number         0  stm32f0xx_hal_exti.o ABSOLUTE
    stm32f0xx_hal_flash.c                    0x00000000   Number         0  stm32f0xx_hal_flash.o ABSOLUTE
    stm32f0xx_hal_flash_ex.c                 0x00000000   Number         0  stm32f0xx_hal_flash_ex.o ABSOLUTE
    stm32f0xx_hal_gpio.c                     0x00000000   Number         0  stm32f0xx_hal_gpio.o ABSOLUTE
    stm32f0xx_hal_i2c.c                      0x00000000   Number         0  stm32f0xx_hal_i2c.o ABSOLUTE
    stm32f0xx_hal_i2c_ex.c                   0x00000000   Number         0  stm32f0xx_hal_i2c_ex.o ABSOLUTE
    stm32f0xx_hal_msp.c                      0x00000000   Number         0  stm32f0xx_hal_msp.o ABSOLUTE
    stm32f0xx_hal_pwr.c                      0x00000000   Number         0  stm32f0xx_hal_pwr.o ABSOLUTE
    stm32f0xx_hal_pwr_ex.c                   0x00000000   Number         0  stm32f0xx_hal_pwr_ex.o ABSOLUTE
    stm32f0xx_hal_rcc.c                      0x00000000   Number         0  stm32f0xx_hal_rcc.o ABSOLUTE
    stm32f0xx_hal_rcc_ex.c                   0x00000000   Number         0  stm32f0xx_hal_rcc_ex.o ABSOLUTE
    stm32f0xx_hal_tim.c                      0x00000000   Number         0  stm32f0xx_hal_tim.o ABSOLUTE
    stm32f0xx_hal_tim_ex.c                   0x00000000   Number         0  stm32f0xx_hal_tim_ex.o ABSOLUTE
    stm32f0xx_hal_uart.c                     0x00000000   Number         0  stm32f0xx_hal_uart.o ABSOLUTE
    stm32f0xx_hal_uart_ex.c                  0x00000000   Number         0  stm32f0xx_hal_uart_ex.o ABSOLUTE
    stm32f0xx_it.c                           0x00000000   Number         0  stm32f0xx_it.o ABSOLUTE
    system_stm32f0xx.c                       0x00000000   Number         0  system_stm32f0xx.o ABSOLUTE
    RESET                                    0x08000000   Section      188  startup_stm32f051x8.o(RESET)
    .ARM.Collect$$$$00000000                 0x080000bc   Section        0  entry.o(.ARM.Collect$$$$00000000)
    .ARM.Collect$$$$00000001                 0x080000bc   Section        4  entry2.o(.ARM.Collect$$$$00000001)
    .ARM.Collect$$$$00000004                 0x080000c0   Section        4  entry5.o(.ARM.Collect$$$$00000004)
    .ARM.Collect$$$$00000008                 0x080000c4   Section        0  entry7b.o(.ARM.Collect$$$$00000008)
    .ARM.Collect$$$$0000000A                 0x080000c4   Section        0  entry8b.o(.ARM.Collect$$$$0000000A)
    .ARM.Collect$$$$0000000B                 0x080000c4   Section        8  entry9a.o(.ARM.Collect$$$$0000000B)
    __lit__00000000                          0x080000cc   Data           4  entry2.o(.ARM.Collect$$$$00002712)
    .ARM.Collect$$$$0000000D                 0x080000cc   Section        0  entry10a.o(.ARM.Collect$$$$0000000D)
    .ARM.Collect$$$$0000000F                 0x080000cc   Section        0  entry11a.o(.ARM.Collect$$$$0000000F)
    .ARM.Collect$$$$00002712                 0x080000cc   Section        4  entry2.o(.ARM.Collect$$$$00002712)
    .text                                    0x080000d0   Section       28  startup_stm32f051x8.o(.text)
    .text                                    0x080000ec   Section        0  memcpya.o(.text)
    .text                                    0x08000110   Section        0  memseta.o(.text)
    .text                                    0x08000134   Section        0  strcat.o(.text)
    .text                                    0x0800014c   Section        0  strstr.o(.text)
    .text                                    0x08000174   Section        0  strlen.o(.text)
    .text                                    0x08000182   Section        0  uidiv_div0.o(.text)
    .text                                    0x080001c0   Section       36  init.o(.text)
    [Anonymous Symbol]                       0x080001e4   Section        0  main.o(.text.Error_Handler)
    [Anonymous Symbol]                       0x080001ec   Section        0  stm32f0xx_hal_dma.o(.text.HAL_DMA_Abort)
    [Anonymous Symbol]                       0x08000228   Section        0  stm32f0xx_hal_dma.o(.text.HAL_DMA_Abort_IT)
    [Anonymous Symbol]                       0x0800026c   Section        0  stm32f0xx_hal.o(.text.HAL_Delay)
    [Anonymous Symbol]                       0x0800028c   Section        0  stm32f0xx_hal_gpio.o(.text.HAL_GPIO_Init)
    __arm_cp.0_0                             0x0800040c   Number         4  stm32f0xx_hal_gpio.o(.text.HAL_GPIO_Init)
    __arm_cp.0_1                             0x08000410   Number         4  stm32f0xx_hal_gpio.o(.text.HAL_GPIO_Init)
    __arm_cp.0_3                             0x08000414   Number         4  stm32f0xx_hal_gpio.o(.text.HAL_GPIO_Init)
    __arm_cp.0_4                             0x08000418   Number         4  stm32f0xx_hal_gpio.o(.text.HAL_GPIO_Init)
    __arm_cp.0_5                             0x0800041c   Number         4  stm32f0xx_hal_gpio.o(.text.HAL_GPIO_Init)
    [Anonymous Symbol]                       0x08000420   Section        0  stm32f0xx_hal_gpio.o(.text.HAL_GPIO_ReadPin)
    [Anonymous Symbol]                       0x0800042a   Section        0  stm32f0xx_hal_gpio.o(.text.HAL_GPIO_TogglePin)
    [Anonymous Symbol]                       0x0800043a   Section        0  stm32f0xx_hal_gpio.o(.text.HAL_GPIO_WritePin)
    [Anonymous Symbol]                       0x08000448   Section        0  stm32f0xx_hal.o(.text.HAL_GetTick)
    [Anonymous Symbol]                       0x08000450   Section        0  stm32f0xx_hal.o(.text.HAL_IncTick)
    __arm_cp.5_1                             0x08000460   Number         4  stm32f0xx_hal.o(.text.HAL_IncTick)
    [Anonymous Symbol]                       0x08000464   Section        0  stm32f0xx_hal.o(.text.HAL_Init)
    [Anonymous Symbol]                       0x08000480   Section        0  stm32f0xx_hal.o(.text.HAL_InitTick)
    __arm_cp.1_0                             0x080004bc   Number         4  stm32f0xx_hal.o(.text.HAL_InitTick)
    [Anonymous Symbol]                       0x080004c0   Section        0  stm32f0xx_hal_msp.o(.text.HAL_MspInit)
    __arm_cp.0_0                             0x080004e8   Number         4  stm32f0xx_hal_msp.o(.text.HAL_MspInit)
    [Anonymous Symbol]                       0x080004ec   Section        0  stm32f0xx_hal_cortex.o(.text.HAL_NVIC_EnableIRQ)
    __arm_cp.2_0                             0x08000500   Number         4  stm32f0xx_hal_cortex.o(.text.HAL_NVIC_EnableIRQ)
    [Anonymous Symbol]                       0x08000504   Section        0  stm32f0xx_hal_cortex.o(.text.HAL_NVIC_SetPriority)
    [Anonymous Symbol]                       0x0800050c   Section        0  stm32f0xx_hal_rcc_ex.o(.text.HAL_RCCEx_PeriphCLKConfig)
    __arm_cp.0_0                             0x08000608   Number         4  stm32f0xx_hal_rcc_ex.o(.text.HAL_RCCEx_PeriphCLKConfig)
    __arm_cp.0_1                             0x0800060c   Number         4  stm32f0xx_hal_rcc_ex.o(.text.HAL_RCCEx_PeriphCLKConfig)
    __arm_cp.0_2                             0x08000610   Number         4  stm32f0xx_hal_rcc_ex.o(.text.HAL_RCCEx_PeriphCLKConfig)
    [Anonymous Symbol]                       0x08000614   Section        0  stm32f0xx_hal_rcc.o(.text.HAL_RCC_ClockConfig)
    __arm_cp.2_0                             0x0800070c   Number         4  stm32f0xx_hal_rcc.o(.text.HAL_RCC_ClockConfig)
    __arm_cp.2_2                             0x08000710   Number         4  stm32f0xx_hal_rcc.o(.text.HAL_RCC_ClockConfig)
    __arm_cp.2_3                             0x08000714   Number         4  stm32f0xx_hal_rcc.o(.text.HAL_RCC_ClockConfig)
    [Anonymous Symbol]                       0x08000718   Section        0  stm32f0xx_hal_rcc.o(.text.HAL_RCC_GetPCLK1Freq)
    __arm_cp.8_0                             0x0800072c   Number         4  stm32f0xx_hal_rcc.o(.text.HAL_RCC_GetPCLK1Freq)
    __arm_cp.8_2                             0x08000730   Number         4  stm32f0xx_hal_rcc.o(.text.HAL_RCC_GetPCLK1Freq)
    [Anonymous Symbol]                       0x08000734   Section        0  stm32f0xx_hal_rcc.o(.text.HAL_RCC_GetSysClockFreq)
    __arm_cp.3_0                             0x0800076c   Number         4  stm32f0xx_hal_rcc.o(.text.HAL_RCC_GetSysClockFreq)
    __arm_cp.3_1                             0x08000770   Number         4  stm32f0xx_hal_rcc.o(.text.HAL_RCC_GetSysClockFreq)
    __arm_cp.3_4                             0x08000794   Number         4  stm32f0xx_hal_rcc.o(.text.HAL_RCC_GetSysClockFreq)
    [Anonymous Symbol]                       0x08000798   Section        0  stm32f0xx_hal_rcc.o(.text.HAL_RCC_OscConfig)
    __arm_cp.1_0                             0x08000b68   Number         4  stm32f0xx_hal_rcc.o(.text.HAL_RCC_OscConfig)
    __arm_cp.1_1                             0x08000b6c   Number         4  stm32f0xx_hal_rcc.o(.text.HAL_RCC_OscConfig)
    __arm_cp.1_2                             0x08000b70   Number         4  stm32f0xx_hal_rcc.o(.text.HAL_RCC_OscConfig)
    [Anonymous Symbol]                       0x08000b74   Section        0  stm32f0xx_hal_cortex.o(.text.HAL_SYSTICK_Config)
    __arm_cp.6_0                             0x08000b9c   Number         4  stm32f0xx_hal_cortex.o(.text.HAL_SYSTICK_Config)
    __arm_cp.6_1                             0x08000ba0   Number         4  stm32f0xx_hal_cortex.o(.text.HAL_SYSTICK_Config)
    __arm_cp.6_2                             0x08000ba4   Number         4  stm32f0xx_hal_cortex.o(.text.HAL_SYSTICK_Config)
    [Anonymous Symbol]                       0x08000ba8   Section        0  stm32f0xx_hal_uart.o(.text.HAL_UARTEx_RxEventCallback)
    [Anonymous Symbol]                       0x08000baa   Section        0  stm32f0xx_hal_uart_ex.o(.text.HAL_UARTEx_WakeupCallback)
    [Anonymous Symbol]                       0x08000bac   Section        0  stm32f0xx_hal_uart.o(.text.HAL_UART_ErrorCallback)
    [Anonymous Symbol]                       0x08000bb0   Section        0  stm32f0xx_hal_uart.o(.text.HAL_UART_IRQHandler)
    __arm_cp.42_0                            0x08000e54   Number         4  stm32f0xx_hal_uart.o(.text.HAL_UART_IRQHandler)
    __arm_cp.42_1                            0x08000e58   Number         4  stm32f0xx_hal_uart.o(.text.HAL_UART_IRQHandler)
    __arm_cp.42_2                            0x08000e5c   Number         4  stm32f0xx_hal_uart.o(.text.HAL_UART_IRQHandler)
    [Anonymous Symbol]                       0x08000e60   Section        0  stm32f0xx_hal_uart.o(.text.HAL_UART_Init)
    [Anonymous Symbol]                       0x08000ecc   Section        0  stm32f0xx_hal_msp.o(.text.HAL_UART_MspInit)
    __arm_cp.1_0                             0x08000f6c   Number         4  stm32f0xx_hal_msp.o(.text.HAL_UART_MspInit)
    __arm_cp.1_2                             0x08000f70   Number         4  stm32f0xx_hal_msp.o(.text.HAL_UART_MspInit)
    [Anonymous Symbol]                       0x08000f74   Section        0  stm32f0xx_hal_uart.o(.text.HAL_UART_Receive_IT)
    [Anonymous Symbol]                       0x08000fe0   Section        0  sim808.o(.text.HAL_UART_RxCpltCallback)
    __arm_cp.2_0                             0x08001004   Number         4  sim808.o(.text.HAL_UART_RxCpltCallback)
    __arm_cp.2_1                             0x08001008   Number         4  sim808.o(.text.HAL_UART_RxCpltCallback)
    __arm_cp.2_2                             0x0800100c   Number         4  sim808.o(.text.HAL_UART_RxCpltCallback)
    __arm_cp.2_3                             0x08001010   Number         4  sim808.o(.text.HAL_UART_RxCpltCallback)
    [Anonymous Symbol]                       0x08001014   Section        0  stm32f0xx_hal_uart.o(.text.HAL_UART_Transmit)
    __arm_cp.10_0                            0x080010fc   Number         4  stm32f0xx_hal_uart.o(.text.HAL_UART_Transmit)
    [Anonymous Symbol]                       0x08001100   Section        0  stm32f0xx_hal_uart.o(.text.HAL_UART_TxCpltCallback)
    [Anonymous Symbol]                       0x08001104   Section        0  stm32f0xx_it.o(.text.HardFault_Handler)
    __arm_cp.1_0                             0x08001128   Number         4  stm32f0xx_it.o(.text.HardFault_Handler)
    [Anonymous Symbol]                       0x0800112c   Section        0  stm32f0xx_it.o(.text.NMI_Handler)
    [Anonymous Symbol]                       0x0800112e   Section        0  stm32f0xx_it.o(.text.PendSV_Handler)
    [Anonymous Symbol]                       0x08001130   Section        0  stm32f0xx_it.o(.text.SVC_Handler)
    [Anonymous Symbol]                       0x08001132   Section        0  stm32f0xx_it.o(.text.SysTick_Handler)
    [Anonymous Symbol]                       0x0800113a   Section        0  main.o(.text.SystemClock_Config)
    [Anonymous Symbol]                       0x080011a6   Section        0  system_stm32f0xx.o(.text.SystemInit)
    [Anonymous Symbol]                       0x080011a8   Section        0  stm32f0xx_hal_uart.o(.text.UART_AdvFeatureConfig)
    [Anonymous Symbol]                       0x08001260   Section        0  stm32f0xx_hal_uart.o(.text.UART_CheckIdleState)
    __arm_cp.4_0                             0x080012c4   Number         4  stm32f0xx_hal_uart.o(.text.UART_CheckIdleState)
    UART_DMAAbortOnError                     0x080012c9   Thumb Code    22  stm32f0xx_hal_uart.o(.text.UART_DMAAbortOnError)
    [Anonymous Symbol]                       0x080012c8   Section        0  stm32f0xx_hal_uart.o(.text.UART_DMAAbortOnError)
    UART_EndRxTransfer                       0x080012df   Thumb Code    88  stm32f0xx_hal_uart.o(.text.UART_EndRxTransfer)
    [Anonymous Symbol]                       0x080012de   Section        0  stm32f0xx_hal_uart.o(.text.UART_EndRxTransfer)
    UART_RxISR_16BIT                         0x08001337   Thumb Code   162  stm32f0xx_hal_uart.o(.text.UART_RxISR_16BIT)
    [Anonymous Symbol]                       0x08001336   Section        0  stm32f0xx_hal_uart.o(.text.UART_RxISR_16BIT)
    UART_RxISR_8BIT                          0x080013d9   Thumb Code   164  stm32f0xx_hal_uart.o(.text.UART_RxISR_8BIT)
    [Anonymous Symbol]                       0x080013d8   Section        0  stm32f0xx_hal_uart.o(.text.UART_RxISR_8BIT)
    [Anonymous Symbol]                       0x0800147c   Section        0  stm32f0xx_hal_uart.o(.text.UART_SetConfig)
    __arm_cp.2_0                             0x08001570   Number         4  stm32f0xx_hal_uart.o(.text.UART_SetConfig)
    __arm_cp.2_1                             0x08001574   Number         4  stm32f0xx_hal_uart.o(.text.UART_SetConfig)
    __arm_cp.2_2                             0x08001578   Number         4  stm32f0xx_hal_uart.o(.text.UART_SetConfig)
    __arm_cp.2_3                             0x0800157c   Number         4  stm32f0xx_hal_uart.o(.text.UART_SetConfig)
    __arm_cp.2_5                             0x08001590   Number         4  stm32f0xx_hal_uart.o(.text.UART_SetConfig)
    __arm_cp.2_6                             0x08001594   Number         4  stm32f0xx_hal_uart.o(.text.UART_SetConfig)
    [Anonymous Symbol]                       0x08001598   Section        0  stm32f0xx_hal_uart.o(.text.UART_Start_Receive_IT)
    __arm_cp.17_0                            0x08001624   Number         4  stm32f0xx_hal_uart.o(.text.UART_Start_Receive_IT)
    __arm_cp.17_1                            0x08001628   Number         4  stm32f0xx_hal_uart.o(.text.UART_Start_Receive_IT)
    __arm_cp.17_2                            0x0800162c   Number         4  stm32f0xx_hal_uart.o(.text.UART_Start_Receive_IT)
    [Anonymous Symbol]                       0x08001630   Section        0  stm32f0xx_hal_uart.o(.text.UART_WaitOnFlagUntilTimeout)
    [Anonymous Symbol]                       0x080016fc   Section        0  stm32f0xx_it.o(.text.USART1_IRQHandler)
    __arm_cp.5_0                             0x08001708   Number         4  stm32f0xx_it.o(.text.USART1_IRQHandler)
    [Anonymous Symbol]                       0x0800170c   Section        0  stm32f0xx_it.o(.text.USART2_IRQHandler)
    __arm_cp.6_0                             0x08001718   Number         4  stm32f0xx_it.o(.text.USART2_IRQHandler)
    __NVIC_SetPriority                       0x0800171d   Thumb Code    56  stm32f0xx_hal_cortex.o(.text.__NVIC_SetPriority)
    [Anonymous Symbol]                       0x0800171c   Section        0  stm32f0xx_hal_cortex.o(.text.__NVIC_SetPriority)
    __arm_cp.1_0                             0x08001754   Number         4  stm32f0xx_hal_cortex.o(.text.__NVIC_SetPriority)
    __arm_cp.1_1                             0x08001758   Number         4  stm32f0xx_hal_cortex.o(.text.__NVIC_SetPriority)
    [Anonymous Symbol]                       0x0800175c   Section        0  network_functions.o(.text.close_tcp_connection)
    __arm_cp.3_1                             0x080017a4   Number         4  network_functions.o(.text.close_tcp_connection)
    [Anonymous Symbol]                       0x080017b4   Section        0  network_functions.o(.text.enable_gprs)
    __arm_cp.1_1                             0x08001b7c   Number         4  network_functions.o(.text.enable_gprs)
    __arm_cp.1_2                             0x08001b80   Number         4  network_functions.o(.text.enable_gprs)
    __arm_cp.1_3                             0x08001b84   Number         4  network_functions.o(.text.enable_gprs)
    __arm_cp.1_6                             0x08001bc0   Number         4  network_functions.o(.text.enable_gprs)
    __arm_cp.1_7                             0x08001bc4   Number         4  network_functions.o(.text.enable_gprs)
    __arm_cp.1_9                             0x08001bf8   Number         4  network_functions.o(.text.enable_gprs)
    __arm_cp.1_11                            0x08001c0c   Number         4  network_functions.o(.text.enable_gprs)
    __arm_cp.1_12                            0x08001c10   Number         4  network_functions.o(.text.enable_gprs)
    __arm_cp.1_14                            0x08001c1c   Number         4  network_functions.o(.text.enable_gprs)
    __arm_cp.1_15                            0x08001c20   Number         4  network_functions.o(.text.enable_gprs)
    __arm_cp.1_16                            0x08001c24   Number         4  network_functions.o(.text.enable_gprs)
    __arm_cp.1_18                            0x08001c2c   Number         4  network_functions.o(.text.enable_gprs)
    __arm_cp.1_19                            0x08001c30   Number         4  network_functions.o(.text.enable_gprs)
    __arm_cp.1_20                            0x08001c34   Number         4  network_functions.o(.text.enable_gprs)
    __arm_cp.1_23                            0x08001c40   Number         4  network_functions.o(.text.enable_gprs)
    __arm_cp.1_24                            0x08001c44   Number         4  network_functions.o(.text.enable_gprs)
    __arm_cp.1_25                            0x08001c48   Number         4  network_functions.o(.text.enable_gprs)
    __arm_cp.1_26                            0x08001c4c   Number         4  network_functions.o(.text.enable_gprs)
    __arm_cp.1_27                            0x08001c50   Number         4  network_functions.o(.text.enable_gprs)
    __arm_cp.1_28                            0x08001c54   Number         4  network_functions.o(.text.enable_gprs)
    __arm_cp.1_29                            0x08001c58   Number         4  network_functions.o(.text.enable_gprs)
    __arm_cp.1_30                            0x08001c5c   Number         4  network_functions.o(.text.enable_gprs)
    __arm_cp.1_31                            0x08001c60   Number         4  network_functions.o(.text.enable_gprs)
    __arm_cp.1_32                            0x08001c64   Number         4  network_functions.o(.text.enable_gprs)
    __arm_cp.1_33                            0x08001c68   Number         4  network_functions.o(.text.enable_gprs)
    __arm_cp.1_34                            0x08001c6c   Number         4  network_functions.o(.text.enable_gprs)
    __arm_cp.1_35                            0x08001c70   Number         4  network_functions.o(.text.enable_gprs)
    __arm_cp.1_36                            0x08001c74   Number         4  network_functions.o(.text.enable_gprs)
    __arm_cp.1_38                            0x08001c7c   Number         4  network_functions.o(.text.enable_gprs)
    __arm_cp.1_39                            0x08001c80   Number         4  network_functions.o(.text.enable_gprs)
    __arm_cp.1_40                            0x08001c84   Number         4  network_functions.o(.text.enable_gprs)
    __arm_cp.1_41                            0x08001c88   Number         4  network_functions.o(.text.enable_gprs)
    __arm_cp.1_42                            0x08001c8c   Number         4  network_functions.o(.text.enable_gprs)
    __arm_cp.1_43                            0x08001c90   Number         4  network_functions.o(.text.enable_gprs)
    __arm_cp.1_44                            0x08001c94   Number         4  network_functions.o(.text.enable_gprs)
    __arm_cp.1_45                            0x08001c98   Number         4  network_functions.o(.text.enable_gprs)
    __arm_cp.1_46                            0x08001c9c   Number         4  network_functions.o(.text.enable_gprs)
    __arm_cp.1_47                            0x08001ca0   Number         4  network_functions.o(.text.enable_gprs)
    __arm_cp.1_48                            0x08001ca4   Number         4  network_functions.o(.text.enable_gprs)
    __arm_cp.1_49                            0x08001ca8   Number         4  network_functions.o(.text.enable_gprs)
    __arm_cp.1_50                            0x08001cac   Number         4  network_functions.o(.text.enable_gprs)
    __arm_cp.1_51                            0x08001cb0   Number         4  network_functions.o(.text.enable_gprs)
    __arm_cp.1_52                            0x08001cb4   Number         4  network_functions.o(.text.enable_gprs)
    __arm_cp.1_53                            0x08001cb8   Number         4  network_functions.o(.text.enable_gprs)
    __arm_cp.1_54                            0x08001cbc   Number         4  network_functions.o(.text.enable_gprs)
    __arm_cp.1_55                            0x08001cc0   Number         4  network_functions.o(.text.enable_gprs)
    __arm_cp.1_56                            0x08001cc4   Number         4  network_functions.o(.text.enable_gprs)
    __arm_cp.1_57                            0x08001cc8   Number         4  network_functions.o(.text.enable_gprs)
    __arm_cp.1_58                            0x08001ccc   Number         4  network_functions.o(.text.enable_gprs)
    __arm_cp.1_59                            0x08001cd0   Number         4  network_functions.o(.text.enable_gprs)
    __arm_cp.1_60                            0x08001cd4   Number         4  network_functions.o(.text.enable_gprs)
    __arm_cp.1_61                            0x08001cd8   Number         4  network_functions.o(.text.enable_gprs)
    [Anonymous Symbol]                       0x08001cdc   Section        0  sim808.o(.text.is_subarray_present)
    [Anonymous Symbol]                       0x08001d24   Section        0  main.o(.text.main)
    __arm_cp.0_0                             0x08001dfc   Number         4  main.o(.text.main)
    __arm_cp.0_1                             0x08001e00   Number         4  main.o(.text.main)
    __arm_cp.0_2                             0x08001e04   Number         4  main.o(.text.main)
    __arm_cp.0_3                             0x08001e08   Number         4  main.o(.text.main)
    __arm_cp.0_4                             0x08001e0c   Number         4  main.o(.text.main)
    __arm_cp.0_5                             0x08001e10   Number         4  main.o(.text.main)
    __arm_cp.0_8                             0x08001e3c   Number         4  main.o(.text.main)
    [Anonymous Symbol]                       0x08001e50   Section        0  network_functions.o(.text.open_tcp_connection)
    __arm_cp.2_0                             0x08001fb4   Number         4  network_functions.o(.text.open_tcp_connection)
    __arm_cp.2_2                             0x08001fd4   Number         4  network_functions.o(.text.open_tcp_connection)
    __arm_cp.2_4                             0x08002004   Number         4  network_functions.o(.text.open_tcp_connection)
    __arm_cp.2_5                             0x08002008   Number         4  network_functions.o(.text.open_tcp_connection)
    __arm_cp.2_7                             0x08002018   Number         4  network_functions.o(.text.open_tcp_connection)
    __arm_cp.2_9                             0x08002028   Number         4  network_functions.o(.text.open_tcp_connection)
    __arm_cp.2_10                            0x0800202c   Number         4  network_functions.o(.text.open_tcp_connection)
    __arm_cp.2_11                            0x08002030   Number         4  network_functions.o(.text.open_tcp_connection)
    __arm_cp.2_12                            0x08002034   Number         4  network_functions.o(.text.open_tcp_connection)
    __arm_cp.2_13                            0x08002038   Number         4  network_functions.o(.text.open_tcp_connection)
    __arm_cp.2_14                            0x0800203c   Number         4  network_functions.o(.text.open_tcp_connection)
    __arm_cp.2_15                            0x08002040   Number         4  network_functions.o(.text.open_tcp_connection)
    __arm_cp.2_16                            0x08002044   Number         4  network_functions.o(.text.open_tcp_connection)
    __arm_cp.2_19                            0x0800206c   Number         4  network_functions.o(.text.open_tcp_connection)
    __arm_cp.2_20                            0x08002070   Number         4  network_functions.o(.text.open_tcp_connection)
    __arm_cp.2_21                            0x08002074   Number         4  network_functions.o(.text.open_tcp_connection)
    __arm_cp.2_23                            0x08002088   Number         4  network_functions.o(.text.open_tcp_connection)
    __arm_cp.2_24                            0x0800208c   Number         4  network_functions.o(.text.open_tcp_connection)
    __arm_cp.2_25                            0x08002090   Number         4  network_functions.o(.text.open_tcp_connection)
    [Anonymous Symbol]                       0x08002094   Section        0  network_functions.o(.text.publish_mqtt_msg)
    __arm_cp.5_1                             0x08002168   Number         4  network_functions.o(.text.publish_mqtt_msg)
    [Anonymous Symbol]                       0x080021e0   Section        0  sim808.o(.text.send_AT_cmd)
    [Anonymous Symbol]                       0x08002270   Section        0  sim808.o(.text.send_debug)
    [Anonymous Symbol]                       0x080022b4   Section        0  sim808.o(.text.send_raw_debug)
    __arm_cp.1_0                             0x080022f8   Number         4  sim808.o(.text.send_raw_debug)
    __arm_cp.1_2                             0x080022fc   Number         4  sim808.o(.text.send_raw_debug)
    __arm_cp.1_3                             0x08002300   Number         4  sim808.o(.text.send_raw_debug)
    [Anonymous Symbol]                       0x08002304   Section        0  sim808.o(.text.send_serial_data)
    __arm_cp.8_0                             0x0800237c   Number         4  sim808.o(.text.send_serial_data)
    __arm_cp.8_1                             0x08002380   Number         4  sim808.o(.text.send_serial_data)
    __arm_cp.8_2                             0x08002384   Number         4  sim808.o(.text.send_serial_data)
    __arm_cp.8_3                             0x08002388   Number         4  sim808.o(.text.send_serial_data)
    [Anonymous Symbol]                       0x08002394   Section        0  network_functions.o(.text.send_tcp_data)
    [Anonymous Symbol]                       0x0800244c   Section        0  sim808.o(.text.sim_init)
    __arm_cp.3_0                             0x080025c0   Number         4  sim808.o(.text.sim_init)
    __arm_cp.3_1                             0x080025c4   Number         4  sim808.o(.text.sim_init)
    __arm_cp.3_2                             0x080025c8   Number         4  sim808.o(.text.sim_init)
    __arm_cp.3_3                             0x080025cc   Number         4  sim808.o(.text.sim_init)
    __arm_cp.3_4                             0x080025d0   Number         4  sim808.o(.text.sim_init)
    __arm_cp.3_5                             0x080025d4   Number         4  sim808.o(.text.sim_init)
    __arm_cp.3_7                             0x080025f8   Number         4  sim808.o(.text.sim_init)
    __arm_cp.3_8                             0x080025fc   Number         4  sim808.o(.text.sim_init)
    __arm_cp.3_9                             0x08002600   Number         4  sim808.o(.text.sim_init)
    __arm_cp.3_11                            0x08002608   Number         4  sim808.o(.text.sim_init)
    __arm_cp.3_15                            0x0800266c   Number         4  sim808.o(.text.sim_init)
    [Anonymous Symbol]                       0x08002670   Section        0  network_functions.o(.text.sim_insert_PIN)
    __arm_cp.0_1                             0x080026b8   Number         4  network_functions.o(.text.sim_insert_PIN)
    [Anonymous Symbol]                       0x080026bc   Section        0  sim808.o(.text.sim_power_off)
    __arm_cp.5_3                             0x0800277c   Number         4  sim808.o(.text.sim_power_off)
    i.__0sprintf$1                           0x08002780   Section        0  printf1.o(i.__0sprintf$1)
    i.__scatterload_copy                     0x080027a8   Section       14  handlers.o(i.__scatterload_copy)
    i.__scatterload_null                     0x080027b6   Section        2  handlers.o(i.__scatterload_null)
    i.__scatterload_zeroinit                 0x080027b8   Section       14  handlers.o(i.__scatterload_zeroinit)
    _printf_core                             0x080027c9   Thumb Code   332  printf1.o(i._printf_core)
    i._printf_core                           0x080027c8   Section        0  printf1.o(i._printf_core)
    _sputc                                   0x08002919   Thumb Code    10  printf1.o(i._sputc)
    i._sputc                                 0x08002918   Section        0  printf1.o(i._sputc)
    [Anonymous Symbol]                       0x08002924   Section        0  network_functions.o(.rodata..L__const.open_tcp_connection.tcp_connect_cmd)
    [Anonymous Symbol]                       0x080029a4   Section        0  network_functions.o(.rodata..L__const.publish_mqtt_msg.connect_packet)
    close_tcp_connection.tcp_disconnect_cmd  0x08002a3c   Data          13  network_functions.o(.rodata.close_tcp_connection.tcp_disconnect_cmd)
    [Anonymous Symbol]                       0x08002a3c   Section        0  network_functions.o(.rodata.close_tcp_connection.tcp_disconnect_cmd)
    enable_gprs.PIN_status_cmd               0x08002a49   Data          10  network_functions.o(.rodata.enable_gprs.PIN_status_cmd)
    [Anonymous Symbol]                       0x08002a49   Section        0  network_functions.o(.rodata.enable_gprs.PIN_status_cmd)
    enable_gprs.SIM_detect_cmd               0x08002a53   Data          12  network_functions.o(.rodata.enable_gprs.SIM_detect_cmd)
    [Anonymous Symbol]                       0x08002a53   Section        0  network_functions.o(.rodata.enable_gprs.SIM_detect_cmd)
    enable_gprs.activate_PDP_context_cmd     0x08002a5f   Data          10  network_functions.o(.rodata.enable_gprs.activate_PDP_context_cmd)
    [Anonymous Symbol]                       0x08002a5f   Section        0  network_functions.o(.rodata.enable_gprs.activate_PDP_context_cmd)
    enable_gprs.check_PDP_context_cmd        0x08002a69   Data          10  network_functions.o(.rodata.enable_gprs.check_PDP_context_cmd)
    [Anonymous Symbol]                       0x08002a69   Section        0  network_functions.o(.rodata.enable_gprs.check_PDP_context_cmd)
    enable_gprs.check_gprs_state_cmd         0x08002a73   Data          14  network_functions.o(.rodata.enable_gprs.check_gprs_state_cmd)
    [Anonymous Symbol]                       0x08002a73   Section        0  network_functions.o(.rodata.enable_gprs.check_gprs_state_cmd)
    enable_gprs.check_grps_attach_cmd        0x08002a81   Data          11  network_functions.o(.rodata.enable_gprs.check_grps_attach_cmd)
    [Anonymous Symbol]                       0x08002a81   Section        0  network_functions.o(.rodata.enable_gprs.check_grps_attach_cmd)
    enable_gprs.check_registration_cmd       0x08002a8c   Data          10  network_functions.o(.rodata.enable_gprs.check_registration_cmd)
    [Anonymous Symbol]                       0x08002a8c   Section        0  network_functions.o(.rodata.enable_gprs.check_registration_cmd)
    enable_gprs.check_signal_cmd             0x08002a96   Data           8  network_functions.o(.rodata.enable_gprs.check_signal_cmd)
    [Anonymous Symbol]                       0x08002a96   Section        0  network_functions.o(.rodata.enable_gprs.check_signal_cmd)
    enable_gprs.enable_phone_function_cmd    0x08002a9e   Data          11  network_functions.o(.rodata.enable_gprs.enable_phone_function_cmd)
    [Anonymous Symbol]                       0x08002a9e   Section        0  network_functions.o(.rodata.enable_gprs.enable_phone_function_cmd)
    enable_gprs.get_IP_address_cmd           0x08002aa9   Data          10  network_functions.o(.rodata.enable_gprs.get_IP_address_cmd)
    [Anonymous Symbol]                       0x08002aa9   Section        0  network_functions.o(.rodata.enable_gprs.get_IP_address_cmd)
    enable_gprs.grps_attach_cmd              0x08002ab3   Data          12  network_functions.o(.rodata.enable_gprs.grps_attach_cmd)
    [Anonymous Symbol]                       0x08002ab3   Section        0  network_functions.o(.rodata.enable_gprs.grps_attach_cmd)
    enable_gprs.phone_status_check_cmd       0x08002abf   Data          10  network_functions.o(.rodata.enable_gprs.phone_status_check_cmd)
    [Anonymous Symbol]                       0x08002abf   Section        0  network_functions.o(.rodata.enable_gprs.phone_status_check_cmd)
    enable_gprs.register_ME_cmd              0x08002ac9   Data          11  network_functions.o(.rodata.enable_gprs.register_ME_cmd)
    [Anonymous Symbol]                       0x08002ac9   Section        0  network_functions.o(.rodata.enable_gprs.register_ME_cmd)
    enable_gprs.reset_PDP_cmd                0x08002ad4   Data          12  network_functions.o(.rodata.enable_gprs.reset_PDP_cmd)
    [Anonymous Symbol]                       0x08002ad4   Section        0  network_functions.o(.rodata.enable_gprs.reset_PDP_cmd)
    open_tcp_connection.get_tcp_status_cmd   0x08002ae0   Data          14  network_functions.o(.rodata.open_tcp_connection.get_tcp_status_cmd)
    [Anonymous Symbol]                       0x08002ae0   Section        0  network_functions.o(.rodata.open_tcp_connection.get_tcp_status_cmd)
    open_tcp_connection.tcp_disconnect_cmd   0x08002aee   Data          13  network_functions.o(.rodata.open_tcp_connection.tcp_disconnect_cmd)
    [Anonymous Symbol]                       0x08002aee   Section        0  network_functions.o(.rodata.open_tcp_connection.tcp_disconnect_cmd)
    [Anonymous Symbol]                       0x08002afb   Section        0  sim808.o(.rodata.str1.1)
    [Anonymous Symbol]                       0x08002b58   Section        0  network_functions.o(.rodata.str1.1)
    [Anonymous Symbol]                       0x08002ffc   Section        0  sim808.o(.rodata.str1.4)
    [Anonymous Symbol]                       0x08003008   Section        0  network_functions.o(.rodata.str1.4)
    [Anonymous Symbol]                       0x20000000   Section        0  stm32f0xx_hal.o(.data..L_MergedGlobals)
    enable_gprs.define_PDP_context_cmd       0x2000000c   Data          20  network_functions.o(.data.enable_gprs.define_PDP_context_cmd)
    [Anonymous Symbol]                       0x2000000c   Section        0  network_functions.o(.data.enable_gprs.define_PDP_context_cmd)
    rx_byte                                  0x20000020   Data           1  sim808.o(.bss..L_MergedGlobals)
    [Anonymous Symbol]                       0x20000020   Section        0  sim808.o(.bss..L_MergedGlobals)
    rx_index                                 0x20000021   Data           1  sim808.o(.bss..L_MergedGlobals)
    sim_rx_buffer                            0x2000012c   Data         256  sim808.o(.bss.sim_rx_buffer)
    [Anonymous Symbol]                       0x2000012c   Section        0  sim808.o(.bss.sim_rx_buffer)
    STACK                                    0x20000230   Section     1024  startup_stm32f051x8.o(STACK)

    Global Symbols

    Symbol Name                              Value     Ov Type        Size  Object(Section)

    BuildAttributes$$THM_ISAv3M$S$PE$A:L22$X:L11$S22$IEEE1$IW$~IW$USESV6$~STKCKD$USESV7$~SHL$OSPACE$ROPI$EBA8$MICROLIB$REQ8$PRES8$EABIv2 0x00000000   Number         0  anon$$obj.o ABSOLUTE
    _printf_a                                0x00000000   Number         0  printfstubs.o ABSOLUTE
    _printf_c                                0x00000000   Number         0  printfstubs.o ABSOLUTE
    _printf_charcount                        0x00000000   Number         0  printfstubs.o ABSOLUTE
    _printf_d                                0x00000000   Number         0  printfstubs.o ABSOLUTE
    _printf_e                                0x00000000   Number         0  printfstubs.o ABSOLUTE
    _printf_f                                0x00000000   Number         0  printfstubs.o ABSOLUTE
    _printf_flags                            0x00000000   Number         0  printfstubs.o ABSOLUTE
    _printf_fp_dec                           0x00000000   Number         0  printfstubs.o ABSOLUTE
    _printf_fp_hex                           0x00000000   Number         0  printfstubs.o ABSOLUTE
    _printf_g                                0x00000000   Number         0  printfstubs.o ABSOLUTE
    _printf_i                                0x00000000   Number         0  printfstubs.o ABSOLUTE
    _printf_int_dec                          0x00000000   Number         0  printfstubs.o ABSOLUTE
    _printf_l                                0x00000000   Number         0  printfstubs.o ABSOLUTE
    _printf_lc                               0x00000000   Number         0  printfstubs.o ABSOLUTE
    _printf_ll                               0x00000000   Number         0  printfstubs.o ABSOLUTE
    _printf_lld                              0x00000000   Number         0  printfstubs.o ABSOLUTE
    _printf_lli                              0x00000000   Number         0  printfstubs.o ABSOLUTE
    _printf_llo                              0x00000000   Number         0  printfstubs.o ABSOLUTE
    _printf_llu                              0x00000000   Number         0  printfstubs.o ABSOLUTE
    _printf_llx                              0x00000000   Number         0  printfstubs.o ABSOLUTE
    _printf_longlong_dec                     0x00000000   Number         0  printfstubs.o ABSOLUTE
    _printf_longlong_hex                     0x00000000   Number         0  printfstubs.o ABSOLUTE
    _printf_longlong_oct                     0x00000000   Number         0  printfstubs.o ABSOLUTE
    _printf_ls                               0x00000000   Number         0  printfstubs.o ABSOLUTE
    _printf_mbtowc                           0x00000000   Number         0  printfstubs.o ABSOLUTE
    _printf_n                                0x00000000   Number         0  printfstubs.o ABSOLUTE
    _printf_o                                0x00000000   Number         0  printfstubs.o ABSOLUTE
    _printf_p                                0x00000000   Number         0  printfstubs.o ABSOLUTE
    _printf_percent                          0x00000000   Number         0  printfstubs.o ABSOLUTE
    _printf_pre_padding                      0x00000000   Number         0  printfstubs.o ABSOLUTE
    _printf_return_value                     0x00000000   Number         0  printfstubs.o ABSOLUTE
    _printf_s                                0x00000000   Number         0  printfstubs.o ABSOLUTE
    _printf_sizespec                         0x00000000   Number         0  printfstubs.o ABSOLUTE
    _printf_str                              0x00000000   Number         0  printfstubs.o ABSOLUTE
    _printf_truncate_signed                  0x00000000   Number         0  printfstubs.o ABSOLUTE
    _printf_truncate_unsigned                0x00000000   Number         0  printfstubs.o ABSOLUTE
    _printf_u                                0x00000000   Number         0  printfstubs.o ABSOLUTE
    _printf_wc                               0x00000000   Number         0  printfstubs.o ABSOLUTE
    _printf_wctomb                           0x00000000   Number         0  printfstubs.o ABSOLUTE
    _printf_widthprec                        0x00000000   Number         0  printfstubs.o ABSOLUTE
    _printf_x                                0x00000000   Number         0  printfstubs.o ABSOLUTE
    __cpp_initialize__aeabi_                  - Undefined Weak Reference
    __cxa_finalize                            - Undefined Weak Reference
    __decompress                              - Undefined Weak Reference
    _clock_init                               - Undefined Weak Reference
    _microlib_exit                            - Undefined Weak Reference
    __Vectors_Size                           0x000000bc   Number         0  startup_stm32f051x8.o ABSOLUTE
    __Vectors                                0x08000000   Data           4  startup_stm32f051x8.o(RESET)
    __Vectors_End                            0x080000bc   Data           0  startup_stm32f051x8.o(RESET)
    __main                                   0x080000bd   Thumb Code     0  entry.o(.ARM.Collect$$$$00000000)
    _main_stk                                0x080000bd   Thumb Code     0  entry2.o(.ARM.Collect$$$$00000001)
    _main_scatterload                        0x080000c1   Thumb Code     0  entry5.o(.ARM.Collect$$$$00000004)
    __main_after_scatterload                 0x080000c5   Thumb Code     0  entry5.o(.ARM.Collect$$$$00000004)
    _main_clock                              0x080000c5   Thumb Code     0  entry7b.o(.ARM.Collect$$$$00000008)
    _main_cpp_init                           0x080000c5   Thumb Code     0  entry8b.o(.ARM.Collect$$$$0000000A)
    _main_init                               0x080000c5   Thumb Code     0  entry9a.o(.ARM.Collect$$$$0000000B)
    __rt_final_cpp                           0x080000cd   Thumb Code     0  entry10a.o(.ARM.Collect$$$$0000000D)
    __rt_final_exit                          0x080000cd   Thumb Code     0  entry11a.o(.ARM.Collect$$$$0000000F)
    Reset_Handler                            0x080000d1   Thumb Code     8  startup_stm32f051x8.o(.text)
    ADC1_COMP_IRQHandler                     0x080000e3   Thumb Code     0  startup_stm32f051x8.o(.text)
    CEC_IRQHandler                           0x080000e3   Thumb Code     0  startup_stm32f051x8.o(.text)
    DMA1_Channel1_IRQHandler                 0x080000e3   Thumb Code     0  startup_stm32f051x8.o(.text)
    DMA1_Channel2_3_IRQHandler               0x080000e3   Thumb Code     0  startup_stm32f051x8.o(.text)
    DMA1_Channel4_5_IRQHandler               0x080000e3   Thumb Code     0  startup_stm32f051x8.o(.text)
    EXTI0_1_IRQHandler                       0x080000e3   Thumb Code     0  startup_stm32f051x8.o(.text)
    EXTI2_3_IRQHandler                       0x080000e3   Thumb Code     0  startup_stm32f051x8.o(.text)
    EXTI4_15_IRQHandler                      0x080000e3   Thumb Code     0  startup_stm32f051x8.o(.text)
    FLASH_IRQHandler                         0x080000e3   Thumb Code     0  startup_stm32f051x8.o(.text)
    I2C1_IRQHandler                          0x080000e3   Thumb Code     0  startup_stm32f051x8.o(.text)
    I2C2_IRQHandler                          0x080000e3   Thumb Code     0  startup_stm32f051x8.o(.text)
    PVD_IRQHandler                           0x080000e3   Thumb Code     0  startup_stm32f051x8.o(.text)
    RCC_IRQHandler                           0x080000e3   Thumb Code     0  startup_stm32f051x8.o(.text)
    RTC_IRQHandler                           0x080000e3   Thumb Code     0  startup_stm32f051x8.o(.text)
    SPI1_IRQHandler                          0x080000e3   Thumb Code     0  startup_stm32f051x8.o(.text)
    SPI2_IRQHandler                          0x080000e3   Thumb Code     0  startup_stm32f051x8.o(.text)
    TIM14_IRQHandler                         0x080000e3   Thumb Code     0  startup_stm32f051x8.o(.text)
    TIM15_IRQHandler                         0x080000e3   Thumb Code     0  startup_stm32f051x8.o(.text)
    TIM16_IRQHandler                         0x080000e3   Thumb Code     0  startup_stm32f051x8.o(.text)
    TIM17_IRQHandler                         0x080000e3   Thumb Code     0  startup_stm32f051x8.o(.text)
    TIM1_BRK_UP_TRG_COM_IRQHandler           0x080000e3   Thumb Code     0  startup_stm32f051x8.o(.text)
    TIM1_CC_IRQHandler                       0x080000e3   Thumb Code     0  startup_stm32f051x8.o(.text)
    TIM2_IRQHandler                          0x080000e3   Thumb Code     0  startup_stm32f051x8.o(.text)
    TIM3_IRQHandler                          0x080000e3   Thumb Code     0  startup_stm32f051x8.o(.text)
    TIM6_DAC_IRQHandler                      0x080000e3   Thumb Code     0  startup_stm32f051x8.o(.text)
    TSC_IRQHandler                           0x080000e3   Thumb Code     0  startup_stm32f051x8.o(.text)
    WWDG_IRQHandler                          0x080000e3   Thumb Code     0  startup_stm32f051x8.o(.text)
    __aeabi_memcpy                           0x080000ed   Thumb Code    36  memcpya.o(.text)
    __aeabi_memcpy4                          0x080000ed   Thumb Code     0  memcpya.o(.text)
    __aeabi_memcpy8                          0x080000ed   Thumb Code     0  memcpya.o(.text)
    __aeabi_memset                           0x08000111   Thumb Code    14  memseta.o(.text)
    __aeabi_memset4                          0x08000111   Thumb Code     0  memseta.o(.text)
    __aeabi_memset8                          0x08000111   Thumb Code     0  memseta.o(.text)
    __aeabi_memclr                           0x0800011f   Thumb Code     4  memseta.o(.text)
    __aeabi_memclr4                          0x0800011f   Thumb Code     0  memseta.o(.text)
    __aeabi_memclr8                          0x0800011f   Thumb Code     0  memseta.o(.text)
    _memset$wrapper                          0x08000123   Thumb Code    18  memseta.o(.text)
    strcat                                   0x08000135   Thumb Code    24  strcat.o(.text)
    strstr                                   0x0800014d   Thumb Code    40  strstr.o(.text)
    strlen                                   0x08000175   Thumb Code    14  strlen.o(.text)
    __aeabi_uidiv                            0x08000183   Thumb Code     0  uidiv_div0.o(.text)
    __aeabi_uidivmod                         0x08000183   Thumb Code    62  uidiv_div0.o(.text)
    __scatterload                            0x080001c1   Thumb Code    28  init.o(.text)
    __scatterload_rt2                        0x080001c1   Thumb Code     0  init.o(.text)
    Error_Handler                            0x080001e5   Thumb Code     8  main.o(.text.Error_Handler)
    HAL_DMA_Abort                            0x080001ed   Thumb Code    60  stm32f0xx_hal_dma.o(.text.HAL_DMA_Abort)
    HAL_DMA_Abort_IT                         0x08000229   Thumb Code    68  stm32f0xx_hal_dma.o(.text.HAL_DMA_Abort_IT)
    HAL_Delay                                0x0800026d   Thumb Code    32  stm32f0xx_hal.o(.text.HAL_Delay)
    HAL_GPIO_Init                            0x0800028d   Thumb Code   384  stm32f0xx_hal_gpio.o(.text.HAL_GPIO_Init)
    HAL_GPIO_ReadPin                         0x08000421   Thumb Code    10  stm32f0xx_hal_gpio.o(.text.HAL_GPIO_ReadPin)
    HAL_GPIO_TogglePin                       0x0800042b   Thumb Code    16  stm32f0xx_hal_gpio.o(.text.HAL_GPIO_TogglePin)
    HAL_GPIO_WritePin                        0x0800043b   Thumb Code    14  stm32f0xx_hal_gpio.o(.text.HAL_GPIO_WritePin)
    HAL_GetTick                              0x08000449   Thumb Code     8  stm32f0xx_hal.o(.text.HAL_GetTick)
    HAL_IncTick                              0x08000451   Thumb Code    16  stm32f0xx_hal.o(.text.HAL_IncTick)
    HAL_Init                                 0x08000465   Thumb Code    28  stm32f0xx_hal.o(.text.HAL_Init)
    HAL_InitTick                             0x08000481   Thumb Code    60  stm32f0xx_hal.o(.text.HAL_InitTick)
    HAL_MspInit                              0x080004c1   Thumb Code    40  stm32f0xx_hal_msp.o(.text.HAL_MspInit)
    HAL_NVIC_EnableIRQ                       0x080004ed   Thumb Code    20  stm32f0xx_hal_cortex.o(.text.HAL_NVIC_EnableIRQ)
    HAL_NVIC_SetPriority                     0x08000505   Thumb Code     8  stm32f0xx_hal_cortex.o(.text.HAL_NVIC_SetPriority)
    HAL_RCCEx_PeriphCLKConfig                0x0800050d   Thumb Code   252  stm32f0xx_hal_rcc_ex.o(.text.HAL_RCCEx_PeriphCLKConfig)
    HAL_RCC_ClockConfig                      0x08000615   Thumb Code   248  stm32f0xx_hal_rcc.o(.text.HAL_RCC_ClockConfig)
    HAL_RCC_GetPCLK1Freq                     0x08000719   Thumb Code    20  stm32f0xx_hal_rcc.o(.text.HAL_RCC_GetPCLK1Freq)
    HAL_RCC_GetSysClockFreq                  0x08000735   Thumb Code    56  stm32f0xx_hal_rcc.o(.text.HAL_RCC_GetSysClockFreq)
    HAL_RCC_OscConfig                        0x08000799   Thumb Code   976  stm32f0xx_hal_rcc.o(.text.HAL_RCC_OscConfig)
    HAL_SYSTICK_Config                       0x08000b75   Thumb Code    40  stm32f0xx_hal_cortex.o(.text.HAL_SYSTICK_Config)
    HAL_UARTEx_RxEventCallback               0x08000ba9   Thumb Code     2  stm32f0xx_hal_uart.o(.text.HAL_UARTEx_RxEventCallback)
    HAL_UARTEx_WakeupCallback                0x08000bab   Thumb Code     2  stm32f0xx_hal_uart_ex.o(.text.HAL_UARTEx_WakeupCallback)
    HAL_UART_ErrorCallback                   0x08000bad   Thumb Code     2  stm32f0xx_hal_uart.o(.text.HAL_UART_ErrorCallback)
    HAL_UART_IRQHandler                      0x08000bb1   Thumb Code   676  stm32f0xx_hal_uart.o(.text.HAL_UART_IRQHandler)
    HAL_UART_Init                            0x08000e61   Thumb Code   106  stm32f0xx_hal_uart.o(.text.HAL_UART_Init)
    HAL_UART_MspInit                         0x08000ecd   Thumb Code   160  stm32f0xx_hal_msp.o(.text.HAL_UART_MspInit)
    HAL_UART_Receive_IT                      0x08000f75   Thumb Code   106  stm32f0xx_hal_uart.o(.text.HAL_UART_Receive_IT)
    HAL_UART_RxCpltCallback                  0x08000fe1   Thumb Code    36  sim808.o(.text.HAL_UART_RxCpltCallback)
    HAL_UART_Transmit                        0x08001015   Thumb Code   232  stm32f0xx_hal_uart.o(.text.HAL_UART_Transmit)
    HAL_UART_TxCpltCallback                  0x08001101   Thumb Code     2  stm32f0xx_hal_uart.o(.text.HAL_UART_TxCpltCallback)
    HardFault_Handler                        0x08001105   Thumb Code    36  stm32f0xx_it.o(.text.HardFault_Handler)
    NMI_Handler                              0x0800112d   Thumb Code     2  stm32f0xx_it.o(.text.NMI_Handler)
    PendSV_Handler                           0x0800112f   Thumb Code     2  stm32f0xx_it.o(.text.PendSV_Handler)
    SVC_Handler                              0x08001131   Thumb Code     2  stm32f0xx_it.o(.text.SVC_Handler)
    SysTick_Handler                          0x08001133   Thumb Code     8  stm32f0xx_it.o(.text.SysTick_Handler)
    SystemClock_Config                       0x0800113b   Thumb Code   108  main.o(.text.SystemClock_Config)
    SystemInit                               0x080011a7   Thumb Code     2  system_stm32f0xx.o(.text.SystemInit)
    UART_AdvFeatureConfig                    0x080011a9   Thumb Code   184  stm32f0xx_hal_uart.o(.text.UART_AdvFeatureConfig)
    UART_CheckIdleState                      0x08001261   Thumb Code   100  stm32f0xx_hal_uart.o(.text.UART_CheckIdleState)
    UART_SetConfig                           0x0800147d   Thumb Code   244  stm32f0xx_hal_uart.o(.text.UART_SetConfig)
    UART_Start_Receive_IT                    0x08001599   Thumb Code   140  stm32f0xx_hal_uart.o(.text.UART_Start_Receive_IT)
    UART_WaitOnFlagUntilTimeout              0x08001631   Thumb Code   204  stm32f0xx_hal_uart.o(.text.UART_WaitOnFlagUntilTimeout)
    USART1_IRQHandler                        0x080016fd   Thumb Code    12  stm32f0xx_it.o(.text.USART1_IRQHandler)
    USART2_IRQHandler                        0x0800170d   Thumb Code    12  stm32f0xx_it.o(.text.USART2_IRQHandler)
    close_tcp_connection                     0x0800175d   Thumb Code    32  network_functions.o(.text.close_tcp_connection)
    enable_gprs                              0x080017b5   Thumb Code   948  network_functions.o(.text.enable_gprs)
    is_subarray_present                      0x08001cdd   Thumb Code    72  sim808.o(.text.is_subarray_present)
    main                                     0x08001d25   Thumb Code   216  main.o(.text.main)
    open_tcp_connection                      0x08001e51   Thumb Code   356  network_functions.o(.text.open_tcp_connection)
    publish_mqtt_msg                         0x08002095   Thumb Code   188  network_functions.o(.text.publish_mqtt_msg)
    send_AT_cmd                              0x080021e1   Thumb Code   144  sim808.o(.text.send_AT_cmd)
    send_debug                               0x08002271   Thumb Code    68  sim808.o(.text.send_debug)
    send_raw_debug                           0x080022b5   Thumb Code    68  sim808.o(.text.send_raw_debug)
    send_serial_data                         0x08002305   Thumb Code   120  sim808.o(.text.send_serial_data)
    send_tcp_data                            0x08002395   Thumb Code    76  network_functions.o(.text.send_tcp_data)
    sim_init                                 0x0800244d   Thumb Code   372  sim808.o(.text.sim_init)
    sim_insert_PIN                           0x08002671   Thumb Code    56  network_functions.o(.text.sim_insert_PIN)
    sim_power_off                            0x080026bd   Thumb Code   112  sim808.o(.text.sim_power_off)
    __0sprintf$1                             0x08002781   Thumb Code    36  printf1.o(i.__0sprintf$1)
    __1sprintf$1                             0x08002781   Thumb Code     0  printf1.o(i.__0sprintf$1)
    __2sprintf                               0x08002781   Thumb Code     0  printf1.o(i.__0sprintf$1)
    __scatterload_copy                       0x080027a9   Thumb Code    14  handlers.o(i.__scatterload_copy)
    __scatterload_null                       0x080027b7   Thumb Code     2  handlers.o(i.__scatterload_null)
    __scatterload_zeroinit                   0x080027b9   Thumb Code    14  handlers.o(i.__scatterload_zeroinit)
    AHBPrescTable                            0x08002a24   Data          16  system_stm32f0xx.o(.rodata.AHBPrescTable)
    APBPrescTable                            0x08002a34   Data           8  system_stm32f0xx.o(.rodata.APBPrescTable)
    Region$$Table$$Base                      0x08003014   Number         0  anon$$obj.o(Region$$Table)
    Region$$Table$$Limit                     0x08003034   Number         0  anon$$obj.o(Region$$Table)
    uwTickFreq                               0x20000000   Data           1  stm32f0xx_hal.o(.data..L_MergedGlobals)
    uwTickPrio                               0x20000004   Data           4  stm32f0xx_hal.o(.data..L_MergedGlobals)
    SystemCoreClock                          0x20000008   Data           4  system_stm32f0xx.o(.data.SystemCoreClock)
    huart1                                   0x20000024   Data         132  sim808.o(.bss.huart1)
    huart2                                   0x200000a8   Data         132  sim808.o(.bss.huart2)
    uwTick                                   0x2000022c   Data           4  stm32f0xx_hal.o(.bss.uwTick)
    __initial_sp                             0x20000630   Data           0  startup_stm32f051x8.o(STACK)



==============================================================================

Memory Map of the image

  Image Entry point : 0x080000bd

  Load Region LR_IROM1 (Base: 0x08000000, Size: 0x00003058, Max: 0x00010000, ABSOLUTE)

    Execution Region ER_IROM1 (Exec base: 0x08000000, Load base: 0x08000000, Size: 0x00003034, Max: 0x00010000, ABSOLUTE)

    Exec Addr    Load Addr    Size         Type   Attr      Idx    E Section Name        Object

    0x08000000   0x08000000   0x000000bc   Data   RO            3    RESET               startup_stm32f051x8.o
    0x080000bc   0x080000bc   0x00000000   Code   RO          851  * .ARM.Collect$$$$00000000  mc_p.l(entry.o)
    0x080000bc   0x080000bc   0x00000004   Code   RO         1133    .ARM.Collect$$$$00000001  mc_p.l(entry2.o)
    0x080000c0   0x080000c0   0x00000004   Code   RO         1136    .ARM.Collect$$$$00000004  mc_p.l(entry5.o)
    0x080000c4   0x080000c4   0x00000000   Code   RO         1138    .ARM.Collect$$$$00000008  mc_p.l(entry7b.o)
    0x080000c4   0x080000c4   0x00000000   Code   RO         1140    .ARM.Collect$$$$0000000A  mc_p.l(entry8b.o)
    0x080000c4   0x080000c4   0x00000008   Code   RO         1141    .ARM.Collect$$$$0000000B  mc_p.l(entry9a.o)
    0x080000cc   0x080000cc   0x00000000   Code   RO         1143    .ARM.Collect$$$$0000000D  mc_p.l(entry10a.o)
    0x080000cc   0x080000cc   0x00000000   Code   RO         1145    .ARM.Collect$$$$0000000F  mc_p.l(entry11a.o)
    0x080000cc   0x080000cc   0x00000004   Code   RO         1134    .ARM.Collect$$$$00002712  mc_p.l(entry2.o)
    0x080000d0   0x080000d0   0x0000001c   Code   RO            4    .text               startup_stm32f051x8.o
    0x080000ec   0x080000ec   0x00000024   Code   RO          860    .text               mc_p.l(memcpya.o)
    0x08000110   0x08000110   0x00000024   Code   RO          862    .text               mc_p.l(memseta.o)
    0x08000134   0x08000134   0x00000018   Code   RO          864    .text               mc_p.l(strcat.o)
    0x0800014c   0x0800014c   0x00000028   Code   RO          866    .text               mc_p.l(strstr.o)
    0x08000174   0x08000174   0x0000000e   Code   RO          868    .text               mc_p.l(strlen.o)
    0x08000182   0x08000182   0x0000003e   Code   RO         1154    .text               mc_p.l(uidiv_div0.o)
    0x080001c0   0x080001c0   0x00000024   Code   RO         1173    .text               mc_p.l(init.o)
    0x080001e4   0x080001e4   0x00000008   Code   RO           82    .text.Error_Handler  main.o
    0x080001ec   0x080001ec   0x0000003c   Code   RO          638    .text.HAL_DMA_Abort  stm32f0xx_hal_dma.o
    0x08000228   0x08000228   0x00000044   Code   RO          640    .text.HAL_DMA_Abort_IT  stm32f0xx_hal_dma.o
    0x0800026c   0x0800026c   0x00000020   Code   RO          383    .text.HAL_Delay     stm32f0xx_hal.o
    0x0800028c   0x0800028c   0x00000194   Code   RO          604    .text.HAL_GPIO_Init  stm32f0xx_hal_gpio.o
    0x08000420   0x08000420   0x0000000a   Code   RO          608    .text.HAL_GPIO_ReadPin  stm32f0xx_hal_gpio.o
    0x0800042a   0x0800042a   0x00000010   Code   RO          612    .text.HAL_GPIO_TogglePin  stm32f0xx_hal_gpio.o
    0x0800043a   0x0800043a   0x0000000e   Code   RO          610    .text.HAL_GPIO_WritePin  stm32f0xx_hal_gpio.o
    0x08000448   0x08000448   0x00000008   Code   RO          375    .text.HAL_GetTick   stm32f0xx_hal.o
    0x08000450   0x08000450   0x00000014   Code   RO          373    .text.HAL_IncTick   stm32f0xx_hal.o
    0x08000464   0x08000464   0x0000001c   Code   RO          363    .text.HAL_Init      stm32f0xx_hal.o
    0x08000480   0x08000480   0x00000040   Code   RO          365    .text.HAL_InitTick  stm32f0xx_hal.o
    0x080004c0   0x080004c0   0x0000002c   Code   RO           32    .text.HAL_MspInit   stm32f0xx_hal_msp.o
    0x080004ec   0x080004ec   0x00000018   Code   RO          666    .text.HAL_NVIC_EnableIRQ  stm32f0xx_hal_cortex.o
    0x08000504   0x08000504   0x00000008   Code   RO          662    .text.HAL_NVIC_SetPriority  stm32f0xx_hal_cortex.o
    0x0800050c   0x0800050c   0x00000108   Code   RO          349    .text.HAL_RCCEx_PeriphCLKConfig  stm32f0xx_hal_rcc_ex.o
    0x08000614   0x08000614   0x00000104   Code   RO          319    .text.HAL_RCC_ClockConfig  stm32f0xx_hal_rcc.o
    0x08000718   0x08000718   0x0000001c   Code   RO          331    .text.HAL_RCC_GetPCLK1Freq  stm32f0xx_hal_rcc.o
    0x08000734   0x08000734   0x00000064   Code   RO          321    .text.HAL_RCC_GetSysClockFreq  stm32f0xx_hal_rcc.o
    0x08000798   0x08000798   0x000003dc   Code   RO          317    .text.HAL_RCC_OscConfig  stm32f0xx_hal_rcc.o
    0x08000b74   0x08000b74   0x00000034   Code   RO          674    .text.HAL_SYSTICK_Config  stm32f0xx_hal_cortex.o
    0x08000ba8   0x08000ba8   0x00000002   Code   RO          241    .text.HAL_UARTEx_RxEventCallback  stm32f0xx_hal_uart.o
    0x08000baa   0x08000baa   0x00000002   Code   RO          291    .text.HAL_UARTEx_WakeupCallback  stm32f0xx_hal_uart_ex.o
    0x08000bac   0x08000bac   0x00000002   Code   RO          239    .text.HAL_UART_ErrorCallback  stm32f0xx_hal_uart.o
    0x08000bae   0x08000bae   0x00000002   PAD
    0x08000bb0   0x08000bb0   0x000002b0   Code   RO          235    .text.HAL_UART_IRQHandler  stm32f0xx_hal_uart.o
    0x08000e60   0x08000e60   0x0000006a   Code   RO          151    .text.HAL_UART_Init  stm32f0xx_hal_uart.o
    0x08000eca   0x08000eca   0x00000002   PAD
    0x08000ecc   0x08000ecc   0x000000a8   Code   RO           34    .text.HAL_UART_MspInit  stm32f0xx_hal_msp.o
    0x08000f74   0x08000f74   0x0000006a   Code   RO          183    .text.HAL_UART_Receive_IT  stm32f0xx_hal_uart.o
    0x08000fde   0x08000fde   0x00000002   PAD
    0x08000fe0   0x08000fe0   0x00000034   Code   RO           50    .text.HAL_UART_RxCpltCallback  sim808.o
    0x08001014   0x08001014   0x000000ec   Code   RO          171    .text.HAL_UART_Transmit  stm32f0xx_hal_uart.o
    0x08001100   0x08001100   0x00000002   Code   RO          243    .text.HAL_UART_TxCpltCallback  stm32f0xx_hal_uart.o
    0x08001102   0x08001102   0x00000002   PAD
    0x08001104   0x08001104   0x00000028   Code   RO           13    .text.HardFault_Handler  stm32f0xx_it.o
    0x0800112c   0x0800112c   0x00000002   Code   RO           11    .text.NMI_Handler   stm32f0xx_it.o
    0x0800112e   0x0800112e   0x00000002   Code   RO           17    .text.PendSV_Handler  stm32f0xx_it.o
    0x08001130   0x08001130   0x00000002   Code   RO           15    .text.SVC_Handler   stm32f0xx_it.o
    0x08001132   0x08001132   0x00000008   Code   RO           19    .text.SysTick_Handler  stm32f0xx_it.o
    0x0800113a   0x0800113a   0x0000006c   Code   RO           80    .text.SystemClock_Config  main.o
    0x080011a6   0x080011a6   0x00000002   Code   RO          837    .text.SystemInit    system_stm32f0xx.o
    0x080011a8   0x080011a8   0x000000b8   Code   RO          157    .text.UART_AdvFeatureConfig  stm32f0xx_hal_uart.o
    0x08001260   0x08001260   0x00000068   Code   RO          159    .text.UART_CheckIdleState  stm32f0xx_hal_uart.o
    0x080012c8   0x080012c8   0x00000016   Code   RO          237    .text.UART_DMAAbortOnError  stm32f0xx_hal_uart.o
    0x080012de   0x080012de   0x00000058   Code   RO          207    .text.UART_EndRxTransfer  stm32f0xx_hal_uart.o
    0x08001336   0x08001336   0x000000a2   Code   RO          273    .text.UART_RxISR_16BIT  stm32f0xx_hal_uart.o
    0x080013d8   0x080013d8   0x000000a4   Code   RO          275    .text.UART_RxISR_8BIT  stm32f0xx_hal_uart.o
    0x0800147c   0x0800147c   0x0000011c   Code   RO          155    .text.UART_SetConfig  stm32f0xx_hal_uart.o
    0x08001598   0x08001598   0x00000098   Code   RO          185    .text.UART_Start_Receive_IT  stm32f0xx_hal_uart.o
    0x08001630   0x08001630   0x000000cc   Code   RO          173    .text.UART_WaitOnFlagUntilTimeout  stm32f0xx_hal_uart.o
    0x080016fc   0x080016fc   0x00000010   Code   RO           21    .text.USART1_IRQHandler  stm32f0xx_it.o
    0x0800170c   0x0800170c   0x00000010   Code   RO           23    .text.USART2_IRQHandler  stm32f0xx_it.o
    0x0800171c   0x0800171c   0x00000040   Code   RO          664    .text.__NVIC_SetPriority  stm32f0xx_hal_cortex.o
    0x0800175c   0x0800175c   0x00000058   Code   RO          113    .text.close_tcp_connection  network_functions.o
    0x080017b4   0x080017b4   0x00000528   Code   RO          109    .text.enable_gprs   network_functions.o
    0x08001cdc   0x08001cdc   0x00000048   Code   RO           60    .text.is_subarray_present  sim808.o
    0x08001d24   0x08001d24   0x0000012c   Code   RO           78    .text.main          main.o
    0x08001e50   0x08001e50   0x00000244   Code   RO          111    .text.open_tcp_connection  network_functions.o
    0x08002094   0x08002094   0x0000014c   Code   RO          117    .text.publish_mqtt_msg  network_functions.o
    0x080021e0   0x080021e0   0x00000090   Code   RO           54    .text.send_AT_cmd   sim808.o
    0x08002270   0x08002270   0x00000044   Code   RO           46    .text.send_debug    sim808.o
    0x080022b4   0x080022b4   0x00000050   Code   RO           48    .text.send_raw_debug  sim808.o
    0x08002304   0x08002304   0x00000090   Code   RO           62    .text.send_serial_data  sim808.o
    0x08002394   0x08002394   0x000000b8   Code   RO          115    .text.send_tcp_data  network_functions.o
    0x0800244c   0x0800244c   0x00000224   Code   RO           52    .text.sim_init      sim808.o
    0x08002670   0x08002670   0x0000004c   Code   RO          107    .text.sim_insert_PIN  network_functions.o
    0x080026bc   0x080026bc   0x000000c4   Code   RO           56    .text.sim_power_off  sim808.o
    0x08002780   0x08002780   0x00000028   Code   RO          919    i.__0sprintf$1      mc_p.l(printf1.o)
    0x080027a8   0x080027a8   0x0000000e   Code   RO         1187    i.__scatterload_copy  mc_p.l(handlers.o)
    0x080027b6   0x080027b6   0x00000002   Code   RO         1188    i.__scatterload_null  mc_p.l(handlers.o)
    0x080027b8   0x080027b8   0x0000000e   Code   RO         1189    i.__scatterload_zeroinit  mc_p.l(handlers.o)
    0x080027c6   0x080027c6   0x00000002   PAD
    0x080027c8   0x080027c8   0x00000150   Code   RO          924    i._printf_core      mc_p.l(printf1.o)
    0x08002918   0x08002918   0x0000000a   Code   RO          926    i._sputc            mc_p.l(printf1.o)
    0x08002922   0x08002922   0x00000002   PAD
    0x08002924   0x08002924   0x00000080   Data   RO          137    .rodata..L__const.open_tcp_connection.tcp_connect_cmd  network_functions.o
    0x080029a4   0x080029a4   0x00000080   Data   RO          140    .rodata..L__const.publish_mqtt_msg.connect_packet  network_functions.o
    0x08002a24   0x08002a24   0x00000010   Data   RO          842    .rodata.AHBPrescTable  system_stm32f0xx.o
    0x08002a34   0x08002a34   0x00000008   Data   RO          843    .rodata.APBPrescTable  system_stm32f0xx.o
    0x08002a3c   0x08002a3c   0x0000000d   Data   RO          139    .rodata.close_tcp_connection.tcp_disconnect_cmd  network_functions.o
    0x08002a49   0x08002a49   0x0000000a   Data   RO          123    .rodata.enable_gprs.PIN_status_cmd  network_functions.o
    0x08002a53   0x08002a53   0x0000000c   Data   RO          122    .rodata.enable_gprs.SIM_detect_cmd  network_functions.o
    0x08002a5f   0x08002a5f   0x0000000a   Data   RO          134    .rodata.enable_gprs.activate_PDP_context_cmd  network_functions.o
    0x08002a69   0x08002a69   0x0000000a   Data   RO          131    .rodata.enable_gprs.check_PDP_context_cmd  network_functions.o
    0x08002a73   0x08002a73   0x0000000e   Data   RO          129    .rodata.enable_gprs.check_gprs_state_cmd  network_functions.o
    0x08002a81   0x08002a81   0x0000000b   Data   RO          127    .rodata.enable_gprs.check_grps_attach_cmd  network_functions.o
    0x08002a8c   0x08002a8c   0x0000000a   Data   RO          125    .rodata.enable_gprs.check_registration_cmd  network_functions.o
    0x08002a96   0x08002a96   0x00000008   Data   RO          124    .rodata.enable_gprs.check_signal_cmd  network_functions.o
    0x08002a9e   0x08002a9e   0x0000000b   Data   RO          121    .rodata.enable_gprs.enable_phone_function_cmd  network_functions.o
    0x08002aa9   0x08002aa9   0x0000000a   Data   RO          135    .rodata.enable_gprs.get_IP_address_cmd  network_functions.o
    0x08002ab3   0x08002ab3   0x0000000c   Data   RO          128    .rodata.enable_gprs.grps_attach_cmd  network_functions.o
    0x08002abf   0x08002abf   0x0000000a   Data   RO          120    .rodata.enable_gprs.phone_status_check_cmd  network_functions.o
    0x08002ac9   0x08002ac9   0x0000000b   Data   RO          126    .rodata.enable_gprs.register_ME_cmd  network_functions.o
    0x08002ad4   0x08002ad4   0x0000000c   Data   RO          130    .rodata.enable_gprs.reset_PDP_cmd  network_functions.o
    0x08002ae0   0x08002ae0   0x0000000e   Data   RO          136    .rodata.open_tcp_connection.get_tcp_status_cmd  network_functions.o
    0x08002aee   0x08002aee   0x0000000d   Data   RO          138    .rodata.open_tcp_connection.tcp_disconnect_cmd  network_functions.o
    0x08002afb   0x08002afb   0x0000005d   Data   RO           65    .rodata.str1.1      sim808.o
    0x08002b58   0x08002b58   0x000004a4   Data   RO          119    .rodata.str1.1      network_functions.o
    0x08002ffc   0x08002ffc   0x00000009   Data   RO           66    .rodata.str1.4      sim808.o
    0x08003005   0x08003005   0x00000003   PAD
    0x08003008   0x08003008   0x00000009   Data   RO          133    .rodata.str1.4      network_functions.o
    0x08003011   0x08003011   0x00000003   PAD
    0x08003014   0x08003014   0x00000020   Data   RO         1186    Region$$Table       anon$$obj.o


    Execution Region RW_IRAM1 (Exec base: 0x20000000, Load base: 0x08003038, Size: 0x00000630, Max: 0x00002000, ABSOLUTE)

    Exec Addr    Load Addr    Size         Type   Attr      Idx    E Section Name        Object

    0x20000000   0x08003038   0x00000008   Data   RW          410    .data..L_MergedGlobals  stm32f0xx_hal.o
    0x20000008   0x08003040   0x00000004   Data   RW          841    .data.SystemCoreClock  system_stm32f0xx.o
    0x2000000c   0x08003044   0x00000014   Data   RW          132    .data.enable_gprs.define_PDP_context_cmd  network_functions.o
    0x20000020        -       0x00000002   Zero   RW           69    .bss..L_MergedGlobals  sim808.o
    0x20000022   0x08003058   0x00000002   PAD
    0x20000024        -       0x00000084   Zero   RW           68    .bss.huart1         sim808.o
    0x200000a8        -       0x00000084   Zero   RW           64    .bss.huart2         sim808.o
    0x2000012c        -       0x00000100   Zero   RW           67    .bss.sim_rx_buffer  sim808.o
    0x2000022c        -       0x00000004   Zero   RW          409    .bss.uwTick         stm32f0xx_hal.o
    0x20000230        -       0x00000400   Zero   RW            1    STACK               startup_stm32f051x8.o


==============================================================================

Image component sizes


      Code (inc. data)   RO Data    RW Data    ZI Data      Debug   Object Name

       416         84          0          0          0       3979   main.o
      2580        924       1644         20          0       5577   network_functions.o
      1304        312        102          0        522       8045   sim808.o
        28          8        188          0       1024        636   startup_stm32f051x8.o
       152          8          0          8          4       5354   stm32f0xx_hal.o
       148         24          0          0          0       5667   stm32f0xx_hal_cortex.o
       128          0          0          0          0       7478   stm32f0xx_hal_dma.o
       444         20          0          0          0       4869   stm32f0xx_hal_gpio.o
       212         12          0          0          0       5349   stm32f0xx_hal_msp.o
      1376         76          0          0          0       7137   stm32f0xx_hal_rcc.o
       264         12          0          0          0       3215   stm32f0xx_hal_rcc_ex.o
      2506         92          0          0          0      36413   stm32f0xx_hal_uart.o
         2          0          0          0          0       8706   stm32f0xx_hal_uart_ex.o
        86         12          0          0          0       1807   stm32f0xx_it.o
         2          0         24          4          0       1825   system_stm32f0xx.o

    ----------------------------------------------------------------------
      9656       1584       1996         32       1552     106057   Object Totals
         0          0         32          0          0          0   (incl. Generated)
         8          0          6          0          2          0   (incl. Padding)

    ----------------------------------------------------------------------

      Code (inc. data)   RO Data    RW Data    ZI Data      Debug   Library Member Name

         0          0          0          0          0          0   entry.o
         0          0          0          0          0          0   entry10a.o
         0          0          0          0          0          0   entry11a.o
         8          4          0          0          0          0   entry2.o
         4          0          0          0          0          0   entry5.o
         0          0          0          0          0          0   entry7b.o
         0          0          0          0          0          0   entry8b.o
         8          4          0          0          0          0   entry9a.o
        30          0          0          0          0          0   handlers.o
        36          8          0          0          0         68   init.o
        36          0          0          0          0         60   memcpya.o
        36          0          0          0          0        100   memseta.o
       386          8          0          0          0        228   printf1.o
        24          0          0          0          0         60   strcat.o
        14          0          0          0          0         60   strlen.o
        40          0          0          0          0         72   strstr.o
        62          0          0          0          0         72   uidiv_div0.o

    ----------------------------------------------------------------------
       688         24          0          0          0        720   Library Totals
         4          0          0          0          0          0   (incl. Padding)

    ----------------------------------------------------------------------

      Code (inc. data)   RO Data    RW Data    ZI Data      Debug   Library Name

       684         24          0          0          0        720   mc_p.l

    ----------------------------------------------------------------------
       688         24          0          0          0        720   Library Totals

    ----------------------------------------------------------------------

==============================================================================


      Code (inc. data)   RO Data    RW Data    ZI Data      Debug   

     10344       1608       1996         32       1552     106405   Grand Totals
     10344       1608       1996         32       1552     106405   ELF Image Totals
     10344       1608       1996         32          0          0   ROM Totals

==============================================================================

    Total RO  Size (Code + RO Data)                12340 (  12.05kB)
    Total RW  Size (RW Data + ZI Data)              1584 (   1.55kB)
    Total ROM Size (Code + RO Data + RW Data)      12372 (  12.08kB)

==============================================================================

