Component: Arm Compiler for Embedded 6.18 Tool: armlink [5e4cc100]

==============================================================================

Section Cross References

    startup_stm32f051x8.o(RESET) refers to startup_stm32f051x8.o(STACK) for __initial_sp
    startup_stm32f051x8.o(RESET) refers to startup_stm32f051x8.o(.text) for Reset_Handler
    startup_stm32f051x8.o(RESET) refers to stm32f0xx_it.o(.text.NMI_Handler) for NMI_Handler
    startup_stm32f051x8.o(RESET) refers to stm32f0xx_it.o(.text.HardFault_Handler) for HardFault_Handler
    startup_stm32f051x8.o(RESET) refers to stm32f0xx_it.o(.text.SVC_Handler) for SVC_Handler
    startup_stm32f051x8.o(RESET) refers to stm32f0xx_it.o(.text.PendSV_Handler) for PendSV_Handler
    startup_stm32f051x8.o(RESET) refers to stm32f0xx_it.o(.text.SysTick_Handler) for SysTick_Handler
    startup_stm32f051x8.o(RESET) refers to stm32f0xx_it.o(.text.USART1_IRQHandler) for USART1_IRQHandler
    startup_stm32f051x8.o(RESET) refers to stm32f0xx_it.o(.text.USART2_IRQHandler) for USART2_IRQHandler
    startup_stm32f051x8.o(.text) refers to system_stm32f0xx.o(.text.SystemInit) for SystemInit
    startup_stm32f051x8.o(.text) refers to entry.o(.ARM.Collect$$$$00000000) for __main
    stm32f0xx_it.o(.ARM.exidx.text.NMI_Handler) refers to stm32f0xx_it.o(.text.NMI_Handler) for [Anonymous Symbol]
    stm32f0xx_it.o(.text.HardFault_Handler) refers to stm32f0xx_hal_gpio.o(.text.HAL_GPIO_WritePin) for HAL_GPIO_WritePin
    stm32f0xx_it.o(.ARM.exidx.text.HardFault_Handler) refers to stm32f0xx_it.o(.text.HardFault_Handler) for [Anonymous Symbol]
    stm32f0xx_it.o(.ARM.exidx.text.SVC_Handler) refers to stm32f0xx_it.o(.text.SVC_Handler) for [Anonymous Symbol]
    stm32f0xx_it.o(.ARM.exidx.text.PendSV_Handler) refers to stm32f0xx_it.o(.text.PendSV_Handler) for [Anonymous Symbol]
    stm32f0xx_it.o(.text.SysTick_Handler) refers to stm32f0xx_hal.o(.text.HAL_IncTick) for HAL_IncTick
    stm32f0xx_it.o(.ARM.exidx.text.SysTick_Handler) refers to stm32f0xx_it.o(.text.SysTick_Handler) for [Anonymous Symbol]
    stm32f0xx_it.o(.text.USART1_IRQHandler) refers to stm32f0xx_hal_uart.o(.text.HAL_UART_IRQHandler) for HAL_UART_IRQHandler
    stm32f0xx_it.o(.text.USART1_IRQHandler) refers to sim808.o(.bss.huart1) for huart1
    stm32f0xx_it.o(.ARM.exidx.text.USART1_IRQHandler) refers to stm32f0xx_it.o(.text.USART1_IRQHandler) for [Anonymous Symbol]
    stm32f0xx_it.o(.text.USART2_IRQHandler) refers to stm32f0xx_hal_uart.o(.text.HAL_UART_IRQHandler) for HAL_UART_IRQHandler
    stm32f0xx_it.o(.text.USART2_IRQHandler) refers to sim808.o(.bss.huart2) for huart2
    stm32f0xx_it.o(.ARM.exidx.text.USART2_IRQHandler) refers to stm32f0xx_it.o(.text.USART2_IRQHandler) for [Anonymous Symbol]
    stm32f0xx_hal_msp.o(.ARM.exidx.text.HAL_MspInit) refers to stm32f0xx_hal_msp.o(.text.HAL_MspInit) for [Anonymous Symbol]
    stm32f0xx_hal_msp.o(.text.HAL_UART_MspInit) refers to memseta.o(.text) for __aeabi_memclr4
    stm32f0xx_hal_msp.o(.text.HAL_UART_MspInit) refers to stm32f0xx_hal_gpio.o(.text.HAL_GPIO_Init) for HAL_GPIO_Init
    stm32f0xx_hal_msp.o(.text.HAL_UART_MspInit) refers to stm32f0xx_hal_cortex.o(.text.HAL_NVIC_SetPriority) for HAL_NVIC_SetPriority
    stm32f0xx_hal_msp.o(.text.HAL_UART_MspInit) refers to stm32f0xx_hal_cortex.o(.text.HAL_NVIC_EnableIRQ) for HAL_NVIC_EnableIRQ
    stm32f0xx_hal_msp.o(.ARM.exidx.text.HAL_UART_MspInit) refers to stm32f0xx_hal_msp.o(.text.HAL_UART_MspInit) for [Anonymous Symbol]
    stm32f0xx_hal_msp.o(.text.HAL_UART_MspDeInit) refers to stm32f0xx_hal_gpio.o(.text.HAL_GPIO_DeInit) for HAL_GPIO_DeInit
    stm32f0xx_hal_msp.o(.text.HAL_UART_MspDeInit) refers to stm32f0xx_hal_cortex.o(.text.HAL_NVIC_DisableIRQ) for HAL_NVIC_DisableIRQ
    stm32f0xx_hal_msp.o(.ARM.exidx.text.HAL_UART_MspDeInit) refers to stm32f0xx_hal_msp.o(.text.HAL_UART_MspDeInit) for [Anonymous Symbol]
    sim808.o(.text.send_debug) refers to strlen.o(.text) for strlen
    sim808.o(.text.send_debug) refers to stm32f0xx_hal_uart.o(.text.HAL_UART_Transmit) for HAL_UART_Transmit
    sim808.o(.text.send_debug) refers to stm32f0xx_hal.o(.text.HAL_Delay) for HAL_Delay
    sim808.o(.text.send_debug) refers to sim808.o(.bss.huart2) for huart2
    sim808.o(.ARM.exidx.text.send_debug) refers to sim808.o(.text.send_debug) for [Anonymous Symbol]
    sim808.o(.text.send_serial) refers to stm32f0xx_hal_uart.o(.text.HAL_UART_Transmit) for HAL_UART_Transmit
    sim808.o(.text.send_serial) refers to stm32f0xx_hal.o(.text.HAL_Delay) for HAL_Delay
    sim808.o(.text.send_serial) refers to memseta.o(.text) for __aeabi_memclr4
    sim808.o(.text.send_serial) refers to sim808.o(.bss.huart1) for huart1
    sim808.o(.text.send_serial) refers to sim808.o(.bss.sim_rx_buffer) for [Anonymous Symbol]
    sim808.o(.text.send_serial) refers to sim808.o(.bss..L_MergedGlobals) for [Anonymous Symbol]
    sim808.o(.ARM.exidx.text.send_serial) refers to sim808.o(.text.send_serial) for [Anonymous Symbol]
[...]
    Removing stm32f0xx_hal_i2c.o(.text.HAL_I2C_Master_Transmit_DMA), (288 bytes).
    Removing stm32f0xx_hal_i2c.o(.ARM.exidx.text.HAL_I2C_Master_Transmit_DMA), (8 bytes).
    Removing stm32f0xx_hal_i2c.o(.text.I2C_Master_ISR_DMA), (256 bytes).
    Removing stm32f0xx_hal_i2c.o(.ARM.exidx.text.I2C_Master_ISR_DMA), (8 bytes).
    Removing stm32f0xx_hal_i2c.o(.text.I2C_DMAMasterTransmitCplt), (80 bytes).
    Removing stm32f0xx_hal_i2c.o(.ARM.exidx.text.I2C_DMAMasterTransmitCplt), (8 bytes).
    Removing stm32f0xx_hal_i2c.o(.text.I2C_DMAError), (24 bytes).
    Removing stm32f0xx_hal_i2c.o(.ARM.exidx.text.I2C_DMAError), (8 bytes).
    Removing stm32f0xx_hal_i2c.o(.text.HAL_I2C_Master_Receive_DMA), (288 bytes).
    Removing stm32f0xx_hal_i2c.o(.ARM.exidx.text.HAL_I2C_Master_Receive_DMA), (8 bytes).
    Removing stm32f0xx_hal_i2c.o(.text.I2C_DMAMasterReceiveCplt), (80 bytes).
    Removing stm32f0xx_hal_i2c.o(.ARM.exidx.text.I2C_DMAMasterReceiveCplt), (8 bytes).
    Removing stm32f0xx_hal_i2c.o(.text.HAL_I2C_Slave_Transmit_DMA), (188 bytes).
    Removing stm32f0xx_hal_i2c.o(.ARM.exidx.text.HAL_I2C_Slave_Transmit_DMA), (8 bytes).
    Removing stm32f0xx_hal_i2c.o(.text.I2C_Slave_ISR_DMA), (268 bytes).
    Removing stm32f0xx_hal_i2c.o(.ARM.exidx.text.I2C_Slave_ISR_DMA), (8 bytes).
    Removing stm32f0xx_hal_i2c.o(.text.I2C_DMASlaveTransmitCplt), (32 bytes).
    Removing stm32f0xx_hal_i2c.o(.ARM.exidx.text.I2C_DMASlaveTransmitCplt), (8 bytes).
    Removing stm32f0xx_hal_i2c.o(.text.HAL_I2C_Slave_Receive_DMA), (200 bytes).
    Removing stm32f0xx_hal_i2c.o(.ARM.exidx.text.HAL_I2C_Slave_Receive_DMA), (8 bytes).
    Removing stm32f0xx_hal_i2c.o(.text.I2C_DMASlaveReceiveCplt), (44 bytes).
    Removing stm32f0xx_hal_i2c.o(.ARM.exidx.text.I2C_DMASlaveReceiveCplt), (8 bytes).
    Removing stm32f0xx_hal_i2c.o(.text.HAL_I2C_Mem_Write), (364 bytes).
    Removing stm32f0xx_hal_i2c.o(.ARM.exidx.text.HAL_I2C_Mem_Write), (8 bytes).
    Removing stm32f0xx_hal_i2c.o(.text.I2C_RequestMemoryWrite), (112 bytes).
    Removing stm32f0xx_hal_i2c.o(.ARM.exidx.text.I2C_RequestMemoryWrite), (8 bytes).
    Removing stm32f0xx_hal_i2c.o(.text.HAL_I2C_Mem_Read), (372 bytes).
    Removing stm32f0xx_hal_i2c.o(.ARM.exidx.text.HAL_I2C_Mem_Read), (8 bytes).
    Removing stm32f0xx_hal_i2c.o(.text.I2C_RequestMemoryRead), (112 bytes).
    Removing stm32f0xx_hal_i2c.o(.ARM.exidx.text.I2C_RequestMemoryRead), (8 bytes).
    Removing stm32f0xx_hal_i2c.o(.text.HAL_I2C_Mem_Write_IT), (200 bytes).
    Removing stm32f0xx_hal_i2c.o(.ARM.exidx.text.HAL_I2C_Mem_Write_IT), (8 bytes).
    Removing stm32f0xx_hal_i2c.o(.text.HAL_I2C_Mem_Read_IT), (204 bytes).
    Removing stm32f0xx_hal_i2c.o(.ARM.exidx.text.HAL_I2C_Mem_Read_IT), (8 bytes).
    Removing stm32f0xx_hal_i2c.o(.text.HAL_I2C_Mem_Write_DMA), (300 bytes).
    Removing stm32f0xx_hal_i2c.o(.ARM.exidx.text.HAL_I2C_Mem_Write_DMA), (8 bytes).
    Removing stm32f0xx_hal_i2c.o(.text.HAL_I2C_Mem_Read_DMA), (304 bytes).
    Removing stm32f0xx_hal_i2c.o(.ARM.exidx.text.HAL_I2C_Mem_Read_DMA), (8 bytes).
    Removing stm32f0xx_hal_i2c.o(.text.HAL_I2C_IsDeviceReady), (308 bytes).
    Removing stm32f0xx_hal_i2c.o(.ARM.exidx.text.HAL_I2C_IsDeviceReady), (8 bytes).
    Removing stm32f0xx_hal_i2c.o(.text.HAL_I2C_Master_Seq_Transmit_IT), (164 bytes).
    Removing stm32f0xx_hal_i2c.o(.ARM.exidx.text.HAL_I2C_Master_Seq_Transmit_IT), (8 bytes).
    Removing stm32f0xx_hal_i2c.o(.text.HAL_I2C_Master_Seq_Transmit_DMA), (344 bytes).
    Removing stm32f0xx_hal_i2c.o(.ARM.exidx.text.HAL_I2C_Master_Seq_Transmit_DMA), (8 bytes).
    Removing stm32f0xx_hal_i2c.o(.text.HAL_I2C_Master_Seq_Receive_IT), (164 bytes).
    Removing stm32f0xx_hal_i2c.o(.ARM.exidx.text.HAL_I2C_Master_Seq_Receive_IT), (8 bytes).
    Removing stm32f0xx_hal_i2c.o(.text.HAL_I2C_Master_Seq_Receive_DMA), (336 bytes).
    Removing stm32f0xx_hal_i2c.o(.ARM.exidx.text.HAL_I2C_Master_Seq_Receive_DMA), (8 bytes).
    Removing stm32f0xx_hal_i2c.o(.text.HAL_I2C_Slave_Seq_Transmit_IT), (216 bytes).
    Removing stm32f0xx_hal_i2c.o(.ARM.exidx.text.HAL_I2C_Slave_Seq_Transmit_IT), (8 bytes).
    Removing stm32f0xx_hal_i2c.o(.text.I2C_Disable_IRQ), (98 bytes).
    Removing stm32f0xx_hal_i2c.o(.ARM.exidx.text.I2C_Disable_IRQ), (8 bytes).
    Removing stm32f0xx_hal_i2c.o(.text.I2C_DMAAbort), (30 bytes).
    Removing stm32f0xx_hal_i2c.o(.ARM.exidx.text.I2C_DMAAbort), (8 bytes).
    Removing stm32f0xx_hal_i2c.o(.text.HAL_I2C_Slave_Seq_Transmit_DMA), (368 bytes).
    Removing stm32f0xx_hal_i2c.o(.ARM.exidx.text.HAL_I2C_Slave_Seq_Transmit_DMA), (8 bytes).
    Removing stm32f0xx_hal_i2c.o(.text.HAL_I2C_Slave_Seq_Receive_IT), (224 bytes).
    Removing stm32f0xx_hal_i2c.o(.ARM.exidx.text.HAL_I2C_Slave_Seq_Receive_IT), (8 bytes).
    Removing stm32f0xx_hal_i2c.o(.text.HAL_I2C_Slave_Seq_Receive_DMA), (368 bytes).
    Removing stm32f0xx_hal_i2c.o(.ARM.exidx.text.HAL_I2C_Slave_Seq_Receive_DMA), (8 bytes).
    Removing stm32f0xx_hal_i2c.o(.text.HAL_I2C_EnableListen_IT), (44 bytes).
    Removing stm32f0xx_hal_i2c.o(.ARM.exidx.text.HAL_I2C_EnableListen_IT), (8 bytes).
    Removing stm32f0xx_hal_i2c.o(.text.HAL_I2C_DisableListen_IT), (54 bytes).
    Removing stm32f0xx_hal_i2c.o(.ARM.exidx.text.HAL_I2C_DisableListen_IT), (8 bytes).
    Removing stm32f0xx_hal_i2c.o(.text.HAL_I2C_Master_Abort_IT), (104 bytes).
    Removing stm32f0xx_hal_i2c.o(.ARM.exidx.text.HAL_I2C_Master_Abort_IT), (8 bytes).
    Removing stm32f0xx_hal_i2c.o(.text.HAL_I2C_EV_IRQHandler), (18 bytes).
    Removing stm32f0xx_hal_i2c.o(.ARM.exidx.text.HAL_I2C_EV_IRQHandler), (8 bytes).
    Removing stm32f0xx_hal_i2c.o(.text.HAL_I2C_ER_IRQHandler), (82 bytes).
    Removing stm32f0xx_hal_i2c.o(.ARM.exidx.text.HAL_I2C_ER_IRQHandler), (8 bytes).
    Removing stm32f0xx_hal_i2c.o(.text.I2C_ITError), (224 bytes).
    Removing stm32f0xx_hal_i2c.o(.ARM.exidx.text.I2C_ITError), (8 bytes).
    Removing stm32f0xx_hal_i2c.o(.text.HAL_I2C_MasterTxCpltCallback), (2 bytes).
    Removing stm32f0xx_hal_i2c.o(.ARM.exidx.text.HAL_I2C_MasterTxCpltCallback), (8 bytes).
    Removing stm32f0xx_hal_i2c.o(.text.HAL_I2C_MasterRxCpltCallback), (2 bytes).
    Removing stm32f0xx_hal_i2c.o(.ARM.exidx.text.HAL_I2C_MasterRxCpltCallback), (8 bytes).
    Removing stm32f0xx_hal_i2c.o(.text.HAL_I2C_SlaveTxCpltCallback), (2 bytes).
    Removing stm32f0xx_hal_i2c.o(.ARM.exidx.text.HAL_I2C_SlaveTxCpltCallback), (8 bytes).
    Removing stm32f0xx_hal_i2c.o(.text.HAL_I2C_SlaveRxCpltCallback), (2 bytes).
    Removing stm32f0xx_hal_i2c.o(.ARM.exidx.text.HAL_I2C_SlaveRxCpltCallback), (8 bytes).
    Removing stm32f0xx_hal_i2c.o(.text.HAL_I2C_AddrCallback), (2 bytes).
    Removing stm32f0xx_hal_i2c.o(.ARM.exidx.text.HAL_I2C_AddrCallback), (8 bytes).
    Removing stm32f0xx_hal_i2c.o(.text.HAL_I2C_ListenCpltCallback), (2 bytes).
    Removing stm32f0xx_hal_i2c.o(.ARM.exidx.text.HAL_I2C_ListenCpltCallback), (8 bytes).
    Removing stm32f0xx_hal_i2c.o(.text.HAL_I2C_MemTxCpltCallback), (2 bytes).
    Removing stm32f0xx_hal_i2c.o(.ARM.exidx.text.HAL_I2C_MemTxCpltCallback), (8 bytes).
    Removing stm32f0xx_hal_i2c.o(.text.HAL_I2C_MemRxCpltCallback), (2 bytes).
    Removing stm32f0xx_hal_i2c.o(.ARM.exidx.text.HAL_I2C_MemRxCpltCallback), (8 bytes).
    Removing stm32f0xx_hal_i2c.o(.text.HAL_I2C_ErrorCallback), (2 bytes).
    Removing stm32f0xx_hal_i2c.o(.ARM.exidx.text.HAL_I2C_ErrorCallback), (8 bytes).
    Removing stm32f0xx_hal_i2c.o(.text.HAL_I2C_AbortCpltCallback), (2 bytes).
    Removing stm32f0xx_hal_i2c.o(.ARM.exidx.text.HAL_I2C_AbortCpltCallback), (8 bytes).
    Removing stm32f0xx_hal_i2c.o(.text.HAL_I2C_GetState), (6 bytes).
    Removing stm32f0xx_hal_i2c.o(.ARM.exidx.text.HAL_I2C_GetState), (8 bytes).
    Removing stm32f0xx_hal_i2c.o(.text.HAL_I2C_GetMode), (6 bytes).
    Removing stm32f0xx_hal_i2c.o(.ARM.exidx.text.HAL_I2C_GetMode), (8 bytes).
    Removing stm32f0xx_hal_i2c.o(.text.HAL_I2C_GetError), (4 bytes).
    Removing stm32f0xx_hal_i2c.o(.ARM.exidx.text.HAL_I2C_GetError), (8 bytes).
    Removing stm32f0xx_hal_i2c.o(.text.I2C_Flush_TXDR), (28 bytes).
    Removing stm32f0xx_hal_i2c.o(.ARM.exidx.text.I2C_Flush_TXDR), (8 bytes).
    Removing stm32f0xx_hal_i2c.o(.text.I2C_ITMasterSeqCplt), (74 bytes).
    Removing stm32f0xx_hal_i2c.o(.ARM.exidx.text.I2C_ITMasterSeqCplt), (8 bytes).
    Removing stm32f0xx_hal_i2c.o(.text.I2C_ITMasterCplt), (216 bytes).
    Removing stm32f0xx_hal_i2c.o(.ARM.exidx.text.I2C_ITMasterCplt), (8 bytes).
    Removing stm32f0xx_hal_i2c.o(.text.I2C_ITSlaveCplt), (324 bytes).
    Removing stm32f0xx_hal_i2c.o(.ARM.exidx.text.I2C_ITSlaveCplt), (8 bytes).
    Removing stm32f0xx_hal_i2c.o(.text.I2C_ITListenCplt), (104 bytes).
    Removing stm32f0xx_hal_i2c.o(.ARM.exidx.text.I2C_ITListenCplt), (8 bytes).
    Removing stm32f0xx_hal_i2c.o(.text.I2C_ITSlaveSeqCplt), (112 bytes).
    Removing stm32f0xx_hal_i2c.o(.ARM.exidx.text.I2C_ITSlaveSeqCplt), (8 bytes).
    Removing stm32f0xx_hal_i2c.o(.text.I2C_ITAddrCplt), (160 bytes).
    Removing stm32f0xx_hal_i2c.o(.ARM.exidx.text.I2C_ITAddrCplt), (8 bytes).
    Removing stm32f0xx_hal_i2c.o(.text.I2C_TreatErrorCallback), (42 bytes).
    Removing stm32f0xx_hal_i2c.o(.ARM.exidx.text.I2C_TreatErrorCallback), (8 bytes).
    Removing stm32f0xx_hal_i2c.o(.text.I2C_IsAcknowledgeFailed), (120 bytes).
    Removing stm32f0xx_hal_i2c.o(.ARM.exidx.text.I2C_IsAcknowledgeFailed), (8 bytes).
    Removing stm32f0xx_hal_i2c.o(.rodata..Lswitch.table.I2C_ITSlaveCplt.1), (40 bytes).
    Removing stm32f0xx_hal_i2c_ex.o(.text), (0 bytes).
    Removing stm32f0xx_hal_i2c_ex.o(.text.HAL_I2CEx_ConfigAnalogFilter), (68 bytes).
    Removing stm32f0xx_hal_i2c_ex.o(.ARM.exidx.text.HAL_I2CEx_ConfigAnalogFilter), (8 bytes).
    Removing stm32f0xx_hal_i2c_ex.o(.text.HAL_I2CEx_ConfigDigitalFilter), (68 bytes).
    Removing stm32f0xx_hal_i2c_ex.o(.ARM.exidx.text.HAL_I2CEx_ConfigDigitalFilter), (8 bytes).
    Removing stm32f0xx_hal_i2c_ex.o(.text.HAL_I2CEx_EnableWakeUp), (62 bytes).
    Removing stm32f0xx_hal_i2c_ex.o(.ARM.exidx.text.HAL_I2CEx_EnableWakeUp), (8 bytes).
    Removing stm32f0xx_hal_i2c_ex.o(.text.HAL_I2CEx_DisableWakeUp), (62 bytes).
    Removing stm32f0xx_hal_i2c_ex.o(.ARM.exidx.text.HAL_I2CEx_DisableWakeUp), (8 bytes).
    Removing stm32f0xx_hal_i2c_ex.o(.text.HAL_I2CEx_EnableFastModePlus), (40 bytes).
    Removing stm32f0xx_hal_i2c_ex.o(.ARM.exidx.text.HAL_I2CEx_EnableFastModePlus), (8 bytes).
    Removing stm32f0xx_hal_i2c_ex.o(.text.HAL_I2CEx_DisableFastModePlus), (40 bytes).
    Removing stm32f0xx_hal_i2c_ex.o(.ARM.exidx.text.HAL_I2CEx_DisableFastModePlus), (8 bytes).
    Removing stm32f0xx_hal_gpio.o(.text), (0 bytes).
    Removing stm32f0xx_hal_gpio.o(.ARM.exidx.text.HAL_GPIO_Init), (8 bytes).
    Removing stm32f0xx_hal_gpio.o(.text.HAL_GPIO_DeInit), (244 bytes).
    Removing stm32f0xx_hal_gpio.o(.ARM.exidx.text.HAL_GPIO_DeInit), (8 bytes).
    Removing stm32f0xx_hal_gpio.o(.ARM.exidx.text.HAL_GPIO_ReadPin), (8 bytes).
    Removing stm32f0xx_hal_gpio.o(.ARM.exidx.text.HAL_GPIO_WritePin), (8 bytes).
    Removing stm32f0xx_hal_gpio.o(.text.HAL_GPIO_TogglePin), (16 bytes).
    Removing stm32f0xx_hal_gpio.o(.ARM.exidx.text.HAL_GPIO_TogglePin), (8 bytes).
    Removing stm32f0xx_hal_gpio.o(.text.HAL_GPIO_LockPin), (40 bytes).
    Removing stm32f0xx_hal_gpio.o(.ARM.exidx.text.HAL_GPIO_LockPin), (8 bytes).
    Removing stm32f0xx_hal_gpio.o(.text.HAL_GPIO_EXTI_IRQHandler), (24 bytes).
    Removing stm32f0xx_hal_gpio.o(.ARM.exidx.text.HAL_GPIO_EXTI_IRQHandler), (8 bytes).
    Removing stm32f0xx_hal_gpio.o(.text.HAL_GPIO_EXTI_Callback), (2 bytes).
    Removing stm32f0xx_hal_gpio.o(.ARM.exidx.text.HAL_GPIO_EXTI_Callback), (8 bytes).
    Removing stm32f0xx_hal_dma.o(.text), (0 bytes).
    Removing stm32f0xx_hal_dma.o(.text.HAL_DMA_Init), (120 bytes).
    Removing stm32f0xx_hal_dma.o(.ARM.exidx.text.HAL_DMA_Init), (8 bytes).
    Removing stm32f0xx_hal_dma.o(.text.HAL_DMA_DeInit), (84 bytes).
    Removing stm32f0xx_hal_dma.o(.ARM.exidx.text.HAL_DMA_DeInit), (8 bytes).
    Removing stm32f0xx_hal_dma.o(.text.HAL_DMA_Start), (68 bytes).
    Removing stm32f0xx_hal_dma.o(.ARM.exidx.text.HAL_DMA_Start), (8 bytes).
    Removing stm32f0xx_hal_dma.o(.text.DMA_SetConfig), (38 bytes).
    Removing stm32f0xx_hal_dma.o(.ARM.exidx.text.DMA_SetConfig), (8 bytes).
    Removing stm32f0xx_hal_dma.o(.text.HAL_DMA_Start_IT), (96 bytes).
    Removing stm32f0xx_hal_dma.o(.ARM.exidx.text.HAL_DMA_Start_IT), (8 bytes).
    Removing stm32f0xx_hal_dma.o(.ARM.exidx.text.HAL_DMA_Abort), (8 bytes).
    Removing stm32f0xx_hal_dma.o(.ARM.exidx.text.HAL_DMA_Abort_IT), (8 bytes).
    Removing stm32f0xx_hal_dma.o(.text.HAL_DMA_PollForTransfer), (168 bytes).
    Removing stm32f0xx_hal_dma.o(.ARM.exidx.text.HAL_DMA_PollForTransfer), (8 bytes).
    Removing stm32f0xx_hal_dma.o(.text.HAL_DMA_IRQHandler), (140 bytes).
    Removing stm32f0xx_hal_dma.o(.ARM.exidx.text.HAL_DMA_IRQHandler), (8 bytes).
    Removing stm32f0xx_hal_dma.o(.text.HAL_DMA_RegisterCallback), (70 bytes).
    Removing stm32f0xx_hal_dma.o(.ARM.exidx.text.HAL_DMA_RegisterCallback), (8 bytes).
    Removing stm32f0xx_hal_dma.o(.text.HAL_DMA_UnRegisterCallback), (84 bytes).
    Removing stm32f0xx_hal_dma.o(.ARM.exidx.text.HAL_DMA_UnRegisterCallback), (8 bytes).
    Removing stm32f0xx_hal_dma.o(.text.HAL_DMA_GetState), (6 bytes).
    Removing stm32f0xx_hal_dma.o(.ARM.exidx.text.HAL_DMA_GetState), (8 bytes).
    Removing stm32f0xx_hal_dma.o(.text.HAL_DMA_GetError), (4 bytes).
    Removing stm32f0xx_hal_dma.o(.ARM.exidx.text.HAL_DMA_GetError), (8 bytes).
    Removing stm32f0xx_hal_cortex.o(.text), (0 bytes).
    Removing stm32f0xx_hal_cortex.o(.ARM.exidx.text.HAL_NVIC_SetPriority), (8 bytes).
    Removing stm32f0xx_hal_cortex.o(.ARM.exidx.text.__NVIC_SetPriority), (8 bytes).
    Removing stm32f0xx_hal_cortex.o(.ARM.exidx.text.HAL_NVIC_EnableIRQ), (8 bytes).
    Removing stm32f0xx_hal_cortex.o(.text.HAL_NVIC_DisableIRQ), (32 bytes).
    Removing stm32f0xx_hal_cortex.o(.ARM.exidx.text.HAL_NVIC_DisableIRQ), (8 bytes).
    Removing stm32f0xx_hal_cortex.o(.text.HAL_NVIC_SystemReset), (4 bytes).
    Removing stm32f0xx_hal_cortex.o(.ARM.exidx.text.HAL_NVIC_SystemReset), (8 bytes).
    Removing stm32f0xx_hal_cortex.o(.text.__NVIC_SystemReset), (28 bytes).
    Removing stm32f0xx_hal_cortex.o(.ARM.exidx.text.__NVIC_SystemReset), (8 bytes).
    Removing stm32f0xx_hal_cortex.o(.ARM.exidx.text.HAL_SYSTICK_Config), (8 bytes).
    Removing stm32f0xx_hal_cortex.o(.text.HAL_NVIC_GetPriority), (52 bytes).
    Removing stm32f0xx_hal_cortex.o(.ARM.exidx.text.HAL_NVIC_GetPriority), (8 bytes).
    Removing stm32f0xx_hal_cortex.o(.text.HAL_NVIC_SetPendingIRQ), (24 bytes).
    Removing stm32f0xx_hal_cortex.o(.ARM.exidx.text.HAL_NVIC_SetPendingIRQ), (8 bytes).
    Removing stm32f0xx_hal_cortex.o(.text.HAL_NVIC_GetPendingIRQ), (28 bytes).
    Removing stm32f0xx_hal_cortex.o(.ARM.exidx.text.HAL_NVIC_GetPendingIRQ), (8 bytes).
    Removing stm32f0xx_hal_cortex.o(.text.HAL_NVIC_ClearPendingIRQ), (24 bytes).
    Removing stm32f0xx_hal_cortex.o(.ARM.exidx.text.HAL_NVIC_ClearPendingIRQ), (8 bytes).
    Removing stm32f0xx_hal_cortex.o(.text.HAL_SYSTICK_CLKSourceConfig), (28 bytes).
    Removing stm32f0xx_hal_cortex.o(.ARM.exidx.text.HAL_SYSTICK_CLKSourceConfig), (8 bytes).
    Removing stm32f0xx_hal_cortex.o(.text.HAL_SYSTICK_IRQHandler), (8 bytes).
    Removing stm32f0xx_hal_cortex.o(.ARM.exidx.text.HAL_SYSTICK_IRQHandler), (8 bytes).
    Removing stm32f0xx_hal_cortex.o(.text.HAL_SYSTICK_Callback), (2 bytes).
    Removing stm32f0xx_hal_cortex.o(.ARM.exidx.text.HAL_SYSTICK_Callback), (8 bytes).
    Removing stm32f0xx_hal_pwr.o(.text), (0 bytes).
    Removing stm32f0xx_hal_pwr.o(.text.HAL_PWR_DeInit), (24 bytes).
    Removing stm32f0xx_hal_pwr.o(.ARM.exidx.text.HAL_PWR_DeInit), (8 bytes).
    Removing stm32f0xx_hal_pwr.o(.text.HAL_PWR_EnableBkUpAccess), (20 bytes).
    Removing stm32f0xx_hal_pwr.o(.ARM.exidx.text.HAL_PWR_EnableBkUpAccess), (8 bytes).
    Removing stm32f0xx_hal_pwr.o(.text.HAL_PWR_DisableBkUpAccess), (20 bytes).
    Removing stm32f0xx_hal_pwr.o(.ARM.exidx.text.HAL_PWR_DisableBkUpAccess), (8 bytes).
    Removing stm32f0xx_hal_pwr.o(.text.HAL_PWR_EnableWakeUpPin), (16 bytes).
    Removing stm32f0xx_hal_pwr.o(.ARM.exidx.text.HAL_PWR_EnableWakeUpPin), (8 bytes).
    Removing stm32f0xx_hal_pwr.o(.text.HAL_PWR_DisableWakeUpPin), (16 bytes).
    Removing stm32f0xx_hal_pwr.o(.ARM.exidx.text.HAL_PWR_DisableWakeUpPin), (8 bytes).
    Removing stm32f0xx_hal_pwr.o(.text.HAL_PWR_EnterSLEEPMode), (32 bytes).
    Removing stm32f0xx_hal_pwr.o(.ARM.exidx.text.HAL_PWR_EnterSLEEPMode), (8 bytes).
    Removing stm32f0xx_hal_pwr.o(.text.HAL_PWR_EnterSTOPMode), (56 bytes).
    Removing stm32f0xx_hal_pwr.o(.ARM.exidx.text.HAL_PWR_EnterSTOPMode), (8 bytes).
    Removing stm32f0xx_hal_pwr.o(.text.HAL_PWR_EnterSTANDBYMode), (32 bytes).
    Removing stm32f0xx_hal_pwr.o(.ARM.exidx.text.HAL_PWR_EnterSTANDBYMode), (8 bytes).
    Removing stm32f0xx_hal_pwr.o(.text.HAL_PWR_EnableSleepOnExit), (16 bytes).
    Removing stm32f0xx_hal_pwr.o(.ARM.exidx.text.HAL_PWR_EnableSleepOnExit), (8 bytes).
    Removing stm32f0xx_hal_pwr.o(.text.HAL_PWR_DisableSleepOnExit), (16 bytes).
    Removing stm32f0xx_hal_pwr.o(.ARM.exidx.text.HAL_PWR_DisableSleepOnExit), (8 bytes).
    Removing stm32f0xx_hal_pwr.o(.text.HAL_PWR_EnableSEVOnPend), (16 bytes).
    Removing stm32f0xx_hal_pwr.o(.ARM.exidx.text.HAL_PWR_EnableSEVOnPend), (8 bytes).
    Removing stm32f0xx_hal_pwr.o(.text.HAL_PWR_DisableSEVOnPend), (16 bytes).
    Removing stm32f0xx_hal_pwr.o(.ARM.exidx.text.HAL_PWR_DisableSEVOnPend), (8 bytes).
    Removing stm32f0xx_hal_pwr_ex.o(.text), (0 bytes).
    Removing stm32f0xx_hal_pwr_ex.o(.text.HAL_PWR_ConfigPVD), (104 bytes).
    Removing stm32f0xx_hal_pwr_ex.o(.ARM.exidx.text.HAL_PWR_ConfigPVD), (8 bytes).
    Removing stm32f0xx_hal_pwr_ex.o(.text.HAL_PWR_EnablePVD), (16 bytes).
    Removing stm32f0xx_hal_pwr_ex.o(.ARM.exidx.text.HAL_PWR_EnablePVD), (8 bytes).
    Removing stm32f0xx_hal_pwr_ex.o(.text.HAL_PWR_DisablePVD), (16 bytes).
    Removing stm32f0xx_hal_pwr_ex.o(.ARM.exidx.text.HAL_PWR_DisablePVD), (8 bytes).
    Removing stm32f0xx_hal_pwr_ex.o(.text.HAL_PWR_PVD_IRQHandler), (28 bytes).
    Removing stm32f0xx_hal_pwr_ex.o(.ARM.exidx.text.HAL_PWR_PVD_IRQHandler), (8 bytes).
    Removing stm32f0xx_hal_pwr_ex.o(.text.HAL_PWR_PVDCallback), (2 bytes).
    Removing stm32f0xx_hal_pwr_ex.o(.ARM.exidx.text.HAL_PWR_PVDCallback), (8 bytes).
    Removing stm32f0xx_hal_flash.o(.text), (0 bytes).
    Removing stm32f0xx_hal_flash.o(.text.HAL_FLASH_Program), (156 bytes).
    Removing stm32f0xx_hal_flash.o(.ARM.exidx.text.HAL_FLASH_Program), (8 bytes).
    Removing stm32f0xx_hal_flash.o(.text.FLASH_WaitForLastOperation), (80 bytes).
    Removing stm32f0xx_hal_flash.o(.ARM.exidx.text.FLASH_WaitForLastOperation), (8 bytes).
    Removing stm32f0xx_hal_flash.o(.text.HAL_FLASH_Program_IT), (88 bytes).
    Removing stm32f0xx_hal_flash.o(.ARM.exidx.text.HAL_FLASH_Program_IT), (8 bytes).
    Removing stm32f0xx_hal_flash.o(.text.HAL_FLASH_IRQHandler), (288 bytes).
    Removing stm32f0xx_hal_flash.o(.ARM.exidx.text.HAL_FLASH_IRQHandler), (8 bytes).
    Removing stm32f0xx_hal_flash.o(.text.FLASH_SetErrorCode), (60 bytes).
    Removing stm32f0xx_hal_flash.o(.ARM.exidx.text.FLASH_SetErrorCode), (8 bytes).
    Removing stm32f0xx_hal_flash.o(.text.HAL_FLASH_OperationErrorCallback), (2 bytes).
    Removing stm32f0xx_hal_flash.o(.ARM.exidx.text.HAL_FLASH_OperationErrorCallback), (8 bytes).
    Removing stm32f0xx_hal_flash.o(.text.HAL_FLASH_EndOfOperationCallback), (2 bytes).
    Removing stm32f0xx_hal_flash.o(.ARM.exidx.text.HAL_FLASH_EndOfOperationCallback), (8 bytes).
    Removing stm32f0xx_hal_flash.o(.text.HAL_FLASH_Unlock), (40 bytes).
    Removing stm32f0xx_hal_flash.o(.ARM.exidx.text.HAL_FLASH_Unlock), (8 bytes).
    Removing stm32f0xx_hal_flash.o(.text.HAL_FLASH_Lock), (20 bytes).
    Removing stm32f0xx_hal_flash.o(.ARM.exidx.text.HAL_FLASH_Lock), (8 bytes).
    Removing stm32f0xx_hal_flash.o(.text.HAL_FLASH_OB_Unlock), (36 bytes).
    Removing stm32f0xx_hal_flash.o(.ARM.exidx.text.HAL_FLASH_OB_Unlock), (8 bytes).
    Removing stm32f0xx_hal_flash.o(.text.HAL_FLASH_OB_Lock), (20 bytes).
    Removing stm32f0xx_hal_flash.o(.ARM.exidx.text.HAL_FLASH_OB_Lock), (8 bytes).
    Removing stm32f0xx_hal_flash.o(.text.HAL_FLASH_OB_Launch), (32 bytes).
    Removing stm32f0xx_hal_flash.o(.ARM.exidx.text.HAL_FLASH_OB_Launch), (8 bytes).
    Removing stm32f0xx_hal_flash.o(.text.HAL_FLASH_GetError), (12 bytes).
    Removing stm32f0xx_hal_flash.o(.ARM.exidx.text.HAL_FLASH_GetError), (8 bytes).
    Removing stm32f0xx_hal_flash.o(.bss.pFlash), (32 bytes).
    Removing stm32f0xx_hal_flash_ex.o(.text), (0 bytes).
    Removing stm32f0xx_hal_flash_ex.o(.text.HAL_FLASHEx_Erase), (160 bytes).
    Removing stm32f0xx_hal_flash_ex.o(.ARM.exidx.text.HAL_FLASHEx_Erase), (8 bytes).
    Removing stm32f0xx_hal_flash_ex.o(.text.FLASH_MassErase), (36 bytes).
    Removing stm32f0xx_hal_flash_ex.o(.ARM.exidx.text.FLASH_MassErase), (8 bytes).
    Removing stm32f0xx_hal_flash_ex.o(.text.FLASH_PageErase), (36 bytes).
    Removing stm32f0xx_hal_flash_ex.o(.ARM.exidx.text.FLASH_PageErase), (8 bytes).
    Removing stm32f0xx_hal_flash_ex.o(.text.HAL_FLASHEx_Erase_IT), (84 bytes).
    Removing stm32f0xx_hal_flash_ex.o(.ARM.exidx.text.HAL_FLASHEx_Erase_IT), (8 bytes).
    Removing stm32f0xx_hal_flash_ex.o(.text.HAL_FLASHEx_OBErase), (84 bytes).
    Removing stm32f0xx_hal_flash_ex.o(.ARM.exidx.text.HAL_FLASHEx_OBErase), (8 bytes).
    Removing stm32f0xx_hal_flash_ex.o(.text.FLASH_OB_GetRDP), (28 bytes).
    Removing stm32f0xx_hal_flash_ex.o(.ARM.exidx.text.FLASH_OB_GetRDP), (8 bytes).
    Removing stm32f0xx_hal_flash_ex.o(.text.FLASH_OB_RDP_LevelConfig), (100 bytes).
    Removing stm32f0xx_hal_flash_ex.o(.ARM.exidx.text.FLASH_OB_RDP_LevelConfig), (8 bytes).
    Removing stm32f0xx_hal_flash_ex.o(.text.HAL_FLASHEx_OBProgram), (340 bytes).
    Removing stm32f0xx_hal_flash_ex.o(.ARM.exidx.text.HAL_FLASHEx_OBProgram), (8 bytes).
    Removing stm32f0xx_hal_flash_ex.o(.text.HAL_FLASHEx_OBGetConfig), (36 bytes).
    Removing stm32f0xx_hal_flash_ex.o(.ARM.exidx.text.HAL_FLASHEx_OBGetConfig), (8 bytes).
    Removing stm32f0xx_hal_flash_ex.o(.text.HAL_FLASHEx_OBGetUserData), (28 bytes).
    Removing stm32f0xx_hal_flash_ex.o(.ARM.exidx.text.HAL_FLASHEx_OBGetUserData), (8 bytes).
    Removing stm32f0xx_hal_exti.o(.text), (0 bytes).
    Removing stm32f0xx_hal_exti.o(.text.HAL_EXTI_SetConfigLine), (152 bytes).
    Removing stm32f0xx_hal_exti.o(.ARM.exidx.text.HAL_EXTI_SetConfigLine), (8 bytes).
    Removing stm32f0xx_hal_exti.o(.text.HAL_EXTI_GetConfigLine), (124 bytes).
    Removing stm32f0xx_hal_exti.o(.ARM.exidx.text.HAL_EXTI_GetConfigLine), (8 bytes).
    Removing stm32f0xx_hal_exti.o(.text.HAL_EXTI_ClearConfigLine), (96 bytes).
    Removing stm32f0xx_hal_exti.o(.ARM.exidx.text.HAL_EXTI_ClearConfigLine), (8 bytes).
    Removing stm32f0xx_hal_exti.o(.text.HAL_EXTI_RegisterCallback), (14 bytes).
    Removing stm32f0xx_hal_exti.o(.ARM.exidx.text.HAL_EXTI_RegisterCallback), (8 bytes).
    Removing stm32f0xx_hal_exti.o(.text.HAL_EXTI_GetHandle), (14 bytes).
    Removing stm32f0xx_hal_exti.o(.ARM.exidx.text.HAL_EXTI_GetHandle), (8 bytes).
    Removing stm32f0xx_hal_exti.o(.text.HAL_EXTI_IRQHandler), (36 bytes).
    Removing stm32f0xx_hal_exti.o(.ARM.exidx.text.HAL_EXTI_IRQHandler), (8 bytes).
    Removing stm32f0xx_hal_exti.o(.text.HAL_EXTI_GetPending), (24 bytes).
    Removing stm32f0xx_hal_exti.o(.ARM.exidx.text.HAL_EXTI_GetPending), (8 bytes).
    Removing stm32f0xx_hal_exti.o(.text.HAL_EXTI_ClearPending), (20 bytes).
    Removing stm32f0xx_hal_exti.o(.ARM.exidx.text.HAL_EXTI_ClearPending), (8 bytes).
    Removing stm32f0xx_hal_exti.o(.text.HAL_EXTI_GenerateSWI), (20 bytes).
    Removing stm32f0xx_hal_exti.o(.ARM.exidx.text.HAL_EXTI_GenerateSWI), (8 bytes).
    Removing system_stm32f0xx.o(.text), (0 bytes).
    Removing system_stm32f0xx.o(.ARM.exidx.text.SystemInit), (8 bytes).
    Removing system_stm32f0xx.o(.text.SystemCoreClockUpdate), (92 bytes).
    Removing system_stm32f0xx.o(.ARM.exidx.text.SystemCoreClockUpdate), (8 bytes).

584 unused section(s) (total 24908 bytes) removed from the image.

==============================================================================

Image Symbol Table

    Local Symbols

    Symbol Name                              Value     Ov Type        Size  Object(Section)

    ../clib/division.s                       0x00000000   Number         0  aeabi_sdiv.o ABSOLUTE
    ../clib/division.s                       0x00000000   Number         0  aeabi_sdiv_div0.o ABSOLUTE
    ../clib/microlib/ctype/ctype.c           0x00000000   Number         0  ctype_o.o ABSOLUTE
    ../clib/microlib/ctype/ctype.c           0x00000000   Number         0  isalnum_o.o ABSOLUTE
    ../clib/microlib/ctype/ctype.c           0x00000000   Number         0  isalpha_o.o ABSOLUTE
    ../clib/microlib/ctype/ctype.c           0x00000000   Number         0  isblank_o.o ABSOLUTE
    ../clib/microlib/ctype/ctype.c           0x00000000   Number         0  iscntrl_o.o ABSOLUTE
    ../clib/microlib/ctype/ctype.c           0x00000000   Number         0  isdigit_o.o ABSOLUTE
    ../clib/microlib/ctype/ctype.c           0x00000000   Number         0  isgraph_o.o ABSOLUTE
    ../clib/microlib/ctype/ctype.c           0x00000000   Number         0  islower_o.o ABSOLUTE
    ../clib/microlib/ctype/ctype.c           0x00000000   Number         0  isprint_o.o ABSOLUTE
    ../clib/microlib/ctype/ctype.c           0x00000000   Number         0  ispunct_o.o ABSOLUTE
    ../clib/microlib/ctype/ctype.c           0x00000000   Number         0  isspace_o.o ABSOLUTE
    ../clib/microlib/ctype/ctype.c           0x00000000   Number         0  isupper_o.o ABSOLUTE
    ../clib/microlib/ctype/ctype.c           0x00000000   Number         0  isxdigit_o.o ABSOLUTE
    ../clib/microlib/division.c              0x00000000   Number         0  uidiv.o ABSOLUTE
    ../clib/microlib/division.c              0x00000000   Number         0  uidiv_div0.o ABSOLUTE
    ../clib/microlib/division.c              0x00000000   Number         0  idiv_div0.o ABSOLUTE
    ../clib/microlib/division.c              0x00000000   Number         0  idiv0.o ABSOLUTE
    ../clib/microlib/errno.c                 0x00000000   Number         0  errno.o ABSOLUTE
    ../clib/microlib/init/entry.s            0x00000000   Number         0  entry.o ABSOLUTE
    ../clib/microlib/init/entry.s            0x00000000   Number         0  entry2.o ABSOLUTE
    ../clib/microlib/init/entry.s            0x00000000   Number         0  entry5.o ABSOLUTE
    ../clib/microlib/init/entry.s            0x00000000   Number         0  entry7a.o ABSOLUTE
    ../clib/microlib/init/entry.s            0x00000000   Number         0  entry7b.o ABSOLUTE
    ../clib/microlib/init/entry.s            0x00000000   Number         0  entry8a.o ABSOLUTE
    ../clib/microlib/init/entry.s            0x00000000   Number         0  entry8b.o ABSOLUTE
    ../clib/microlib/init/entry.s            0x00000000   Number         0  entry9a.o ABSOLUTE
    ../clib/microlib/init/entry.s            0x00000000   Number         0  entry9b.o ABSOLUTE
    ../clib/microlib/init/entry.s            0x00000000   Number         0  entry10a.o ABSOLUTE
    ../clib/microlib/init/entry.s            0x00000000   Number         0  entry10b.o ABSOLUTE
    ../clib/microlib/init/entry.s            0x00000000   Number         0  entry11a.o ABSOLUTE
    ../clib/microlib/init/entry.s            0x00000000   Number         0  entry11b.o ABSOLUTE
    ../clib/microlib/longlong.c              0x00000000   Number         0  llushr.o ABSOLUTE
    ../clib/microlib/string/memcpy.c         0x00000000   Number         0  memcpya.o ABSOLUTE
    ../clib/microlib/string/memcpy.c         0x00000000   Number         0  memcpyb.o ABSOLUTE
    ../clib/microlib/string/memset.c         0x00000000   Number         0  memseta.o ABSOLUTE
    ../clib/microlib/string/strcat.c         0x00000000   Number         0  strcat.o ABSOLUTE
    ../clib/microlib/string/strlen.c         0x00000000   Number         0  strlen.o ABSOLUTE
    ../clib/microlib/string/strstr.c         0x00000000   Number         0  strstr.o ABSOLUTE
    ../clib/scanf.c                          0x00000000   Number         0  atoi.o ABSOLUTE
    ../clib/scanf.c                          0x00000000   Number         0  strtol.o ABSOLUTE
    ../clib/scanf.c                          0x00000000   Number         0  _strtoul.o ABSOLUTE
    ../clib/scanf.c                          0x00000000   Number         0  _chval.o ABSOLUTE
    dc.s                                     0x00000000   Number         0  dc.o ABSOLUTE
    gps.c                                    0x00000000   Number         0  gps.o ABSOLUTE
    handlers.s                               0x00000000   Number         0  handlers.o ABSOLUTE
    init.s                                   0x00000000   Number         0  init.o ABSOLUTE
    main.c                                   0x00000000   Number         0  main.o ABSOLUTE
    network_functions.c                      0x00000000   Number         0  network_functions.o ABSOLUTE
    sim808.c                                 0x00000000   Number         0  sim808.o ABSOLUTE
    startup_stm32f051x8.s                    0x00000000   Number         0  startup_stm32f051x8.o ABSOLUTE
    stm32f0xx_hal.c                          0x00000000   Number         0  stm32f0xx_hal.o ABSOLUTE
    stm32f0xx_hal_cortex.c                   0x00000000   Number         0  stm32f0xx_hal_cortex.o ABSOLUTE
    stm32f0xx_hal_dma.c                      0x00000000   Number         0  stm32f0xx_hal_dma.o ABSOLUTE
    stm32f0xx_hal_exti.c                     0x00000000   Number         0  stm32f0xx_hal_exti.o ABSOLUTE
    stm32f0xx_hal_flash.c                    0x00000000   Number         0  stm32f0xx_hal_flash.o ABSOLUTE
    stm32f0xx_hal_flash_ex.c                 0x00000000   Number         0  stm32f0xx_hal_flash_ex.o ABSOLUTE
    stm32f0xx_hal_gpio.c                     0x00000000   Number         0  stm32f0xx_hal_gpio.o ABSOLUTE
    stm32f0xx_hal_i2c.c                      0x00000000   Number         0  stm32f0xx_hal_i2c.o ABSOLUTE
    stm32f0xx_hal_i2c_ex.c                   0x00000000   Number         0  stm32f0xx_hal_i2c_ex.o ABSOLUTE
    stm32f0xx_hal_msp.c                      0x00000000   Number         0  stm32f0xx_hal_msp.o ABSOLUTE
    stm32f0xx_hal_pwr.c                      0x00000000   Number         0  stm32f0xx_hal_pwr.o ABSOLUTE
    stm32f0xx_hal_pwr_ex.c                   0x00000000   Number         0  stm32f0xx_hal_pwr_ex.o ABSOLUTE
    stm32f0xx_hal_rcc.c                      0x00000000   Number         0  stm32f0xx_hal_rcc.o ABSOLUTE
    stm32f0xx_hal_rcc_ex.c                   0x00000000   Number         0  stm32f0xx_hal_rcc_ex.o ABSOLUTE
    stm32f0xx_hal_tim.c                      0x00000000   Number         0  stm32f0xx_hal_tim.o ABSOLUTE
    stm32f0xx_hal_tim_ex.c                   0x00000000   Number         0  stm32f0xx_hal_tim_ex.o ABSOLUTE
    stm32f0xx_hal_uart.c                     0x00000000   Number         0  stm32f0xx_hal_uart.o ABSOLUTE
    stm32f0xx_hal_uart_ex.c                  0x00000000   Number         0  stm32f0xx_hal_uart_ex.o ABSOLUTE
    stm32f0xx_it.c                           0x00000000   Number         0  stm32f0xx_it.o ABSOLUTE
    system_stm32f0xx.c                       0x00000000   Number         0  system_stm32f0xx.o ABSOLUTE
    RESET                                    0x08000000   Section      188  startup_stm32f051x8.o(RESET)
    .ARM.Collect$$$$00000000                 0x080000bc   Section        0  entry.o(.ARM.Collect$$$$00000000)
    .ARM.Collect$$$$00000001                 0x080000bc   Section        4  entry2.o(.ARM.Collect$$$$00000001)
    .ARM.Collect$$$$00000004                 0x080000c0   Section        4  entry5.o(.ARM.Collect$$$$00000004)
    .ARM.Collect$$$$00000008                 0x080000c4   Section        0  entry7b.o(.ARM.Collect$$$$00000008)
    .ARM.Collect$$$$0000000A                 0x080000c4   Section        0  entry8b.o(.ARM.Collect$$$$0000000A)
    .ARM.Collect$$$$0000000B                 0x080000c4   Section        8  entry9a.o(.ARM.Collect$$$$0000000B)
    __lit__00000000                          0x080000cc   Data           4  entry2.o(.ARM.Collect$$$$00002712)
    .ARM.Collect$$$$0000000D                 0x080000cc   Section        0  entry10a.o(.ARM.Collect$$$$0000000D)
    .ARM.Collect$$$$0000000F                 0x080000cc   Section        0  entry11a.o(.ARM.Collect$$$$0000000F)
    .ARM.Collect$$$$00002712                 0x080000cc   Section        4  entry2.o(.ARM.Collect$$$$00002712)
    .text                                    0x080000d0   Section       28  startup_stm32f051x8.o(.text)
    .text                                    0x080000ec   Section        0  memcpya.o(.text)
    .text                                    0x08000110   Section        0  memseta.o(.text)
    .text                                    0x08000134   Section        0  strcat.o(.text)
    .text                                    0x0800014c   Section        0  strstr.o(.text)
    .text                                    0x08000174   Section        0  strlen.o(.text)
    .text                                    0x08000182   Section        0  atoi.o(.text)
    .text                                    0x0800019c   Section        0  uidiv_div0.o(.text)
    .text                                    0x080001dc   Section        0  strtol.o(.text)
    .text                                    0x0800024c   Section       36  init.o(.text)
    .text                                    0x08000270   Section        0  ctype_o.o(.text)
    .text                                    0x08000278   Section        0  _strtoul.o(.text)
    .text                                    0x0800031e   Section        0  _chval.o(.text)
    [Anonymous Symbol]                       0x0800033c   Section        0  main.o(.text.Error_Handler)
    [Anonymous Symbol]                       0x08000344   Section        0  stm32f0xx_hal_dma.o(.text.HAL_DMA_Abort)
    [Anonymous Symbol]                       0x08000380   Section        0  stm32f0xx_hal_dma.o(.text.HAL_DMA_Abort_IT)
    [Anonymous Symbol]                       0x080003c4   Section        0  stm32f0xx_hal.o(.text.HAL_Delay)
    [Anonymous Symbol]                       0x080003e4   Section        0  stm32f0xx_hal_gpio.o(.text.HAL_GPIO_Init)
    __arm_cp.0_0                             0x08000564   Number         4  stm32f0xx_hal_gpio.o(.text.HAL_GPIO_Init)
    __arm_cp.0_1                             0x08000568   Number         4  stm32f0xx_hal_gpio.o(.text.HAL_GPIO_Init)
    __arm_cp.0_3                             0x0800056c   Number         4  stm32f0xx_hal_gpio.o(.text.HAL_GPIO_Init)
    __arm_cp.0_4                             0x08000570   Number         4  stm32f0xx_hal_gpio.o(.text.HAL_GPIO_Init)
    __arm_cp.0_5                             0x08000574   Number         4  stm32f0xx_hal_gpio.o(.text.HAL_GPIO_Init)
    [Anonymous Symbol]                       0x08000578   Section        0  stm32f0xx_hal_gpio.o(.text.HAL_GPIO_ReadPin)
    [Anonymous Symbol]                       0x08000582   Section        0  stm32f0xx_hal_gpio.o(.text.HAL_GPIO_WritePin)
    [Anonymous Symbol]                       0x08000590   Section        0  stm32f0xx_hal.o(.text.HAL_GetTick)
    [Anonymous Symbol]                       0x08000598   Section        0  stm32f0xx_hal.o(.text.HAL_IncTick)
    __arm_cp.5_1                             0x080005a8   Number         4  stm32f0xx_hal.o(.text.HAL_IncTick)
    [Anonymous Symbol]                       0x080005ac   Section        0  stm32f0xx_hal.o(.text.HAL_Init)
    [Anonymous Symbol]                       0x080005c8   Section        0  stm32f0xx_hal.o(.text.HAL_InitTick)
    __arm_cp.1_0                             0x08000604   Number         4  stm32f0xx_hal.o(.text.HAL_InitTick)
    [Anonymous Symbol]                       0x08000608   Section        0  stm32f0xx_hal_msp.o(.text.HAL_MspInit)
    __arm_cp.0_0                             0x08000630   Number         4  stm32f0xx_hal_msp.o(.text.HAL_MspInit)
    [Anonymous Symbol]                       0x08000634   Section        0  stm32f0xx_hal_cortex.o(.text.HAL_NVIC_EnableIRQ)
    __arm_cp.2_0                             0x08000648   Number         4  stm32f0xx_hal_cortex.o(.text.HAL_NVIC_EnableIRQ)
    [Anonymous Symbol]                       0x0800064c   Section        0  stm32f0xx_hal_cortex.o(.text.HAL_NVIC_SetPriority)
    [Anonymous Symbol]                       0x08000654   Section        0  stm32f0xx_hal_rcc_ex.o(.text.HAL_RCCEx_PeriphCLKConfig)
    __arm_cp.0_0                             0x08000750   Number         4  stm32f0xx_hal_rcc_ex.o(.text.HAL_RCCEx_PeriphCLKConfig)
    __arm_cp.0_1                             0x08000754   Number         4  stm32f0xx_hal_rcc_ex.o(.text.HAL_RCCEx_PeriphCLKConfig)
    __arm_cp.0_2                             0x08000758   Number         4  stm32f0xx_hal_rcc_ex.o(.text.HAL_RCCEx_PeriphCLKConfig)
    [Anonymous Symbol]                       0x0800075c   Section        0  stm32f0xx_hal_rcc.o(.text.HAL_RCC_ClockConfig)
    __arm_cp.2_0                             0x08000854   Number         4  stm32f0xx_hal_rcc.o(.text.HAL_RCC_ClockConfig)
    __arm_cp.2_2                             0x08000858   Number         4  stm32f0xx_hal_rcc.o(.text.HAL_RCC_ClockConfig)
    __arm_cp.2_3                             0x0800085c   Number         4  stm32f0xx_hal_rcc.o(.text.HAL_RCC_ClockConfig)
    [Anonymous Symbol]                       0x08000860   Section        0  stm32f0xx_hal_rcc.o(.text.HAL_RCC_GetPCLK1Freq)
    __arm_cp.8_0                             0x08000874   Number         4  stm32f0xx_hal_rcc.o(.text.HAL_RCC_GetPCLK1Freq)
    __arm_cp.8_2                             0x08000878   Number         4  stm32f0xx_hal_rcc.o(.text.HAL_RCC_GetPCLK1Freq)
    [Anonymous Symbol]                       0x0800087c   Section        0  stm32f0xx_hal_rcc.o(.text.HAL_RCC_GetSysClockFreq)
    __arm_cp.3_0                             0x080008b4   Number         4  stm32f0xx_hal_rcc.o(.text.HAL_RCC_GetSysClockFreq)
    __arm_cp.3_1                             0x080008b8   Number         4  stm32f0xx_hal_rcc.o(.text.HAL_RCC_GetSysClockFreq)
    __arm_cp.3_4                             0x080008dc   Number         4  stm32f0xx_hal_rcc.o(.text.HAL_RCC_GetSysClockFreq)
    [Anonymous Symbol]                       0x080008e0   Section        0  stm32f0xx_hal_rcc.o(.text.HAL_RCC_OscConfig)
    __arm_cp.1_0                             0x08000cb0   Number         4  stm32f0xx_hal_rcc.o(.text.HAL_RCC_OscConfig)
    __arm_cp.1_1                             0x08000cb4   Number         4  stm32f0xx_hal_rcc.o(.text.HAL_RCC_OscConfig)
    __arm_cp.1_2                             0x08000cb8   Number         4  stm32f0xx_hal_rcc.o(.text.HAL_RCC_OscConfig)
    [Anonymous Symbol]                       0x08000cbc   Section        0  stm32f0xx_hal_cortex.o(.text.HAL_SYSTICK_Config)
    __arm_cp.6_0                             0x08000ce4   Number         4  stm32f0xx_hal_cortex.o(.text.HAL_SYSTICK_Config)
    __arm_cp.6_1                             0x08000ce8   Number         4  stm32f0xx_hal_cortex.o(.text.HAL_SYSTICK_Config)
    __arm_cp.6_2                             0x08000cec   Number         4  stm32f0xx_hal_cortex.o(.text.HAL_SYSTICK_Config)
    [Anonymous Symbol]                       0x08000cf0   Section        0  stm32f0xx_hal_uart.o(.text.HAL_UARTEx_RxEventCallback)
    [Anonymous Symbol]                       0x08000cf2   Section        0  stm32f0xx_hal_uart_ex.o(.text.HAL_UARTEx_WakeupCallback)
    [Anonymous Symbol]                       0x08000cf4   Section        0  stm32f0xx_hal_uart.o(.text.HAL_UART_ErrorCallback)
    [Anonymous Symbol]                       0x08000cf8   Section        0  stm32f0xx_hal_uart.o(.text.HAL_UART_IRQHandler)
    __arm_cp.42_0                            0x08000f9c   Number         4  stm32f0xx_hal_uart.o(.text.HAL_UART_IRQHandler)
    __arm_cp.42_1                            0x08000fa0   Number         4  stm32f0xx_hal_uart.o(.text.HAL_UART_IRQHandler)
    __arm_cp.42_2                            0x08000fa4   Number         4  stm32f0xx_hal_uart.o(.text.HAL_UART_IRQHandler)
    [Anonymous Symbol]                       0x08000fa8   Section        0  stm32f0xx_hal_uart.o(.text.HAL_UART_Init)
    [Anonymous Symbol]                       0x08001014   Section        0  stm32f0xx_hal_msp.o(.text.HAL_UART_MspInit)
    __arm_cp.1_0                             0x080010b4   Number         4  stm32f0xx_hal_msp.o(.text.HAL_UART_MspInit)
    __arm_cp.1_2                             0x080010b8   Number         4  stm32f0xx_hal_msp.o(.text.HAL_UART_MspInit)
    [Anonymous Symbol]                       0x080010bc   Section        0  stm32f0xx_hal_uart.o(.text.HAL_UART_Receive_IT)
    [Anonymous Symbol]                       0x08001128   Section        0  sim808.o(.text.HAL_UART_RxCpltCallback)
    __arm_cp.4_0                             0x08001150   Number         4  sim808.o(.text.HAL_UART_RxCpltCallback)
    __arm_cp.4_1                             0x08001154   Number         4  sim808.o(.text.HAL_UART_RxCpltCallback)
    __arm_cp.4_2                             0x08001158   Number         4  sim808.o(.text.HAL_UART_RxCpltCallback)
    __arm_cp.4_3                             0x0800115c   Number         4  sim808.o(.text.HAL_UART_RxCpltCallback)
    [Anonymous Symbol]                       0x08001160   Section        0  stm32f0xx_hal_uart.o(.text.HAL_UART_Transmit)
    __arm_cp.10_0                            0x08001248   Number         4  stm32f0xx_hal_uart.o(.text.HAL_UART_Transmit)
    [Anonymous Symbol]                       0x0800124c   Section        0  stm32f0xx_hal_uart.o(.text.HAL_UART_TxCpltCallback)
    [Anonymous Symbol]                       0x08001250   Section        0  stm32f0xx_it.o(.text.HardFault_Handler)
    __arm_cp.1_0                             0x0800125c   Number         4  stm32f0xx_it.o(.text.HardFault_Handler)
    [Anonymous Symbol]                       0x08001260   Section        0  stm32f0xx_it.o(.text.NMI_Handler)
    [Anonymous Symbol]                       0x08001262   Section        0  stm32f0xx_it.o(.text.PendSV_Handler)
    [Anonymous Symbol]                       0x08001264   Section        0  stm32f0xx_it.o(.text.SVC_Handler)
    [Anonymous Symbol]                       0x08001266   Section        0  stm32f0xx_it.o(.text.SysTick_Handler)
    [Anonymous Symbol]                       0x0800126e   Section        0  main.o(.text.SystemClock_Config)
    [Anonymous Symbol]                       0x080012da   Section        0  system_stm32f0xx.o(.text.SystemInit)
    [Anonymous Symbol]                       0x080012dc   Section        0  stm32f0xx_hal_uart.o(.text.UART_AdvFeatureConfig)
    [Anonymous Symbol]                       0x08001394   Section        0  stm32f0xx_hal_uart.o(.text.UART_CheckIdleState)
    __arm_cp.4_0                             0x080013f8   Number         4  stm32f0xx_hal_uart.o(.text.UART_CheckIdleState)
    UART_DMAAbortOnError                     0x080013fd   Thumb Code    22  stm32f0xx_hal_uart.o(.text.UART_DMAAbortOnError)
    [Anonymous Symbol]                       0x080013fc   Section        0  stm32f0xx_hal_uart.o(.text.UART_DMAAbortOnError)
    UART_EndRxTransfer                       0x08001413   Thumb Code    88  stm32f0xx_hal_uart.o(.text.UART_EndRxTransfer)
    [Anonymous Symbol]                       0x08001412   Section        0  stm32f0xx_hal_uart.o(.text.UART_EndRxTransfer)
    UART_RxISR_16BIT                         0x0800146b   Thumb Code   162  stm32f0xx_hal_uart.o(.text.UART_RxISR_16BIT)
    [Anonymous Symbol]                       0x0800146a   Section        0  stm32f0xx_hal_uart.o(.text.UART_RxISR_16BIT)
    UART_RxISR_8BIT                          0x0800150d   Thumb Code   164  stm32f0xx_hal_uart.o(.text.UART_RxISR_8BIT)
    [Anonymous Symbol]                       0x0800150c   Section        0  stm32f0xx_hal_uart.o(.text.UART_RxISR_8BIT)
    [Anonymous Symbol]                       0x080015b0   Section        0  stm32f0xx_hal_uart.o(.text.UART_SetConfig)
    __arm_cp.2_0                             0x080016a4   Number         4  stm32f0xx_hal_uart.o(.text.UART_SetConfig)
    __arm_cp.2_1                             0x080016a8   Number         4  stm32f0xx_hal_uart.o(.text.UART_SetConfig)
    __arm_cp.2_2                             0x080016ac   Number         4  stm32f0xx_hal_uart.o(.text.UART_SetConfig)
    __arm_cp.2_3                             0x080016b0   Number         4  stm32f0xx_hal_uart.o(.text.UART_SetConfig)
    __arm_cp.2_5                             0x080016c4   Number         4  stm32f0xx_hal_uart.o(.text.UART_SetConfig)
    __arm_cp.2_6                             0x080016c8   Number         4  stm32f0xx_hal_uart.o(.text.UART_SetConfig)
    [Anonymous Symbol]                       0x080016cc   Section        0  stm32f0xx_hal_uart.o(.text.UART_Start_Receive_IT)
    __arm_cp.17_0                            0x08001758   Number         4  stm32f0xx_hal_uart.o(.text.UART_Start_Receive_IT)
    __arm_cp.17_1                            0x0800175c   Number         4  stm32f0xx_hal_uart.o(.text.UART_Start_Receive_IT)
    __arm_cp.17_2                            0x08001760   Number         4  stm32f0xx_hal_uart.o(.text.UART_Start_Receive_IT)
    [Anonymous Symbol]                       0x08001764   Section        0  stm32f0xx_hal_uart.o(.text.UART_WaitOnFlagUntilTimeout)
    [Anonymous Symbol]                       0x08001830   Section        0  stm32f0xx_it.o(.text.USART1_IRQHandler)
    [Anonymous Symbol]                       0x0800183c   Section        0  stm32f0xx_it.o(.text.USART2_IRQHandler)
    __NVIC_SetPriority                       0x08001849   Thumb Code    56  stm32f0xx_hal_cortex.o(.text.__NVIC_SetPriority)
    [Anonymous Symbol]                       0x08001848   Section        0  stm32f0xx_hal_cortex.o(.text.__NVIC_SetPriority)
    __arm_cp.1_0                             0x08001880   Number         4  stm32f0xx_hal_cortex.o(.text.__NVIC_SetPriority)
    __arm_cp.1_1                             0x08001884   Number         4  stm32f0xx_hal_cortex.o(.text.__NVIC_SetPriority)
    [Anonymous Symbol]                       0x08001888   Section        0  main.o(.text.main)
    __arm_cp.0_0                             0x08001948   Number         4  main.o(.text.main)
    __arm_cp.0_1                             0x0800194c   Number         4  main.o(.text.main)
    __arm_cp.0_2                             0x08001950   Number         4  main.o(.text.main)
    __arm_cp.0_3                             0x08001954   Number         4  main.o(.text.main)
    __arm_cp.0_4                             0x08001958   Number         4  main.o(.text.main)
    __arm_cp.0_5                             0x0800195c   Number         4  main.o(.text.main)
    __arm_cp.0_6                             0x08001960   Number         4  main.o(.text.main)
    [Anonymous Symbol]                       0x08001988   Section        0  sim808.o(.text.send_cmd)
    __arm_cp.2_2                             0x080019e0   Number         4  sim808.o(.text.send_cmd)
    [Anonymous Symbol]                       0x080019e4   Section        0  sim808.o(.text.send_debug)
    __arm_cp.0_0                             0x08001a04   Number         4  sim808.o(.text.send_debug)
    [Anonymous Symbol]                       0x08001a08   Section        0  sim808.o(.text.send_serial)
    __arm_cp.1_0                             0x08001a30   Number         4  sim808.o(.text.send_serial)
    __arm_cp.1_1                             0x08001a34   Number         4  sim808.o(.text.send_serial)
    __arm_cp.1_2                             0x08001a38   Number         4  sim808.o(.text.send_serial)
    [Anonymous Symbol]                       0x08001a3c   Section        0  network_functions.o(.text.sim_enable_gprs)
    __arm_cp.1_0                             0x08001cc8   Number         4  network_functions.o(.text.sim_enable_gprs)
    __arm_cp.1_2                             0x08001cd8   Number         4  network_functions.o(.text.sim_enable_gprs)
    __arm_cp.1_4                             0x08001cec   Number         4  network_functions.o(.text.sim_enable_gprs)
    __arm_cp.1_6                             0x08001cf8   Number         4  network_functions.o(.text.sim_enable_gprs)
    __arm_cp.1_9                             0x08001d0c   Number         4  network_functions.o(.text.sim_enable_gprs)
    __arm_cp.1_12                            0x08001d18   Number         4  network_functions.o(.text.sim_enable_gprs)
    __arm_cp.1_14                            0x08001d28   Number         4  network_functions.o(.text.sim_enable_gprs)
    __arm_cp.1_15                            0x08001d2c   Number         4  network_functions.o(.text.sim_enable_gprs)
    __arm_cp.1_16                            0x08001d30   Number         4  network_functions.o(.text.sim_enable_gprs)
    __arm_cp.1_17                            0x08001d34   Number         4  network_functions.o(.text.sim_enable_gprs)
    __arm_cp.1_18                            0x08001d38   Number         4  network_functions.o(.text.sim_enable_gprs)
    __arm_cp.1_20                            0x08001d44   Number         4  network_functions.o(.text.sim_enable_gprs)
    __arm_cp.1_23                            0x08001d58   Number         4  network_functions.o(.text.sim_enable_gprs)
    __arm_cp.1_24                            0x08001d5c   Number         4  network_functions.o(.text.sim_enable_gprs)
    __arm_cp.1_25                            0x08001d60   Number         4  network_functions.o(.text.sim_enable_gprs)
    __arm_cp.1_26                            0x08001d64   Number         4  network_functions.o(.text.sim_enable_gprs)
    __arm_cp.1_29                            0x08001d7c   Number         4  network_functions.o(.text.sim_enable_gprs)
    __arm_cp.1_30                            0x08001d80   Number         4  network_functions.o(.text.sim_enable_gprs)
    [Anonymous Symbol]                       0x08001d84   Section        0  sim808.o(.text.sim_get_cmd_reply)
    __arm_cp.3_0                             0x08001dd0   Number         4  sim808.o(.text.sim_get_cmd_reply)
    __arm_cp.3_1                             0x08001dd4   Number         4  sim808.o(.text.sim_get_cmd_reply)
    __arm_cp.3_2                             0x08001dd8   Number         4  sim808.o(.text.sim_get_cmd_reply)
    __arm_cp.3_3                             0x08001ddc   Number         4  sim808.o(.text.sim_get_cmd_reply)
    [Anonymous Symbol]                       0x08001de0   Section        0  gps.o(.text.sim_gps_enable)
    [Anonymous Symbol]                       0x08001e40   Section        0  sim808.o(.text.sim_init)
    __arm_cp.5_0                             0x08001f74   Number         4  sim808.o(.text.sim_init)
    __arm_cp.5_1                             0x08001f78   Number         4  sim808.o(.text.sim_init)
    __arm_cp.5_2                             0x08001f7c   Number         4  sim808.o(.text.sim_init)
    __arm_cp.5_3                             0x08001f80   Number         4  sim808.o(.text.sim_init)
    __arm_cp.5_4                             0x08001f84   Number         4  sim808.o(.text.sim_init)
    __arm_cp.5_5                             0x08001f88   Number         4  sim808.o(.text.sim_init)
    __arm_cp.5_6                             0x08001f8c   Number         4  sim808.o(.text.sim_init)
    __arm_cp.5_7                             0x08001f90   Number         4  sim808.o(.text.sim_init)
    __arm_cp.5_8                             0x08001f94   Number         4  sim808.o(.text.sim_init)
    __arm_cp.5_9                             0x08001f98   Number         4  sim808.o(.text.sim_init)
    [Anonymous Symbol]                       0x08001f9c   Section        0  network_functions.o(.text.sim_insert_PIN)
    [Anonymous Symbol]                       0x08001ff0   Section        0  network_functions.o(.text.sim_tcp_send)
    __arm_cp.2_0                             0x08002170   Number         4  network_functions.o(.text.sim_tcp_send)
    __arm_cp.2_2                             0x0800218c   Number         4  network_functions.o(.text.sim_tcp_send)
    __arm_cp.2_4                             0x0800219c   Number         4  network_functions.o(.text.sim_tcp_send)
    __arm_cp.2_6                             0x080021ac   Number         4  network_functions.o(.text.sim_tcp_send)
    __arm_cp.2_7                             0x080021b0   Number         4  network_functions.o(.text.sim_tcp_send)
    __arm_cp.2_11                            0x080021e0   Number         4  network_functions.o(.text.sim_tcp_send)
    i.__aeabi_errno_addr                     0x080021f0   Section        0  errno.o(i.__aeabi_errno_addr)
    i.__scatterload_copy                     0x080021f8   Section       14  handlers.o(i.__scatterload_copy)
    i.__scatterload_null                     0x08002206   Section        2  handlers.o(i.__scatterload_null)
    i.__scatterload_zeroinit                 0x08002208   Section       14  handlers.o(i.__scatterload_zeroinit)
    .constdata                               0x08002216   Section      129  ctype_o.o(.constdata)
    table                                    0x08002298   Data           4  ctype_o.o(.constdata)
    .constdata                               0x08002298   Section        4  ctype_o.o(.constdata)
    [Anonymous Symbol]                       0x0800229c   Section        0  network_functions.o(.rodata..L__const.sim_tcp_send.tcp_connect_cmd)
    sim_enable_gprs.PIN_status_cmd           0x08002334   Data          10  network_functions.o(.rodata.sim_enable_gprs.PIN_status_cmd)
    [Anonymous Symbol]                       0x08002334   Section        0  network_functions.o(.rodata.sim_enable_gprs.PIN_status_cmd)
    sim_enable_gprs.SIM_detect_cmd           0x0800233e   Data          12  network_functions.o(.rodata.sim_enable_gprs.SIM_detect_cmd)
    [Anonymous Symbol]                       0x0800233e   Section        0  network_functions.o(.rodata.sim_enable_gprs.SIM_detect_cmd)
    sim_enable_gprs.activate_PDP_context_cmd 0x0800234a   Data          10  network_functions.o(.rodata.sim_enable_gprs.activate_PDP_context_cmd)
    [Anonymous Symbol]                       0x0800234a   Section        0  network_functions.o(.rodata.sim_enable_gprs.activate_PDP_context_cmd)
    sim_enable_gprs.check_PDP_context_cmd    0x08002354   Data          10  network_functions.o(.rodata.sim_enable_gprs.check_PDP_context_cmd)
    [Anonymous Symbol]                       0x08002354   Section        0  network_functions.o(.rodata.sim_enable_gprs.check_PDP_context_cmd)
    sim_enable_gprs.check_gprs_state_cmd     0x0800235e   Data          14  network_functions.o(.rodata.sim_enable_gprs.check_gprs_state_cmd)
    [Anonymous Symbol]                       0x0800235e   Section        0  network_functions.o(.rodata.sim_enable_gprs.check_gprs_state_cmd)
    sim_enable_gprs.check_grps_attach_cmd    0x0800236c   Data          11  network_functions.o(.rodata.sim_enable_gprs.check_grps_attach_cmd)
    [Anonymous Symbol]                       0x0800236c   Section        0  network_functions.o(.rodata.sim_enable_gprs.check_grps_attach_cmd)
    sim_enable_gprs.check_registration_cmd   0x08002377   Data          10  network_functions.o(.rodata.sim_enable_gprs.check_registration_cmd)
    [Anonymous Symbol]                       0x08002377   Section        0  network_functions.o(.rodata.sim_enable_gprs.check_registration_cmd)
    sim_enable_gprs.check_signal_cmd         0x08002381   Data           8  network_functions.o(.rodata.sim_enable_gprs.check_signal_cmd)
    [Anonymous Symbol]                       0x08002381   Section        0  network_functions.o(.rodata.sim_enable_gprs.check_signal_cmd)
    sim_enable_gprs.enable_phone_function_cmd 0x08002389   Data          11  network_functions.o(.rodata.sim_enable_gprs.enable_phone_function_cmd)
    [Anonymous Symbol]                       0x08002389   Section        0  network_functions.o(.rodata.sim_enable_gprs.enable_phone_function_cmd)
    sim_enable_gprs.get_IP_address_cmd       0x08002394   Data          10  network_functions.o(.rodata.sim_enable_gprs.get_IP_address_cmd)
    [Anonymous Symbol]                       0x08002394   Section        0  network_functions.o(.rodata.sim_enable_gprs.get_IP_address_cmd)
    sim_enable_gprs.grps_attach_cmd          0x0800239e   Data          12  network_functions.o(.rodata.sim_enable_gprs.grps_attach_cmd)
    [Anonymous Symbol]                       0x0800239e   Section        0  network_functions.o(.rodata.sim_enable_gprs.grps_attach_cmd)
    sim_enable_gprs.phone_status_check_cmd   0x080023aa   Data          10  network_functions.o(.rodata.sim_enable_gprs.phone_status_check_cmd)
    [Anonymous Symbol]                       0x080023aa   Section        0  network_functions.o(.rodata.sim_enable_gprs.phone_status_check_cmd)
    sim_enable_gprs.register_ME_cmd          0x080023b4   Data          11  network_functions.o(.rodata.sim_enable_gprs.register_ME_cmd)
    [Anonymous Symbol]                       0x080023b4   Section        0  network_functions.o(.rodata.sim_enable_gprs.register_ME_cmd)
    sim_enable_gprs.reset_PDP_cmd            0x080023bf   Data          12  network_functions.o(.rodata.sim_enable_gprs.reset_PDP_cmd)
    [Anonymous Symbol]                       0x080023bf   Section        0  network_functions.o(.rodata.sim_enable_gprs.reset_PDP_cmd)
    sim_tcp_send.get_tcp_status_cmd          0x080023cb   Data          14  network_functions.o(.rodata.sim_tcp_send.get_tcp_status_cmd)
    [Anonymous Symbol]                       0x080023cb   Section        0  network_functions.o(.rodata.sim_tcp_send.get_tcp_status_cmd)
    sim_tcp_send.tcp_disconnect_cmd          0x080023d9   Data          13  network_functions.o(.rodata.sim_tcp_send.tcp_disconnect_cmd)
    [Anonymous Symbol]                       0x080023d9   Section        0  network_functions.o(.rodata.sim_tcp_send.tcp_disconnect_cmd)
    [Anonymous Symbol]                       0x080023e6   Section        0  sim808.o(.rodata.str1.1)
    [Anonymous Symbol]                       0x080023ed   Section        0  network_functions.o(.rodata.str1.1)
    _errno                                   0x20000000   Data           4  errno.o(.data)
    .data                                    0x20000000   Section        4  errno.o(.data)
    [Anonymous Symbol]                       0x20000004   Section        0  stm32f0xx_hal.o(.data..L_MergedGlobals)
    sim_enable_gprs.define_PDP_context_cmd   0x20000010   Data          20  network_functions.o(.data.sim_enable_gprs.define_PDP_context_cmd)
    [Anonymous Symbol]                       0x20000010   Section        0  network_functions.o(.data.sim_enable_gprs.define_PDP_context_cmd)
    rx_index                                 0x20000028   Data           1  sim808.o(.bss..L_MergedGlobals)
    [Anonymous Symbol]                       0x20000028   Section        0  sim808.o(.bss..L_MergedGlobals)
    rx_byte                                  0x20000029   Data           1  sim808.o(.bss..L_MergedGlobals)
    sim_rx_buffer                            0x20000154   Data         256  sim808.o(.bss.sim_rx_buffer)
    [Anonymous Symbol]                       0x20000154   Section        0  sim808.o(.bss.sim_rx_buffer)
    STACK                                    0x20000258   Section     1024  startup_stm32f051x8.o(STACK)

    Global Symbols

    Symbol Name                              Value     Ov Type        Size  Object(Section)

    BuildAttributes$$THM_ISAv3M$S$PE$A:L22$X:L11$S22$IEEE1$IW$~IW$USESV6$~STKCKD$USESV7$~SHL$OSPACE$EBA8$MICROLIB$REQ8$PRES8$EABIv2 0x00000000   Number         0  anon$$obj.o ABSOLUTE
    __cpp_initialize__aeabi_                  - Undefined Weak Reference
    __cxa_finalize                            - Undefined Weak Reference
    __decompress                              - Undefined Weak Reference
    _clock_init                               - Undefined Weak Reference
    _microlib_exit                            - Undefined Weak Reference
    __Vectors_Size                           0x000000bc   Number         0  startup_stm32f051x8.o ABSOLUTE
    __Vectors                                0x08000000   Data           4  startup_stm32f051x8.o(RESET)
    __Vectors_End                            0x080000bc   Data           0  startup_stm32f051x8.o(RESET)
    __main                                   0x080000bd   Thumb Code     0  entry.o(.ARM.Collect$$$$00000000)
    _main_stk                                0x080000bd   Thumb Code     0  entry2.o(.ARM.Collect$$$$00000001)
    _main_scatterload                        0x080000c1   Thumb Code     0  entry5.o(.ARM.Collect$$$$00000004)
    __main_after_scatterload                 0x080000c5   Thumb Code     0  entry5.o(.ARM.Collect$$$$00000004)
    _main_clock                              0x080000c5   Thumb Code     0  entry7b.o(.ARM.Collect$$$$00000008)
    _main_cpp_init                           0x080000c5   Thumb Code     0  entry8b.o(.ARM.Collect$$$$0000000A)
    _main_init                               0x080000c5   Thumb Code     0  entry9a.o(.ARM.Collect$$$$0000000B)
    __rt_final_cpp                           0x080000cd   Thumb Code     0  entry10a.o(.ARM.Collect$$$$0000000D)
    __rt_final_exit                          0x080000cd   Thumb Code     0  entry11a.o(.ARM.Collect$$$$0000000F)
    Reset_Handler                            0x080000d1   Thumb Code     8  startup_stm32f051x8.o(.text)
    ADC1_COMP_IRQHandler                     0x080000e3   Thumb Code     0  startup_stm32f051x8.o(.text)
    CEC_IRQHandler                           0x080000e3   Thumb Code     0  startup_stm32f051x8.o(.text)
    DMA1_Channel1_IRQHandler                 0x080000e3   Thumb Code     0  startup_stm32f051x8.o(.text)
    DMA1_Channel2_3_IRQHandler               0x080000e3   Thumb Code     0  startup_stm32f051x8.o(.text)
    DMA1_Channel4_5_IRQHandler               0x080000e3   Thumb Code     0  startup_stm32f051x8.o(.text)
    EXTI0_1_IRQHandler                       0x080000e3   Thumb Code     0  startup_stm32f051x8.o(.text)
    EXTI2_3_IRQHandler                       0x080000e3   Thumb Code     0  startup_stm32f051x8.o(.text)
    EXTI4_15_IRQHandler                      0x080000e3   Thumb Code     0  startup_stm32f051x8.o(.text)
    FLASH_IRQHandler                         0x080000e3   Thumb Code     0  startup_stm32f051x8.o(.text)
    I2C1_IRQHandler                          0x080000e3   Thumb Code     0  startup_stm32f051x8.o(.text)
    I2C2_IRQHandler                          0x080000e3   Thumb Code     0  startup_stm32f051x8.o(.text)
    PVD_IRQHandler                           0x080000e3   Thumb Code     0  startup_stm32f051x8.o(.text)
    RCC_IRQHandler                           0x080000e3   Thumb Code     0  startup_stm32f051x8.o(.text)
    RTC_IRQHandler                           0x080000e3   Thumb Code     0  startup_stm32f051x8.o(.text)
    SPI1_IRQHandler                          0x080000e3   Thumb Code     0  startup_stm32f051x8.o(.text)
    SPI2_IRQHandler                          0x080000e3   Thumb Code     0  startup_stm32f051x8.o(.text)
    TIM14_IRQHandler                         0x080000e3   Thumb Code     0  startup_stm32f051x8.o(.text)
    TIM15_IRQHandler                         0x080000e3   Thumb Code     0  startup_stm32f051x8.o(.text)
    TIM16_IRQHandler                         0x080000e3   Thumb Code     0  startup_stm32f051x8.o(.text)
    TIM17_IRQHandler                         0x080000e3   Thumb Code     0  startup_stm32f051x8.o(.text)
    TIM1_BRK_UP_TRG_COM_IRQHandler           0x080000e3   Thumb Code     0  startup_stm32f051x8.o(.text)
    TIM1_CC_IRQHandler                       0x080000e3   Thumb Code     0  startup_stm32f051x8.o(.text)
    TIM2_IRQHandler                          0x080000e3   Thumb Code     0  startup_stm32f051x8.o(.text)
    TIM3_IRQHandler                          0x080000e3   Thumb Code     0  startup_stm32f051x8.o(.text)
    TIM6_DAC_IRQHandler                      0x080000e3   Thumb Code     0  startup_stm32f051x8.o(.text)
    TSC_IRQHandler                           0x080000e3   Thumb Code     0  startup_stm32f051x8.o(.text)
    WWDG_IRQHandler                          0x080000e3   Thumb Code     0  startup_stm32f051x8.o(.text)
    __aeabi_memcpy                           0x080000ed   Thumb Code    36  memcpya.o(.text)
    __aeabi_memcpy4                          0x080000ed   Thumb Code     0  memcpya.o(.text)
    __aeabi_memcpy8                          0x080000ed   Thumb Code     0  memcpya.o(.text)
    __aeabi_memset                           0x08000111   Thumb Code    14  memseta.o(.text)
    __aeabi_memset4                          0x08000111   Thumb Code     0  memseta.o(.text)
    __aeabi_memset8                          0x08000111   Thumb Code     0  memseta.o(.text)
    __aeabi_memclr                           0x0800011f   Thumb Code     4  memseta.o(.text)
    __aeabi_memclr4                          0x0800011f   Thumb Code     0  memseta.o(.text)
    __aeabi_memclr8                          0x0800011f   Thumb Code     0  memseta.o(.text)
    _memset$wrapper                          0x08000123   Thumb Code    18  memseta.o(.text)
    strcat                                   0x08000135   Thumb Code    24  strcat.o(.text)
    strstr                                   0x0800014d   Thumb Code    40  strstr.o(.text)
    strlen                                   0x08000175   Thumb Code    14  strlen.o(.text)
    atoi                                     0x08000183   Thumb Code    26  atoi.o(.text)
    __aeabi_uidiv                            0x0800019d   Thumb Code     0  uidiv_div0.o(.text)
    __aeabi_uidivmod                         0x0800019d   Thumb Code    62  uidiv_div0.o(.text)
    strtol                                   0x080001dd   Thumb Code   108  strtol.o(.text)
    __scatterload                            0x0800024d   Thumb Code    28  init.o(.text)
    __scatterload_rt2                        0x0800024d   Thumb Code     0  init.o(.text)
    __rt_ctype_table                         0x08000271   Thumb Code     4  ctype_o.o(.text)
    _strtoul                                 0x08000279   Thumb Code   166  _strtoul.o(.text)
    _chval                                   0x0800031f   Thumb Code    30  _chval.o(.text)
    Error_Handler                            0x0800033d   Thumb Code     8  main.o(.text.Error_Handler)
    HAL_DMA_Abort                            0x08000345   Thumb Code    60  stm32f0xx_hal_dma.o(.text.HAL_DMA_Abort)
    HAL_DMA_Abort_IT                         0x08000381   Thumb Code    68  stm32f0xx_hal_dma.o(.text.HAL_DMA_Abort_IT)
    HAL_Delay                                0x080003c5   Thumb Code    32  stm32f0xx_hal.o(.text.HAL_Delay)
    HAL_GPIO_Init                            0x080003e5   Thumb Code   384  stm32f0xx_hal_gpio.o(.text.HAL_GPIO_Init)
    HAL_GPIO_ReadPin                         0x08000579   Thumb Code    10  stm32f0xx_hal_gpio.o(.text.HAL_GPIO_ReadPin)
    HAL_GPIO_WritePin                        0x08000583   Thumb Code    14  stm32f0xx_hal_gpio.o(.text.HAL_GPIO_WritePin)
    HAL_GetTick                              0x08000591   Thumb Code     8  stm32f0xx_hal.o(.text.HAL_GetTick)
    HAL_IncTick                              0x08000599   Thumb Code    16  stm32f0xx_hal.o(.text.HAL_IncTick)
    HAL_Init                                 0x080005ad   Thumb Code    28  stm32f0xx_hal.o(.text.HAL_Init)
    HAL_InitTick                             0x080005c9   Thumb Code    60  stm32f0xx_hal.o(.text.HAL_InitTick)
    HAL_MspInit                              0x08000609   Thumb Code    40  stm32f0xx_hal_msp.o(.text.HAL_MspInit)
    HAL_NVIC_EnableIRQ                       0x08000635   Thumb Code    20  stm32f0xx_hal_cortex.o(.text.HAL_NVIC_EnableIRQ)
    HAL_NVIC_SetPriority                     0x0800064d   Thumb Code     8  stm32f0xx_hal_cortex.o(.text.HAL_NVIC_SetPriority)
    HAL_RCCEx_PeriphCLKConfig                0x08000655   Thumb Code   252  stm32f0xx_hal_rcc_ex.o(.text.HAL_RCCEx_PeriphCLKConfig)
    HAL_RCC_ClockConfig                      0x0800075d   Thumb Code   248  stm32f0xx_hal_rcc.o(.text.HAL_RCC_ClockConfig)
    HAL_RCC_GetPCLK1Freq                     0x08000861   Thumb Code    20  stm32f0xx_hal_rcc.o(.text.HAL_RCC_GetPCLK1Freq)
    HAL_RCC_GetSysClockFreq                  0x0800087d   Thumb Code    56  stm32f0xx_hal_rcc.o(.text.HAL_RCC_GetSysClockFreq)
    HAL_RCC_OscConfig                        0x080008e1   Thumb Code   976  stm32f0xx_hal_rcc.o(.text.HAL_RCC_OscConfig)
    HAL_SYSTICK_Config                       0x08000cbd   Thumb Code    40  stm32f0xx_hal_cortex.o(.text.HAL_SYSTICK_Config)
    HAL_UARTEx_RxEventCallback               0x08000cf1   Thumb Code     2  stm32f0xx_hal_uart.o(.text.HAL_UARTEx_RxEventCallback)
    HAL_UARTEx_WakeupCallback                0x08000cf3   Thumb Code     2  stm32f0xx_hal_uart_ex.o(.text.HAL_UARTEx_WakeupCallback)
    HAL_UART_ErrorCallback                   0x08000cf5   Thumb Code     2  stm32f0xx_hal_uart.o(.text.HAL_UART_ErrorCallback)
    HAL_UART_IRQHandler                      0x08000cf9   Thumb Code   676  stm32f0xx_hal_uart.o(.text.HAL_UART_IRQHandler)
    HAL_UART_Init                            0x08000fa9   Thumb Code   106  stm32f0xx_hal_uart.o(.text.HAL_UART_Init)
    HAL_UART_MspInit                         0x08001015   Thumb Code   160  stm32f0xx_hal_msp.o(.text.HAL_UART_MspInit)
    HAL_UART_Receive_IT                      0x080010bd   Thumb Code   106  stm32f0xx_hal_uart.o(.text.HAL_UART_Receive_IT)
    HAL_UART_RxCpltCallback                  0x08001129   Thumb Code    40  sim808.o(.text.HAL_UART_RxCpltCallback)
    HAL_UART_Transmit                        0x08001161   Thumb Code   232  stm32f0xx_hal_uart.o(.text.HAL_UART_Transmit)
    HAL_UART_TxCpltCallback                  0x0800124d   Thumb Code     2  stm32f0xx_hal_uart.o(.text.HAL_UART_TxCpltCallback)
    HardFault_Handler                        0x08001251   Thumb Code    12  stm32f0xx_it.o(.text.HardFault_Handler)
    NMI_Handler                              0x08001261   Thumb Code     2  stm32f0xx_it.o(.text.NMI_Handler)
    PendSV_Handler                           0x08001263   Thumb Code     2  stm32f0xx_it.o(.text.PendSV_Handler)
    SVC_Handler                              0x08001265   Thumb Code     2  stm32f0xx_it.o(.text.SVC_Handler)
    SysTick_Handler                          0x08001267   Thumb Code     8  stm32f0xx_it.o(.text.SysTick_Handler)
    SystemClock_Config                       0x0800126f   Thumb Code   108  main.o(.text.SystemClock_Config)
    SystemInit                               0x080012db   Thumb Code     2  system_stm32f0xx.o(.text.SystemInit)
    UART_AdvFeatureConfig                    0x080012dd   Thumb Code   184  stm32f0xx_hal_uart.o(.text.UART_AdvFeatureConfig)
    UART_CheckIdleState                      0x08001395   Thumb Code   100  stm32f0xx_hal_uart.o(.text.UART_CheckIdleState)
    UART_SetConfig                           0x080015b1   Thumb Code   244  stm32f0xx_hal_uart.o(.text.UART_SetConfig)
    UART_Start_Receive_IT                    0x080016cd   Thumb Code   140  stm32f0xx_hal_uart.o(.text.UART_Start_Receive_IT)
    UART_WaitOnFlagUntilTimeout              0x08001765   Thumb Code   204  stm32f0xx_hal_uart.o(.text.UART_WaitOnFlagUntilTimeout)
    USART1_IRQHandler                        0x08001831   Thumb Code    12  stm32f0xx_it.o(.text.USART1_IRQHandler)
    USART2_IRQHandler                        0x0800183d   Thumb Code    12  stm32f0xx_it.o(.text.USART2_IRQHandler)
    main                                     0x08001889   Thumb Code   192  main.o(.text.main)
    send_cmd                                 0x08001989   Thumb Code    88  sim808.o(.text.send_cmd)
    send_debug                               0x080019e5   Thumb Code    32  sim808.o(.text.send_debug)
    send_serial                              0x08001a09   Thumb Code    40  sim808.o(.text.send_serial)
    sim_enable_gprs                          0x08001a3d   Thumb Code   652  network_functions.o(.text.sim_enable_gprs)
    sim_get_cmd_reply                        0x08001d85   Thumb Code    76  sim808.o(.text.sim_get_cmd_reply)
    sim_gps_enable                           0x08001de1   Thumb Code    64  gps.o(.text.sim_gps_enable)
    sim_init                                 0x08001e41   Thumb Code   308  sim808.o(.text.sim_init)
    sim_insert_PIN                           0x08001f9d   Thumb Code    64  network_functions.o(.text.sim_insert_PIN)
    sim_tcp_send                             0x08001ff1   Thumb Code   384  network_functions.o(.text.sim_tcp_send)
    __aeabi_errno_addr                       0x080021f1   Thumb Code     4  errno.o(i.__aeabi_errno_addr)
    __rt_errno_addr                          0x080021f1   Thumb Code     0  errno.o(i.__aeabi_errno_addr)
    __scatterload_copy                       0x080021f9   Thumb Code    14  handlers.o(i.__scatterload_copy)
    __scatterload_null                       0x08002207   Thumb Code     2  handlers.o(i.__scatterload_null)
    __scatterload_zeroinit                   0x08002209   Thumb Code    14  handlers.o(i.__scatterload_zeroinit)
    __ctype_table                            0x08002216   Data         129  ctype_o.o(.constdata)
    AHBPrescTable                            0x0800231c   Data          16  system_stm32f0xx.o(.rodata.AHBPrescTable)
    APBPrescTable                            0x0800232c   Data           8  system_stm32f0xx.o(.rodata.APBPrescTable)
    Region$$Table$$Base                      0x0800240c   Number         0  anon$$obj.o(Region$$Table)
    Region$$Table$$Limit                     0x0800242c   Number         0  anon$$obj.o(Region$$Table)
    uwTickFreq                               0x20000004   Data           1  stm32f0xx_hal.o(.data..L_MergedGlobals)
    uwTickPrio                               0x20000008   Data           4  stm32f0xx_hal.o(.data..L_MergedGlobals)
    SystemCoreClock                          0x2000000c   Data           4  system_stm32f0xx.o(.data.SystemCoreClock)
    huart1                                   0x2000002c   Data         132  sim808.o(.bss.huart1)
    huart2                                   0x200000b0   Data         132  sim808.o(.bss.huart2)
    sim                                      0x20000134   Data          32  main.o(.bss.sim)
    uwTick                                   0x20000254   Data           4  stm32f0xx_hal.o(.bss.uwTick)
    __initial_sp                             0x20000658   Data           0  startup_stm32f051x8.o(STACK)



==============================================================================

Memory Map of the image

  Image Entry point : 0x080000bd

  Load Region LR_IROM1 (Base: 0x08000000, Size: 0x00002458, Max: 0x00010000, ABSOLUTE)

    Execution Region ER_IROM1 (Exec base: 0x08000000, Load base: 0x08000000, Size: 0x0000242c, Max: 0x00010000, ABSOLUTE)

    Exec Addr    Load Addr    Size         Type   Attr      Idx    E Section Name        Object

    0x08000000   0x08000000   0x000000bc   Data   RO            3    RESET               startup_stm32f051x8.o
    0x080000bc   0x080000bc   0x00000000   Code   RO          835  * .ARM.Collect$$$$00000000  mc_p.l(entry.o)
    0x080000bc   0x080000bc   0x00000004   Code   RO          858    .ARM.Collect$$$$00000001  mc_p.l(entry2.o)
    0x080000c0   0x080000c0   0x00000004   Code   RO          861    .ARM.Collect$$$$00000004  mc_p.l(entry5.o)
    0x080000c4   0x080000c4   0x00000000   Code   RO          863    .ARM.Collect$$$$00000008  mc_p.l(entry7b.o)
    0x080000c4   0x080000c4   0x00000000   Code   RO          865    .ARM.Collect$$$$0000000A  mc_p.l(entry8b.o)
    0x080000c4   0x080000c4   0x00000008   Code   RO          866    .ARM.Collect$$$$0000000B  mc_p.l(entry9a.o)
    0x080000cc   0x080000cc   0x00000000   Code   RO          868    .ARM.Collect$$$$0000000D  mc_p.l(entry10a.o)
    0x080000cc   0x080000cc   0x00000000   Code   RO          870    .ARM.Collect$$$$0000000F  mc_p.l(entry11a.o)
    0x080000cc   0x080000cc   0x00000004   Code   RO          859    .ARM.Collect$$$$00002712  mc_p.l(entry2.o)
    0x080000d0   0x080000d0   0x0000001c   Code   RO            4    .text               startup_stm32f051x8.o
    0x080000ec   0x080000ec   0x00000024   Code   RO          844    .text               mc_p.l(memcpya.o)
    0x08000110   0x08000110   0x00000024   Code   RO          846    .text               mc_p.l(memseta.o)
    0x08000134   0x08000134   0x00000018   Code   RO          848    .text               mc_p.l(strcat.o)
    0x0800014c   0x0800014c   0x00000028   Code   RO          850    .text               mc_p.l(strstr.o)
    0x08000174   0x08000174   0x0000000e   Code   RO          852    .text               mc_p.l(strlen.o)
    0x08000182   0x08000182   0x0000001a   Code   RO          856    .text               mc_p.l(atoi.o)
    0x0800019c   0x0800019c   0x0000003e   Code   RO          874    .text               mc_p.l(uidiv_div0.o)
    0x080001da   0x080001da   0x00000002   PAD
    0x080001dc   0x080001dc   0x00000070   Code   RO          887    .text               mc_p.l(strtol.o)
    0x0800024c   0x0800024c   0x00000024   Code   RO          889    .text               mc_p.l(init.o)
    0x08000270   0x08000270   0x00000008   Code   RO          891    .text               mc_p.l(ctype_o.o)
    0x08000278   0x08000278   0x000000a6   Code   RO          919    .text               mc_p.l(_strtoul.o)
    0x0800031e   0x0800031e   0x0000001e   Code   RO          921    .text               mc_p.l(_chval.o)
    0x0800033c   0x0800033c   0x00000008   Code   RO           75    .text.Error_Handler  main.o
    0x08000344   0x08000344   0x0000003c   Code   RO          622    .text.HAL_DMA_Abort  stm32f0xx_hal_dma.o
    0x08000380   0x08000380   0x00000044   Code   RO          624    .text.HAL_DMA_Abort_IT  stm32f0xx_hal_dma.o
    0x080003c4   0x080003c4   0x00000020   Code   RO          367    .text.HAL_Delay     stm32f0xx_hal.o
    0x080003e4   0x080003e4   0x00000194   Code   RO          588    .text.HAL_GPIO_Init  stm32f0xx_hal_gpio.o
    0x08000578   0x08000578   0x0000000a   Code   RO          592    .text.HAL_GPIO_ReadPin  stm32f0xx_hal_gpio.o
    0x08000582   0x08000582   0x0000000e   Code   RO          594    .text.HAL_GPIO_WritePin  stm32f0xx_hal_gpio.o
    0x08000590   0x08000590   0x00000008   Code   RO          359    .text.HAL_GetTick   stm32f0xx_hal.o
    0x08000598   0x08000598   0x00000014   Code   RO          357    .text.HAL_IncTick   stm32f0xx_hal.o
    0x080005ac   0x080005ac   0x0000001c   Code   RO          347    .text.HAL_Init      stm32f0xx_hal.o
    0x080005c8   0x080005c8   0x00000040   Code   RO          349    .text.HAL_InitTick  stm32f0xx_hal.o
    0x08000608   0x08000608   0x0000002c   Code   RO           32    .text.HAL_MspInit   stm32f0xx_hal_msp.o
    0x08000634   0x08000634   0x00000018   Code   RO          650    .text.HAL_NVIC_EnableIRQ  stm32f0xx_hal_cortex.o
    0x0800064c   0x0800064c   0x00000008   Code   RO          646    .text.HAL_NVIC_SetPriority  stm32f0xx_hal_cortex.o
    0x08000654   0x08000654   0x00000108   Code   RO          333    .text.HAL_RCCEx_PeriphCLKConfig  stm32f0xx_hal_rcc_ex.o
    0x0800075c   0x0800075c   0x00000104   Code   RO          303    .text.HAL_RCC_ClockConfig  stm32f0xx_hal_rcc.o
    0x08000860   0x08000860   0x0000001c   Code   RO          315    .text.HAL_RCC_GetPCLK1Freq  stm32f0xx_hal_rcc.o
    0x0800087c   0x0800087c   0x00000064   Code   RO          305    .text.HAL_RCC_GetSysClockFreq  stm32f0xx_hal_rcc.o
    0x080008e0   0x080008e0   0x000003dc   Code   RO          301    .text.HAL_RCC_OscConfig  stm32f0xx_hal_rcc.o
    0x08000cbc   0x08000cbc   0x00000034   Code   RO          658    .text.HAL_SYSTICK_Config  stm32f0xx_hal_cortex.o
    0x08000cf0   0x08000cf0   0x00000002   Code   RO          225    .text.HAL_UARTEx_RxEventCallback  stm32f0xx_hal_uart.o
    0x08000cf2   0x08000cf2   0x00000002   Code   RO          275    .text.HAL_UARTEx_WakeupCallback  stm32f0xx_hal_uart_ex.o
    0x08000cf4   0x08000cf4   0x00000002   Code   RO          223    .text.HAL_UART_ErrorCallback  stm32f0xx_hal_uart.o
    0x08000cf6   0x08000cf6   0x00000002   PAD
    0x08000cf8   0x08000cf8   0x000002b0   Code   RO          219    .text.HAL_UART_IRQHandler  stm32f0xx_hal_uart.o
    0x08000fa8   0x08000fa8   0x0000006a   Code   RO          135    .text.HAL_UART_Init  stm32f0xx_hal_uart.o
    0x08001012   0x08001012   0x00000002   PAD
    0x08001014   0x08001014   0x000000a8   Code   RO           34    .text.HAL_UART_MspInit  stm32f0xx_hal_msp.o
    0x080010bc   0x080010bc   0x0000006a   Code   RO          167    .text.HAL_UART_Receive_IT  stm32f0xx_hal_uart.o
    0x08001126   0x08001126   0x00000002   PAD
    0x08001128   0x08001128   0x00000038   Code   RO           54    .text.HAL_UART_RxCpltCallback  sim808.o
    0x08001160   0x08001160   0x000000ec   Code   RO          155    .text.HAL_UART_Transmit  stm32f0xx_hal_uart.o
    0x0800124c   0x0800124c   0x00000002   Code   RO          227    .text.HAL_UART_TxCpltCallback  stm32f0xx_hal_uart.o
    0x0800124e   0x0800124e   0x00000002   PAD
    0x08001250   0x08001250   0x00000010   Code   RO           13    .text.HardFault_Handler  stm32f0xx_it.o
    0x08001260   0x08001260   0x00000002   Code   RO           11    .text.NMI_Handler   stm32f0xx_it.o
    0x08001262   0x08001262   0x00000002   Code   RO           17    .text.PendSV_Handler  stm32f0xx_it.o
    0x08001264   0x08001264   0x00000002   Code   RO           15    .text.SVC_Handler   stm32f0xx_it.o
    0x08001266   0x08001266   0x00000008   Code   RO           19    .text.SysTick_Handler  stm32f0xx_it.o
    0x0800126e   0x0800126e   0x0000006c   Code   RO           73    .text.SystemClock_Config  main.o
    0x080012da   0x080012da   0x00000002   Code   RO          821    .text.SystemInit    system_stm32f0xx.o
    0x080012dc   0x080012dc   0x000000b8   Code   RO          141    .text.UART_AdvFeatureConfig  stm32f0xx_hal_uart.o
    0x08001394   0x08001394   0x00000068   Code   RO          143    .text.UART_CheckIdleState  stm32f0xx_hal_uart.o
    0x080013fc   0x080013fc   0x00000016   Code   RO          221    .text.UART_DMAAbortOnError  stm32f0xx_hal_uart.o
    0x08001412   0x08001412   0x00000058   Code   RO          191    .text.UART_EndRxTransfer  stm32f0xx_hal_uart.o
    0x0800146a   0x0800146a   0x000000a2   Code   RO          257    .text.UART_RxISR_16BIT  stm32f0xx_hal_uart.o
    0x0800150c   0x0800150c   0x000000a4   Code   RO          259    .text.UART_RxISR_8BIT  stm32f0xx_hal_uart.o
    0x080015b0   0x080015b0   0x0000011c   Code   RO          139    .text.UART_SetConfig  stm32f0xx_hal_uart.o
    0x080016cc   0x080016cc   0x00000098   Code   RO          169    .text.UART_Start_Receive_IT  stm32f0xx_hal_uart.o
    0x08001764   0x08001764   0x000000cc   Code   RO          157    .text.UART_WaitOnFlagUntilTimeout  stm32f0xx_hal_uart.o
    0x08001830   0x08001830   0x0000000c   Code   RO           21    .text.USART1_IRQHandler  stm32f0xx_it.o
    0x0800183c   0x0800183c   0x0000000c   Code   RO           23    .text.USART2_IRQHandler  stm32f0xx_it.o
    0x08001848   0x08001848   0x00000040   Code   RO          648    .text.__NVIC_SetPriority  stm32f0xx_hal_cortex.o
    0x08001888   0x08001888   0x00000100   Code   RO           71    .text.main          main.o
    0x08001988   0x08001988   0x0000005c   Code   RO           50    .text.send_cmd      sim808.o
    0x080019e4   0x080019e4   0x00000024   Code   RO           46    .text.send_debug    sim808.o
    0x08001a08   0x08001a08   0x00000034   Code   RO           48    .text.send_serial   sim808.o
    0x08001a3c   0x08001a3c   0x00000348   Code   RO          102    .text.sim_enable_gprs  network_functions.o
    0x08001d84   0x08001d84   0x0000005c   Code   RO           52    .text.sim_get_cmd_reply  sim808.o
    0x08001de0   0x08001de0   0x00000060   Code   RO           87    .text.sim_gps_enable  gps.o
    0x08001e40   0x08001e40   0x0000015c   Code   RO           56    .text.sim_init      sim808.o
    0x08001f9c   0x08001f9c   0x00000054   Code   RO          100    .text.sim_insert_PIN  network_functions.o
    0x08001ff0   0x08001ff0   0x00000200   Code   RO          104    .text.sim_tcp_send  network_functions.o
    0x080021f0   0x080021f0   0x00000008   Code   RO          880    i.__aeabi_errno_addr  mc_p.l(errno.o)
    0x080021f8   0x080021f8   0x0000000e   Code   RO          925    i.__scatterload_copy  mc_p.l(handlers.o)
    0x08002206   0x08002206   0x00000002   Code   RO          926    i.__scatterload_null  mc_p.l(handlers.o)
    0x08002208   0x08002208   0x0000000e   Code   RO          927    i.__scatterload_zeroinit  mc_p.l(handlers.o)
    0x08002216   0x08002216   0x00000081   Data   RO          892    .constdata          mc_p.l(ctype_o.o)
    0x08002297   0x08002297   0x00000001   PAD
    0x08002298   0x08002298   0x00000004   Data   RO          893    .constdata          mc_p.l(ctype_o.o)
    0x0800229c   0x0800229c   0x00000080   Data   RO          123    .rodata..L__const.sim_tcp_send.tcp_connect_cmd  network_functions.o
    0x0800231c   0x0800231c   0x00000010   Data   RO          826    .rodata.AHBPrescTable  system_stm32f0xx.o
    0x0800232c   0x0800232c   0x00000008   Data   RO          827    .rodata.APBPrescTable  system_stm32f0xx.o
    0x08002334   0x08002334   0x0000000a   Data   RO          109    .rodata.sim_enable_gprs.PIN_status_cmd  network_functions.o
    0x0800233e   0x0800233e   0x0000000c   Data   RO          108    .rodata.sim_enable_gprs.SIM_detect_cmd  network_functions.o
    0x0800234a   0x0800234a   0x0000000a   Data   RO          120    .rodata.sim_enable_gprs.activate_PDP_context_cmd  network_functions.o
    0x08002354   0x08002354   0x0000000a   Data   RO          118    .rodata.sim_enable_gprs.check_PDP_context_cmd  network_functions.o
    0x0800235e   0x0800235e   0x0000000e   Data   RO          115    .rodata.sim_enable_gprs.check_gprs_state_cmd  network_functions.o
    0x0800236c   0x0800236c   0x0000000b   Data   RO          113    .rodata.sim_enable_gprs.check_grps_attach_cmd  network_functions.o
    0x08002377   0x08002377   0x0000000a   Data   RO          111    .rodata.sim_enable_gprs.check_registration_cmd  network_functions.o
    0x08002381   0x08002381   0x00000008   Data   RO          110    .rodata.sim_enable_gprs.check_signal_cmd  network_functions.o
    0x08002389   0x08002389   0x0000000b   Data   RO          107    .rodata.sim_enable_gprs.enable_phone_function_cmd  network_functions.o
    0x08002394   0x08002394   0x0000000a   Data   RO          121    .rodata.sim_enable_gprs.get_IP_address_cmd  network_functions.o
    0x0800239e   0x0800239e   0x0000000c   Data   RO          114    .rodata.sim_enable_gprs.grps_attach_cmd  network_functions.o
    0x080023aa   0x080023aa   0x0000000a   Data   RO          106    .rodata.sim_enable_gprs.phone_status_check_cmd  network_functions.o
    0x080023b4   0x080023b4   0x0000000b   Data   RO          112    .rodata.sim_enable_gprs.register_ME_cmd  network_functions.o
    0x080023bf   0x080023bf   0x0000000c   Data   RO          116    .rodata.sim_enable_gprs.reset_PDP_cmd  network_functions.o
    0x080023cb   0x080023cb   0x0000000e   Data   RO          122    .rodata.sim_tcp_send.get_tcp_status_cmd  network_functions.o
    0x080023d9   0x080023d9   0x0000000d   Data   RO          124    .rodata.sim_tcp_send.tcp_disconnect_cmd  network_functions.o
    0x080023e6   0x080023e6   0x00000007   Data   RO           61    .rodata.str1.1      sim808.o
    0x080023ed   0x080023ed   0x0000001e   Data   RO          117    .rodata.str1.1      network_functions.o
    0x0800240b   0x0800240b   0x00000001   PAD
    0x0800240c   0x0800240c   0x00000020   Data   RO          924    Region$$Table       anon$$obj.o


    Execution Region RW_IRAM1 (Exec base: 0x20000000, Load base: 0x08002430, Size: 0x00000658, Max: 0x00002000, ABSOLUTE)

    Exec Addr    Load Addr    Size         Type   Attr      Idx    E Section Name        Object

    0x20000000   0x08002430   0x00000004   Data   RW          883    .data               mc_p.l(errno.o)
    0x20000004   0x08002434   0x00000008   Data   RW          394    .data..L_MergedGlobals  stm32f0xx_hal.o
    0x2000000c   0x0800243c   0x00000004   Data   RW          825    .data.SystemCoreClock  system_stm32f0xx.o
    0x20000010   0x08002440   0x00000014   Data   RW          119    .data.sim_enable_gprs.define_PDP_context_cmd  network_functions.o
    0x20000024   0x08002454   0x00000004   PAD
    0x20000028        -       0x00000002   Zero   RW           62    .bss..L_MergedGlobals  sim808.o
    0x2000002a   0x08002454   0x00000002   PAD
    0x2000002c        -       0x00000084   Zero   RW           59    .bss.huart1         sim808.o
    0x200000b0        -       0x00000084   Zero   RW           58    .bss.huart2         sim808.o
    0x20000134        -       0x00000020   Zero   RW           77    .bss.sim            main.o
    0x20000154        -       0x00000100   Zero   RW           60    .bss.sim_rx_buffer  sim808.o
    0x20000254        -       0x00000004   Zero   RW          393    .bss.uwTick         stm32f0xx_hal.o
    0x20000258        -       0x00000400   Zero   RW            1    STACK               startup_stm32f051x8.o


==============================================================================

Image component sizes


      Code (inc. data)   RO Data    RW Data    ZI Data      Debug   Object Name

        96         32          0          0          0       1345   gps.o
       372         64          0          0         32       4017   main.o
      1436        336        336         20          0       3902   network_functions.o
       676         92          7          0        522       6140   sim808.o
        28          8        188          0       1024        624   startup_stm32f051x8.o
       152          8          0          8          4       5343   stm32f0xx_hal.o
       148         24          0          0          0       5656   stm32f0xx_hal_cortex.o
       128          0          0          0          0       7467   stm32f0xx_hal_dma.o
       428         20          0          0          0       4858   stm32f0xx_hal_gpio.o
       212         12          0          0          0       5338   stm32f0xx_hal_msp.o
      1376         76          0          0          0       7126   stm32f0xx_hal_rcc.o
       264         12          0          0          0       3204   stm32f0xx_hal_rcc_ex.o
      2506         92          0          0          0      36402   stm32f0xx_hal_uart.o
         2          0          0          0          0       8695   stm32f0xx_hal_uart_ex.o
        54          4          0          0          0       1844   stm32f0xx_it.o
         2          0         24          4          0       1814   system_stm32f0xx.o

    ----------------------------------------------------------------------
      7888        780        588         32       1588     103775   Object Totals
         0          0         32          0          0          0   (incl. Generated)
         8          0          1          0          6          0   (incl. Padding)

    ----------------------------------------------------------------------

      Code (inc. data)   RO Data    RW Data    ZI Data      Debug   Library Member Name

        30          0          0          0          0         60   _chval.o
       166          0          0          0          0         84   _strtoul.o
        26          0          0          0          0         72   atoi.o
         8          4        133          0          0         60   ctype_o.o
         0          0          0          0          0          0   entry.o
         0          0          0          0          0          0   entry10a.o
         0          0          0          0          0          0   entry11a.o
         8          4          0          0          0          0   entry2.o
         4          0          0          0          0          0   entry5.o
         0          0          0          0          0          0   entry7b.o
         0          0          0          0          0          0   entry8b.o
         8          4          0          0          0          0   entry9a.o
         8          4          0          4          0         60   errno.o
        30          0          0          0          0          0   handlers.o
        36          8          0          0          0         68   init.o
        36          0          0          0          0         60   memcpya.o
        36          0          0          0          0        100   memseta.o
        24          0          0          0          0         60   strcat.o
        14          0          0          0          0         60   strlen.o
        40          0          0          0          0         72   strstr.o
       112          4          0          0          0         76   strtol.o
        62          0          0          0          0         72   uidiv_div0.o

    ----------------------------------------------------------------------
       650         28        134          4          0        904   Library Totals
         2          0          1          0          0          0   (incl. Padding)

    ----------------------------------------------------------------------

      Code (inc. data)   RO Data    RW Data    ZI Data      Debug   Library Name

       648         28        133          4          0        904   mc_p.l

    ----------------------------------------------------------------------
       650         28        134          4          0        904   Library Totals

    ----------------------------------------------------------------------

==============================================================================


      Code (inc. data)   RO Data    RW Data    ZI Data      Debug   

      8538        808        722         36       1588     104199   Grand Totals
      8538        808        722         36       1588     104199   ELF Image Totals
      8538        808        722         36          0          0   ROM Totals

==============================================================================

    Total RO  Size (Code + RO Data)                 9260 (   9.04kB)
    Total RW  Size (RW Data + ZI Data)              1624 (   1.59kB)
    Total ROM Size (Code + RO Data + RW Data)       9296 (   9.08kB)

==============================================================================

